<html>
<body>
<pre>
<h1>�Vision Build Log</h1>
<h2>Tool Versions:</h2>
IDE-Version: �Vision V5.37.0.0
Copyright (C) 2022 ARM Ltd and ARM Germany GmbH. All rights reserved.
License Information: s s, s, LIC=----
 
Tool Versions:
Toolchain:       MDK-Lite  Version: 5.37.0.0
Toolchain Path:  C:\Keil_v5\ARM\ARMCLANG\Bin
C Compiler:      ArmClang.exe V6.18
Assembler:       Armasm.exe V6.18
Linker/Locator:  ArmLink.exe V6.18
Library Manager: ArmAr.exe V6.18
Hex Converter:   FromElf.exe V6.18
CPU DLL:         SARMCM3.DLL V5.37.0.0
Dialog DLL:      DARMCM1.DLL V1.19.6.0
Target DLL:      UL2CM3.DLL V1.164.7.0
Dialog DLL:      TARMCM1.DLL V1.14.6.0
 
<h2>Project:</h2>
D:\Gorlov\NIR\NIR.uvprojx
Project File Date:  03/07/2023

<h2>Output:</h2>
*** Using Compiler 'V6.18', folder: 'C:\Keil_v5\ARM\ARMCLANG\Bin'
Rebuild target 'Target 1'
main.c(1): warning: In file included from...
./ADC.h(5): warning: In file included from...
C:/Users/shishov/AppData/Local/Arm/Packs/Keil/MDR1986BExx/1.5/Libraries/MDR1986BE4_StdPeriph_Driver/inc\MDR32F9Qx_adc.h(10): warning: In file included from...
C:/Users/shishov/AppData/Local/Arm/Packs/Keil/MDR1986BExx/1.5/Config\MDR32F9Qx_config.h(46): warning: '__CC_ARM' is not defined, evaluates to 0 [-Wundef]
#if ((__CC_ARM == 0) || (__ARMCC_VERSION < 5000000))
      ^
main.c(1): warning: In file included from...
./ADC.h(5): warning: In file included from...
C:/Users/shishov/AppData/Local/Arm/Packs/Keil/MDR1986BExx/1.5/Libraries/MDR1986BE4_StdPeriph_Driver/inc\MDR32F9Qx_adc.h(10): warning: In file included from...
C:/Users/shishov/AppData/Local/Arm/Packs/Keil/MDR1986BExx/1.5/Config\MDR32F9Qx_config.h(47): warning: In file included from...
C:/Users/shishov/AppData/Local/Arm/Packs/Keil/MDR1986BExx/1.5/Config/MDR32F9Qx_board.h(28): warning: 'USE_MDR1986BE4' macro redefined [-Wmacro-redefined]
#define USE_MDR1986BE4
        ^
<command line>(4): note: previous definition is here
#define USE_MDR1986BE4 1
        ^
main.c(1): warning: In file included from...
./ADC.h(24): warning: no newline at end of file [-Wnewline-eof]
#endif /*__ADC_H */
                   ^
main.c(2): warning: In file included from...
./TIMER.h(16): warning: no newline at end of file [-Wnewline-eof]
#endif /*__TIMER_H */
                     ^
main.c(4): warning: In file included from...
./PORTS.h(9): warning: no newline at end of file [-Wnewline-eof]
#endif /*__PORTS_H */
                     ^
main.c(5): warning: In file included from...
./DATA_INTERFACE.h(20): warning: no newline at end of file [-Wnewline-eof]
#endif /*__DATA_INTERFACE_H */
                              ^
6 warnings generated.
compiling main.c...
TIMER.c(1): warning: In file included from...
./TIMER.h(5): warning: In file included from...
C:/Users/shishov/AppData/Local/Arm/Packs/Keil/MDR1986BExx/1.5/Libraries/MDR1986BE4_StdPeriph_Driver/inc\MDR32F9Qx_port.h(10): warning: In file included from...
C:/Users/shishov/AppData/Local/Arm/Packs/Keil/MDR1986BExx/1.5/Config\MDR32F9Qx_config.h(46): warning: '__CC_ARM' is not defined, evaluates to 0 [-Wundef]
#if ((__CC_ARM == 0) || (__ARMCC_VERSION < 5000000))
      ^
TIMER.c(1): warning: In file included from...
./TIMER.h(5): warning: In file included from...
C:/Users/shishov/AppData/Local/Arm/Packs/Keil/MDR1986BExx/1.5/Libraries/MDR1986BE4_StdPeriph_Driver/inc\MDR32F9Qx_port.h(10): warning: In file included from...
C:/Users/shishov/AppData/Local/Arm/Packs/Keil/MDR1986BExx/1.5/Config\MDR32F9Qx_config.h(47): warning: In file included from...
C:/Users/shishov/AppData/Local/Arm/Packs/Keil/MDR1986BExx/1.5/Config/MDR32F9Qx_board.h(28): warning: 'USE_MDR1986BE4' macro redefined [-Wmacro-redefined]
#define USE_MDR1986BE4
        ^
<command line>(4): note: previous definition is here
#define USE_MDR1986BE4 1
        ^
TIMER.c(1): warning: In file included from...
./TIMER.h(9): warning: In file included from...
./ADC.h(24): warning: no newline at end of file [-Wnewline-eof]
#endif /*__ADC_H */
                   ^
TIMER.c(1): warning: In file included from...
./TIMER.h(16): warning: no newline at end of file [-Wnewline-eof]
#endif /*__TIMER_H */
                     ^
TIMER.c(57): warning: implicit declaration of function 'send_data' is invalid in C99 [-Wimplicit-function-declaration]
        send_data(0x1, 0x1, 0x2, 0x2, 0x1, data, sizeof(data)/sizeof(data[0])-1, 1);
        ^
TIMER.c(4): warning: no previous extern declaration for non-static variable 'TIMERInitStruct' [-Wmissing-variable-declarations]
TIMER_CntInitTypeDef TIMERInitStruct;
                     ^
TIMER.c(4): note: declare 'static' if the variable is not intended to be used outside of this translation unit
TIMER_CntInitTypeDef TIMERInitStruct;
^
TIMER.c(5): warning: no previous extern declaration for non-static variable 'sTIM_ChnInit' [-Wmissing-variable-declarations]
TIMER_ChnInitTypeDef sTIM_ChnInit;
                     ^
TIMER.c(5): note: declare 'static' if the variable is not intended to be used outside of this translation unit
TIMER_ChnInitTypeDef sTIM_ChnInit;
^
TIMER.c(6): warning: no previous extern declaration for non-static variable 'sTIM_ChnOutInit' [-Wmissing-variable-declarations]
TIMER_ChnOutInitTypeDef sTIM_ChnOutInit;
                        ^
TIMER.c(6): note: declare 'static' if the variable is not intended to be used outside of this translation unit
TIMER_ChnOutInitTypeDef sTIM_ChnOutInit;
^
8 warnings generated.
compiling TIMER.c...
ADC.c(1): warning: In file included from...
./ADC.h(5): warning: In file included from...
C:/Users/shishov/AppData/Local/Arm/Packs/Keil/MDR1986BExx/1.5/Libraries/MDR1986BE4_StdPeriph_Driver/inc\MDR32F9Qx_adc.h(10): warning: In file included from...
C:/Users/shishov/AppData/Local/Arm/Packs/Keil/MDR1986BExx/1.5/Config\MDR32F9Qx_config.h(46): warning: '__CC_ARM' is not defined, evaluates to 0 [-Wundef]
#if ((__CC_ARM == 0) || (__ARMCC_VERSION < 5000000))
      ^
ADC.c(1): warning: In file included from...
./ADC.h(5): warning: In file included from...
C:/Users/shishov/AppData/Local/Arm/Packs/Keil/MDR1986BExx/1.5/Libraries/MDR1986BE4_StdPeriph_Driver/inc\MDR32F9Qx_adc.h(10): warning: In file included from...
C:/Users/shishov/AppData/Local/Arm/Packs/Keil/MDR1986BExx/1.5/Config\MDR32F9Qx_config.h(47): warning: In file included from...
C:/Users/shishov/AppData/Local/Arm/Packs/Keil/MDR1986BExx/1.5/Config/MDR32F9Qx_board.h(28): warning: 'USE_MDR1986BE4' macro redefined [-Wmacro-redefined]
#define USE_MDR1986BE4
        ^
<command line>(4): note: previous definition is here
#define USE_MDR1986BE4 1
        ^
ADC.c(1): warning: In file included from...
./ADC.h(24): warning: no newline at end of file [-Wnewline-eof]
#endif /*__ADC_H */
                   ^
ADC.c(66): warning: implicitly declaring library function 'sprintf' with type 'int (char *, const char *, ...)' [-Wimplicit-function-declaration]
                        sprintf(V, "%.4f\t", averaging(U));
                        ^
ADC.c(66): note: include the header <stdio.h> or explicitly provide a declaration for 'sprintf'
ADC.c(66): warning: implicit conversion increases floating-point precision: 'float' to 'double' [-Wdouble-promotion]
                        sprintf(V, "%.4f\t", averaging(U));
                        ~~~~~~~              ^~~~~~~~~~~~
ADC.c(79): warning: implicit conversion increases floating-point precision: 'float' to 'double' [-Wdouble-promotion]
                        sprintf(V, "%.4f\t", averaging(U));
                        ~~~~~~~              ^~~~~~~~~~~~
ADC.c(92): warning: implicit conversion increases floating-point precision: 'float' to 'double' [-Wdouble-promotion]
                        sprintf(V, "%.4f\t", averaging(U));
                        ~~~~~~~              ^~~~~~~~~~~~
ADC.c(105): warning: implicit conversion increases floating-point precision: 'float' to 'double' [-Wdouble-promotion]
                        sprintf(V, "%.4f\t", averaging(U));
                        ~~~~~~~              ^~~~~~~~~~~~
ADC.c(118): warning: implicit conversion increases floating-point precision: 'float' to 'double' [-Wdouble-promotion]
                        sprintf(V, "%.4f\t", averaging(U));
                        ~~~~~~~              ^~~~~~~~~~~~
ADC.c(131): warning: implicit conversion increases floating-point precision: 'float' to 'double' [-Wdouble-promotion]
                        sprintf(V, "%.4f\t", averaging(U));
                        ~~~~~~~              ^~~~~~~~~~~~
ADC.c(144): warning: implicit conversion increases floating-point precision: 'float' to 'double' [-Wdouble-promotion]
                        sprintf(V, "%.4f\t", averaging(U));
                        ~~~~~~~              ^~~~~~~~~~~~
ADC.c(157): warning: implicit conversion increases floating-point precision: 'float' to 'double' [-Wdouble-promotion]
                        sprintf(V, "%.4f\t", averaging(U));
                        ~~~~~~~              ^~~~~~~~~~~~
ADC.c(192): warning: no newline at end of file [-Wnewline-eof]
}*/
   ^
ADC.c(169): warning: variable 'result' is uninitialized when used here [-Wuninitialized]
                result += U[i];
                ^~~~~~
ADC.c(166): note: initialize the variable 'result' to silence this warning
        float result;
                    ^
                     = 0.0
ADC.c(4): warning: no previous extern declaration for non-static variable 'ADC3' [-Wmissing-variable-declarations]
ADCx_InitTypeDef ADC3;
                 ^
ADC.c(4): note: declare 'static' if the variable is not intended to be used outside of this translation unit
ADCx_InitTypeDef ADC3;
^
ADC.c(6): warning: no previous extern declaration for non-static variable 'ADC' [-Wmissing-variable-declarations]
ADC_InitTypeDef ADC;
                ^
ADC.c(6): note: declare 'static' if the variable is not intended to be used outside of this translation unit
ADC_InitTypeDef ADC;
^
16 warnings generated.
compiling ADC.c...
UART.c(1): warning: In file included from...
./UART.h(5): warning: In file included from...
C:/Users/shishov/AppData/Local/Arm/Packs/Keil/MDR1986BExx/1.5/Libraries/MDR1986BE4_StdPeriph_Driver/inc\MDR32F9Qx_uart.h(10): warning: In file included from...
C:/Users/shishov/AppData/Local/Arm/Packs/Keil/MDR1986BExx/1.5/Config\MDR32F9Qx_config.h(46): warning: '__CC_ARM' is not defined, evaluates to 0 [-Wundef]
#if ((__CC_ARM == 0) || (__ARMCC_VERSION < 5000000))
      ^
UART.c(1): warning: In file included from...
./UART.h(5): warning: In file included from...
C:/Users/shishov/AppData/Local/Arm/Packs/Keil/MDR1986BExx/1.5/Libraries/MDR1986BE4_StdPeriph_Driver/inc\MDR32F9Qx_uart.h(10): warning: In file included from...
C:/Users/shishov/AppData/Local/Arm/Packs/Keil/MDR1986BExx/1.5/Config\MDR32F9Qx_config.h(47): warning: In file included from...
C:/Users/shishov/AppData/Local/Arm/Packs/Keil/MDR1986BExx/1.5/Config/MDR32F9Qx_board.h(28): warning: 'USE_MDR1986BE4' macro redefined [-Wmacro-redefined]
#define USE_MDR1986BE4
        ^
<command line>(4): note: previous definition is here
#define USE_MDR1986BE4 1
        ^
UART.c(1): warning: In file included from...
./UART.h(5): warning: In file included from...
C:/Users/shishov/AppData/Local/Arm/Packs/Keil/MDR1986BExx/1.5/Libraries/MDR1986BE4_StdPeriph_Driver/inc\MDR32F9Qx_uart.h(31): warning: padding size of 'UART_InitTypeDef' with 2 bytes to alignment boundary [-Wpadded]
typedef struct
        ^
UART.c(8): warning: mixing declarations and code is incompatible with standards before C99 [-Wdeclaration-after-statement]
UART_InitTypeDef UART_InitStructure;
                 ^
UART.c(38): warning: no newline at end of file [-Wnewline-eof]
}
 ^
UART.c(33): warning: comparison of integers of different signs: 'int' and 'unsigned int' [-Wsign-compare]
        for (int i = 0; i < strlen(data); i++)
                        ~ ^ ~~~~~~~~~~~~
6 warnings generated.
compiling UART.c...
PORTS.c(1): warning: In file included from...
./PORTS.h(4): warning: In file included from...
C:/Users/shishov/AppData/Local/Arm/Packs/Keil/MDR1986BExx/1.5/Libraries/MDR1986BE4_StdPeriph_Driver/inc\MDR32F9Qx_port.h(10): warning: In file included from...
C:/Users/shishov/AppData/Local/Arm/Packs/Keil/MDR1986BExx/1.5/Config\MDR32F9Qx_config.h(46): warning: '__CC_ARM' is not defined, evaluates to 0 [-Wundef]
#if ((__CC_ARM == 0) || (__ARMCC_VERSION < 5000000))
      ^
PORTS.c(1): warning: In file included from...
./PORTS.h(4): warning: In file included from...
C:/Users/shishov/AppData/Local/Arm/Packs/Keil/MDR1986BExx/1.5/Libraries/MDR1986BE4_StdPeriph_Driver/inc\MDR32F9Qx_port.h(10): warning: In file included from...
C:/Users/shishov/AppData/Local/Arm/Packs/Keil/MDR1986BExx/1.5/Config\MDR32F9Qx_config.h(47): warning: In file included from...
C:/Users/shishov/AppData/Local/Arm/Packs/Keil/MDR1986BExx/1.5/Config/MDR32F9Qx_board.h(28): warning: 'USE_MDR1986BE4' macro redefined [-Wmacro-redefined]
#define USE_MDR1986BE4
        ^
<command line>(4): note: previous definition is here
#define USE_MDR1986BE4 1
        ^
PORTS.c(1): warning: In file included from...
./PORTS.h(9): warning: no newline at end of file [-Wnewline-eof]
#endif /*__PORTS_H */
                     ^
PORTS.c(1): warning: In file included from...
./PORTS.h(4): warning: In file included from...
C:/Users/shishov/AppData/Local/Arm/Packs/Keil/MDR1986BExx/1.5/Libraries/MDR1986BE4_StdPeriph_Driver/inc\MDR32F9Qx_port.h(156): warning: padding size of 'PORT_InitTypeDef' with 1 byte to alignment boundary [-Wpadded]
typedef struct
        ^
PORTS.c(81): warning: no newline at end of file [-Wnewline-eof]
}
 ^
PORTS.c(9): warning: mixing declarations and code is incompatible with standards before C99 [-Wdeclaration-after-statement]
PORT_InitTypeDef GPIO_init_struct;
                 ^
6 warnings generated.
compiling PORTS.c...
DATA_INTERFACE.c(1): warning: In file included from...
./DATA_INTERFACE.h(20): warning: no newline at end of file [-Wnewline-eof]
#endif /*__DATA_INTERFACE_H */
                              ^
DATA_INTERFACE.c(27): warning: implicit conversion loses integer precision: 'int' to 'uint8_t' (aka 'unsigned char') [-Wimplicit-int-conversion]
        address_receiver = (receiver_chassis_addr << 4) | receiver_mod_addr;
                         ~ ~~~~~~~~~~~~~~~~~~~~~~~~~~~~~^~~~~~~~~~~~~~~~~~~
DATA_INTERFACE.c(28): warning: implicit conversion loses integer precision: 'int' to 'uint8_t' (aka 'unsigned char') [-Wimplicit-int-conversion]
        address_sender = (sender_chassis_addr << 4) | sender_mod_addr;
                       ~ ~~~~~~~~~~~~~~~~~~~~~~~~~~~^~~~~~~~~~~~~~~~~
DATA_INTERFACE.c(39): warning: variable length array used [-Wvla]
        uint8_t buf[5 + data_size];//буффер для расчета контрольной суммы
                    ~~~~^~~~~~~~~
DATA_INTERFACE.c(49): warning: implicitly declaring library function 'strcat' with type 'char *(char *, const char *)' [-Wimplicit-function-declaration]
                strcat(data_in_bytes,array);
                ^
DATA_INTERFACE.c(49): note: include the header <string.h> or explicitly provide a declaration for 'strcat'
DATA_INTERFACE.c(49): warning: passing 'uint8_t[100]' (aka 'unsigned char[100]') to parameter of type 'char *' converts between pointers to integer types where one is of the unique plain 'char' type and the other is not [-Wpointer-sign]
                strcat(data_in_bytes,array);
                       ^~~~~~~~~~~~~
DATA_INTERFACE.c(53): warning: passing 'uint8_t[200]' (aka 'unsigned char[200]') to parameter of type 'char *' converts between pointers to integer types where one is of the unique plain 'char' type and the other is not [-Wpointer-sign]
        sprintf(DATA,"%x| %x| %x| %x %x| %x| %x| %s| %x %x %x %x| %x %x",header, address_receiver, address_sender, buf[1], buf[2], service_byte, cmd, data_in_bytes, (uint8_t)(checksum>>24), (uint8_t)(checksum>>16), (uint8_t)(checksum>>8), (uint8_t)checksum, (uint8_t)(end>>8), (uint8_t)end);
                ^~~~
C:\Keil_v5\ARM\ARMCLANG\Bin\..\include\stdio.h(417): note: passing argument to parameter here
extern _ARMABI int sprintf(char * __restrict /*s*/, const char * __restrict /*format*/, ...) __attribute__((__nonnull__(1,2)));
                                                  ^
DATA_INTERFACE.c(55): warning: passing 'uint8_t[200]' (aka 'unsigned char[200]') to parameter of type 'char *' converts between pointers to integer types where one is of the unique plain 'char' type and the other is not [-Wpointer-sign]
        strcat(DATA, "\r");
               ^~~~
DATA_INTERFACE.c(56): warning: implicit declaration of function 'UART_send_string' is invalid in C99 [-Wimplicit-function-declaration]
        UART_send_string(DATA);
        ^
DATA_INTERFACE.c(39): warning: mixing declarations and code is incompatible with standards before C99 [-Wdeclaration-after-statement]
        uint8_t buf[5 + data_size];//буффер для расчета контрольной суммы
                ^
DATA_INTERFACE.c(34): warning: variable 'service_byte' is used uninitialized whenever 'if' condition is false [-Wsometimes-uninitialized]
        else if (device == 1)
                 ^~~~~~~~~~~
DATA_INTERFACE.c(43): note: uninitialized use occurs here
        buf[3] = service_byte;
                 ^~~~~~~~~~~~
DATA_INTERFACE.c(34): note: remove the 'if' if its condition is always true
        else if (device == 1)
             ^~~~~~~~~~~~~~~~
DATA_INTERFACE.c(20): note: initialize the variable 'service_byte' to silence this warning
        uint8_t service_byte; //сервисный байт
                            ^
                             = '\0'
DATA_INTERFACE.c(71): warning: implicit conversion changes signedness: 'int' to 'uint_least32_t' (aka 'unsigned int') [-Wsign-conversion]
                crc = i;
                    ~ ^
DATA_INTERFACE.c(76): warning: empty expression statement has no effect; remove unnecessary ';' to silence this warning [-Wextra-semi-stmt]
        };
         ^
DATA_INTERFACE.c(84): warning: no newline at end of file [-Wnewline-eof]
}
 ^
14 warnings generated.
compiling DATA_INTERFACE.c...
assembling startup_MDR1986BE4.s...
RTE/Device/MDR1986BE4/system_MDR1986BE4.c(23): warning: In file included from...
C:/Users/shishov/AppData/Local/Arm/Packs/Keil/MDR1986BExx/1.5/Config\MDR32F9Qx_config.h(46): warning: '__CC_ARM' is not defined, evaluates to 0 [-Wundef]
#if ((__CC_ARM == 0) || (__ARMCC_VERSION < 5000000))
      ^
RTE/Device/MDR1986BE4/system_MDR1986BE4.c(23): warning: In file included from...
C:/Users/shishov/AppData/Local/Arm/Packs/Keil/MDR1986BExx/1.5/Config\MDR32F9Qx_config.h(47): warning: In file included from...
C:/Users/shishov/AppData/Local/Arm/Packs/Keil/MDR1986BExx/1.5/Config/MDR32F9Qx_board.h(28): warning: 'USE_MDR1986BE4' macro redefined [-Wmacro-redefined]
#define USE_MDR1986BE4
        ^
<command line>(4): note: previous definition is here
#define USE_MDR1986BE4 1
        ^
2 warnings generated.
compiling system_MDR1986BE4.c...
C:/Users/shishov/AppData/Local/Arm/Packs/Keil/MDR1986BExx/1.5/Libraries/MDR1986BE4_StdPeriph_Driver/src/MDR32F9Qx_port.c(6): warning: In file included from...
C:/Users/shishov/AppData/Local/Arm/Packs/Keil/MDR1986BExx/1.5/Config\MDR32F9Qx_config.h(46): warning: '__CC_ARM' is not defined, evaluates to 0 [-Wundef]
#if ((__CC_ARM == 0) || (__ARMCC_VERSION < 5000000))
      ^
C:/Users/shishov/AppData/Local/Arm/Packs/Keil/MDR1986BExx/1.5/Libraries/MDR1986BE4_StdPeriph_Driver/src/MDR32F9Qx_port.c(6): warning: In file included from...
C:/Users/shishov/AppData/Local/Arm/Packs/Keil/MDR1986BExx/1.5/Config\MDR32F9Qx_config.h(47): warning: In file included from...
C:/Users/shishov/AppData/Local/Arm/Packs/Keil/MDR1986BExx/1.5/Config/MDR32F9Qx_board.h(28): warning: 'USE_MDR1986BE4' macro redefined [-Wmacro-redefined]
#define USE_MDR1986BE4
        ^
<command line>(4): note: previous definition is here
#define USE_MDR1986BE4 1
        ^
C:/Users/shishov/AppData/Local/Arm/Packs/Keil/MDR1986BExx/1.5/Libraries/MDR1986BE4_StdPeriph_Driver/src/MDR32F9Qx_port.c(94): warning: implicit conversion changes signedness: 'int' to 'unsigned int' [-Wsign-conversion]
      tmpreg_OE     = (tmpreg_OE     & ~mask_s) | (PORT_InitStruct->PORT_OE        <<  pos);
                                                ~  ~~~~~~~~~~~~~~~~~~~~~~~~~~~~~~~~^~~~~~~
C:/Users/shishov/AppData/Local/Arm/Packs/Keil/MDR1986BExx/1.5/Libraries/MDR1986BE4_StdPeriph_Driver/src/MDR32F9Qx_port.c(95): warning: implicit conversion changes signedness: 'int' to 'unsigned int' [-Wsign-conversion]
      tmpreg_FUNC   = (tmpreg_FUNC   & ~mask_l) | (PORT_InitStruct->PORT_FUNC      << (pos*2));
                                                ~  ~~~~~~~~~~~~~~~~~~~~~~~~~~~~~~~~^~~~~~~~~~
C:/Users/shishov/AppData/Local/Arm/Packs/Keil/MDR1986BExx/1.5/Libraries/MDR1986BE4_StdPeriph_Driver/src/MDR32F9Qx_port.c(96): warning: implicit conversion changes signedness: 'int' to 'unsigned int' [-Wsign-conversion]
      tmpreg_ANALOG = (tmpreg_ANALOG & ~mask_s) | (PORT_InitStruct->PORT_MODE      <<  pos);
                                                ~  ~~~~~~~~~~~~~~~~~~~~~~~~~~~~~~~~^~~~~~~
C:/Users/shishov/AppData/Local/Arm/Packs/Keil/MDR1986BExx/1.5/Libraries/MDR1986BE4_StdPeriph_Driver/src/MDR32F9Qx_port.c(98): warning: implicit conversion changes signedness: 'int' to 'unsigned int' [-Wsign-conversion]
                                                | (PORT_InitStruct->PORT_PULL_DOWN <<  pos);
                                                ~  ~~~~~~~~~~~~~~~~~~~~~~~~~~~~~~~~^~~~~~~
C:/Users/shishov/AppData/Local/Arm/Packs/Keil/MDR1986BExx/1.5/Libraries/MDR1986BE4_StdPeriph_Driver/src/MDR32F9Qx_port.c(97): warning: implicit conversion changes signedness: 'int' to 'unsigned int' [-Wsign-conversion]
      tmpreg_PULL   = (tmpreg_PULL   & ~mask_d) | (PORT_InitStruct->PORT_PULL_UP   << (pos + 16))
                                                ~  ~~~~~~~~~~~~~~~~~~~~~~~~~~~~~~~~^~~~~~~~~~~~~
C:/Users/shishov/AppData/Local/Arm/Packs/Keil/MDR1986BExx/1.5/Libraries/MDR1986BE4_StdPeriph_Driver/src/MDR32F9Qx_port.c(100): warning: implicit conversion changes signedness: 'int' to 'unsigned int' [-Wsign-conversion]
                                                | (PORT_InitStruct->PORT_PD        <<  pos);
                                                ~  ~~~~~~~~~~~~~~~~~~~~~~~~~~~~~~~~^~~~~~~
C:/Users/shishov/AppData/Local/Arm/Packs/Keil/MDR1986BExx/1.5/Libraries/MDR1986BE4_StdPeriph_Driver/src/MDR32F9Qx_port.c(99): warning: implicit conversion changes signedness: 'int' to 'unsigned int' [-Wsign-conversion]
      tmpreg_PD     = (tmpreg_PD     & ~mask_d) | (PORT_InitStruct->PORT_PD_SHM    << (pos + 16))
                                                ~  ~~~~~~~~~~~~~~~~~~~~~~~~~~~~~~~~^~~~~~~~~~~~~
C:/Users/shishov/AppData/Local/Arm/Packs/Keil/MDR1986BExx/1.5/Libraries/MDR1986BE4_StdPeriph_Driver/src/MDR32F9Qx_port.c(101): warning: implicit conversion changes signedness: 'int' to 'unsigned int' [-Wsign-conversion]
      tmpreg_PWR    = (tmpreg_PWR    & ~mask_l) | (PORT_InitStruct->PORT_SPEED     << (pos*2));
                                                ~  ~~~~~~~~~~~~~~~~~~~~~~~~~~~~~~~~^~~~~~~~~~
C:/Users/shishov/AppData/Local/Arm/Packs/Keil/MDR1986BExx/1.5/Libraries/MDR1986BE4_StdPeriph_Driver/src/MDR32F9Qx_port.c(102): warning: implicit conversion changes signedness: 'int' to 'unsigned int' [-Wsign-conversion]
      tmpreg_GFEN   = (tmpreg_GFEN   & ~mask_s) | (PORT_InitStruct->PORT_GFEN      <<  pos);
                                                ~  ~~~~~~~~~~~~~~~~~~~~~~~~~~~~~~~~^~~~~~~
C:/Users/shishov/AppData/Local/Arm/Packs/Keil/MDR1986BExx/1.5/Libraries/MDR1986BE4_StdPeriph_Driver/src/MDR32F9Qx_port.c(7): warning: In file included from...
C:/Users/shishov/AppData/Local/Arm/Packs/Keil/MDR1986BExx/1.5/Libraries/MDR1986BE4_StdPeriph_Driver/inc\MDR32F9Qx_port.h(156): warning: padding size of 'PORT_InitTypeDef' with 1 byte to alignment boundary [-Wpadded]
typedef struct
        ^
12 warnings generated.
compiling MDR32F9Qx_port.c...
C:/Users/shishov/AppData/Local/Arm/Packs/Keil/MDR1986BExx/1.5/Libraries/MDR1986BE4_StdPeriph_Driver/src/MDR32F9Qx_adc.c(6): warning: In file included from...
C:/Users/shishov/AppData/Local/Arm/Packs/Keil/MDR1986BExx/1.5/Config\MDR32F9Qx_config.h(46): warning: '__CC_ARM' is not defined, evaluates to 0 [-Wundef]
#if ((__CC_ARM == 0) || (__ARMCC_VERSION < 5000000))
      ^
C:/Users/shishov/AppData/Local/Arm/Packs/Keil/MDR1986BExx/1.5/Libraries/MDR1986BE4_StdPeriph_Driver/src/MDR32F9Qx_adc.c(6): warning: In file included from...
C:/Users/shishov/AppData/Local/Arm/Packs/Keil/MDR1986BExx/1.5/Config\MDR32F9Qx_config.h(47): warning: In file included from...
C:/Users/shishov/AppData/Local/Arm/Packs/Keil/MDR1986BExx/1.5/Config/MDR32F9Qx_board.h(28): warning: 'USE_MDR1986BE4' macro redefined [-Wmacro-redefined]
#define USE_MDR1986BE4
        ^
<command line>(4): note: previous definition is here
#define USE_MDR1986BE4 1
        ^
2 warnings generated.
compiling MDR32F9Qx_adc.c...
C:/Users/shishov/AppData/Local/Arm/Packs/Keil/MDR1986BExx/1.5/Libraries/MDR1986BE4_StdPeriph_Driver/src/MDR32F9Qx_rst_clk.c(6): warning: In file included from...
C:/Users/shishov/AppData/Local/Arm/Packs/Keil/MDR1986BExx/1.5/Config\MDR32F9Qx_config.h(46): warning: '__CC_ARM' is not defined, evaluates to 0 [-Wundef]
#if ((__CC_ARM == 0) || (__ARMCC_VERSION < 5000000))
      ^
C:/Users/shishov/AppData/Local/Arm/Packs/Keil/MDR1986BExx/1.5/Libraries/MDR1986BE4_StdPeriph_Driver/src/MDR32F9Qx_rst_clk.c(6): warning: In file included from...
C:/Users/shishov/AppData/Local/Arm/Packs/Keil/MDR1986BExx/1.5/Config\MDR32F9Qx_config.h(47): warning: In file included from...
C:/Users/shishov/AppData/Local/Arm/Packs/Keil/MDR1986BExx/1.5/Config/MDR32F9Qx_board.h(28): warning: 'USE_MDR1986BE4' macro redefined [-Wmacro-redefined]
#define USE_MDR1986BE4
        ^
<command line>(4): note: previous definition is here
#define USE_MDR1986BE4 1
        ^
C:/Users/shishov/AppData/Local/Arm/Packs/Keil/MDR1986BExx/1.5/Libraries/MDR1986BE4_StdPeriph_Driver/src/MDR32F9Qx_rst_clk.c(487): warning: implicit conversion changes signedness: 'int' to 'unsigned int' [-Wsign-conversion]
    temp &= ~(1<< RST_CLK_CPU_CLOCK_CPU_C2_SEL_Pos);
         ~~ ^~~~~~~~~~~~~~~~~~~~~~~~~~~~~~~~~~~~~~~
C:/Users/shishov/AppData/Local/Arm/Packs/Keil/MDR1986BExx/1.5/Libraries/MDR1986BE4_StdPeriph_Driver/src/MDR32F9Qx_rst_clk.c(982): warning: variable 'per_c2_freq' set but not used [-Wunused-but-set-variable]
  uint32_t per_c1_freq, per_c2_freq;
                        ^
4 warnings generated.
compiling MDR32F9Qx_rst_clk.c...
C:/Users/shishov/AppData/Local/Arm/Packs/Keil/MDR1986BExx/1.5/Libraries/MDR1986BE4_StdPeriph_Driver/src/MDR32F9Qx_timer.c(6): warning: In file included from...
C:/Users/shishov/AppData/Local/Arm/Packs/Keil/MDR1986BExx/1.5/Config\MDR32F9Qx_config.h(46): warning: '__CC_ARM' is not defined, evaluates to 0 [-Wundef]
#if ((__CC_ARM == 0) || (__ARMCC_VERSION < 5000000))
      ^
C:/Users/shishov/AppData/Local/Arm/Packs/Keil/MDR1986BExx/1.5/Libraries/MDR1986BE4_StdPeriph_Driver/src/MDR32F9Qx_timer.c(6): warning: In file included from...
C:/Users/shishov/AppData/Local/Arm/Packs/Keil/MDR1986BExx/1.5/Config\MDR32F9Qx_config.h(47): warning: In file included from...
C:/Users/shishov/AppData/Local/Arm/Packs/Keil/MDR1986BExx/1.5/Config/MDR32F9Qx_board.h(28): warning: 'USE_MDR1986BE4' macro redefined [-Wmacro-redefined]
#define USE_MDR1986BE4
        ^
<command line>(4): note: previous definition is here
#define USE_MDR1986BE4 1
        ^
C:/Users/shishov/AppData/Local/Arm/Packs/Keil/MDR1986BExx/1.5/Libraries/MDR1986BE4_StdPeriph_Driver/src/MDR32F9Qx_timer.c(112): warning: implicit conversion changes signedness: 'int' to 'uint32_t' (aka 'unsigned int') [-Wsign-conversion]
                      + TIMER_CntInitStruct->TIMER_BRK_Polarity;
                      ^~~~~~~~~~~~~~~~~~~~~~~~~~~~~~~~~~~~~~~~~
C:/Users/shishov/AppData/Local/Arm/Packs/Keil/MDR1986BExx/1.5/Libraries/MDR1986BE4_StdPeriph_Driver/src/MDR32F9Qx_timer.c(251): warning: implicit conversion loses integer precision: 'volatile uint32_t' (aka 'volatile unsigned int') to 'uint16_t' (aka 'unsigned short') [-Wimplicit-int-conversion]
  return TIMERx->CNT;
  ~~~~~~ ~~~~~~~~^~~
C:/Users/shishov/AppData/Local/Arm/Packs/Keil/MDR1986BExx/1.5/Libraries/MDR1986BE4_StdPeriph_Driver/src/MDR32F9Qx_timer.c(598): warning: implicit conversion changes signedness: 'int' to 'uint32_t' (aka 'unsigned int') [-Wsign-conversion]
                  + (TIMER_ChnInitStruct->TIMER_CH_FilterConf << TIMER_CH_CNTRL_CHFLTR_Pos);
                  ^~~~~~~~~~~~~~~~~~~~~~~~~~~~~~~~~~~~~~~~~~~~~~~~~~~~~~~~~~~~~~~~~~~~~~~~~
C:/Users/shishov/AppData/Local/Arm/Packs/Keil/MDR1986BExx/1.5/Libraries/MDR1986BE4_StdPeriph_Driver/src/MDR32F9Qx_timer.c(791): warning: implicit conversion loses integer precision: 'uint32_t' (aka 'unsigned int') to 'uint16_t' (aka 'unsigned short') [-Wimplicit-int-conversion]
  return tmpreg;
  ~~~~~~ ^~~~~~
C:/Users/shishov/AppData/Local/Arm/Packs/Keil/MDR1986BExx/1.5/Libraries/MDR1986BE4_StdPeriph_Driver/src/MDR32F9Qx_timer.c(817): warning: implicit conversion loses integer precision: 'uint32_t' (aka 'unsigned int') to 'uint16_t' (aka 'unsigned short') [-Wimplicit-int-conversion]
  return tmpreg;
  ~~~~~~ ^~~~~~
C:/Users/shishov/AppData/Local/Arm/Packs/Keil/MDR1986BExx/1.5/Libraries/MDR1986BE4_StdPeriph_Driver/src/MDR32F9Qx_timer.c(1222): warning: implicit conversion changes signedness: 'int' to 'uint32_t' (aka 'unsigned int') [-Wsign-conversion]
                   + (TIMER_ChnOutInitStruct->TIMER_CH_NegOut_Mode     << TIMER_CH_CNTRL1_NSELOE_Pos);
                   ^~~~~~~~~~~~~~~~~~~~~~~~~~~~~~~~~~~~~~~~~~~~~~~~~~~~~~~~~~~~~~~~~~~~~~~~~~~~~~~~~~
C:/Users/shishov/AppData/Local/Arm/Packs/Keil/MDR1986BExx/1.5/Libraries/MDR1986BE4_StdPeriph_Driver/src/MDR32F9Qx_timer.c(1230): warning: implicit conversion changes signedness: 'int' to 'uint32_t' (aka 'unsigned int') [-Wsign-conversion]
                + TIMER_ChnOutInitStruct->TIMER_CH_DTG_ClockSource;
                ^~~~~~~~~~~~~~~~~~~~~~~~~~~~~~~~~~~~~~~~~~~~~~~~~~
9 warnings generated.
compiling MDR32F9Qx_timer.c...
C:/Users/shishov/AppData/Local/Arm/Packs/Keil/MDR1986BExx/1.5/Libraries/MDR1986BE4_StdPeriph_Driver/src/MDR32F9Qx_uart.c(6): warning: In file included from...
C:/Users/shishov/AppData/Local/Arm/Packs/Keil/MDR1986BExx/1.5/Config\MDR32F9Qx_config.h(46): warning: '__CC_ARM' is not defined, evaluates to 0 [-Wundef]
#if ((__CC_ARM == 0) || (__ARMCC_VERSION < 5000000))
      ^
C:/Users/shishov/AppData/Local/Arm/Packs/Keil/MDR1986BExx/1.5/Libraries/MDR1986BE4_StdPeriph_Driver/src/MDR32F9Qx_uart.c(6): warning: In file included from...
C:/Users/shishov/AppData/Local/Arm/Packs/Keil/MDR1986BExx/1.5/Config\MDR32F9Qx_config.h(47): warning: In file included from...
C:/Users/shishov/AppData/Local/Arm/Packs/Keil/MDR1986BExx/1.5/Config/MDR32F9Qx_board.h(28): warning: 'USE_MDR1986BE4' macro redefined [-Wmacro-redefined]
#define USE_MDR1986BE4
        ^
<command line>(4): note: previous definition is here
#define USE_MDR1986BE4 1
        ^
C:/Users/shishov/AppData/Local/Arm/Packs/Keil/MDR1986BExx/1.5/Libraries/MDR1986BE4_StdPeriph_Driver/src/MDR32F9Qx_uart.c(149): warning: implicit conversion changes signedness: 'int' to 'unsigned int' [-Wsign-conversion]
        tmpreg &= ~CR_FC_Mask;
               ~~ ^~~~~~~~~~~
C:/Users/shishov/AppData/Local/Arm/Packs/Keil/MDR1986BExx/1.5/Libraries/MDR1986BE4_StdPeriph_Driver/src/MDR32F9Qx_uart.c(7): warning: In file included from...
C:/Users/shishov/AppData/Local/Arm/Packs/Keil/MDR1986BExx/1.5/Libraries/MDR1986BE4_StdPeriph_Driver/inc\MDR32F9Qx_uart.h(31): warning: padding size of 'UART_InitTypeDef' with 2 bytes to alignment boundary [-Wpadded]
typedef struct
        ^
4 warnings generated.
compiling MDR32F9Qx_uart.c...
linking...
Program Size: Code=11808 RO-data=828 RW-data=4 ZI-data=5360  
".\Objects\NIR.axf" - 0 Error(s), 89 Warning(s).

<h2>Software Packages used:</h2>

Package Vendor: ARM
                http://www.keil.com/pack/ARM.CMSIS.5.9.0.pack
                ARM.CMSIS.5.9.0
                CMSIS (Common Microcontroller Software Interface Standard)
   * Component: CORE Version: 5.6.0

Package Vendor: Keil
                http://www.keil.com/pack/Keil.MDR1986BExx.1.5.pack
                Keil.MDR1986BExx.1.5
                Milandr MDR1986BExx Series Device Support, Drivers and Examples
   * Component: Startup Version: 1.5
   * Component: ADC Version: 1.5
   * Component: PORT Version: 1.5
   * Component: RST_CLK Version: 1.5
   * Component: TIMER Version: 1.5
   * Component: UART Version: 1.5

<h2>Collection of Component include folders:</h2>
  ./RTE/Device/MDR1986BE4
  ./RTE/_Target_1
  C:/Users/shishov/AppData/Local/Arm/Packs/ARM/CMSIS/5.9.0/CMSIS/Core/Include
  C:/Users/shishov/AppData/Local/Arm/Packs/Keil/MDR1986BExx/1.5/Config
  C:/Users/shishov/AppData/Local/Arm/Packs/Keil/MDR1986BExx/1.5/Libraries/CMSIS/CM0/CoreSupport
  C:/Users/shishov/AppData/Local/Arm/Packs/Keil/MDR1986BExx/1.5/Libraries/CMSIS/CM0/DeviceSupport/MDR1986BE4/inc
  C:/Users/shishov/AppData/Local/Arm/Packs/Keil/MDR1986BExx/1.5/Libraries/MDR1986BE4_StdPeriph_Driver/inc

<h2>Collection of Component Files used:</h2>

   * Component: ARM::CMSIS:CORE:5.6.0

   * Component: Keil::Device:Startup:1.5
      Source file:   Libraries/CMSIS/CM0/DeviceSupport/MDR1986BE4/startup/arm/startup_MDR1986BE4.s
      Source file:   Libraries/CMSIS/CM0/DeviceSupport/MDR1986BE4/startup/arm/system_MDR1986BE4.c
      Include file:  Config/MDR32F9Qx_config.h
      Include file:  Libraries/CMSIS/CM0/CoreSupport/core_cm0.h
      Include file:  Libraries/CMSIS/CM0/DeviceSupport/MDR1986BE4/startup/arm/system_MDR1986BE4.h

   * Component: Keil::Drivers:ADC:1.5
      Source file:   Libraries/MDR1986BE4_StdPeriph_Driver/src/MDR32F9Qx_adc.c
      Include file:  Libraries/MDR1986BE4_StdPeriph_Driver/inc/MDR32F9Qx_adc.h

   * Component: Keil::Drivers:PORT:1.5
      Include file:  Libraries/MDR1986BE4_StdPeriph_Driver/inc/MDR32F9Qx_port.h
      Source file:   Libraries/MDR1986BE4_StdPeriph_Driver/src/MDR32F9Qx_port.c

   * Component: Keil::Drivers:RST_CLK:1.5
      Include file:  Libraries/MDR1986BE4_StdPeriph_Driver/inc/MDR32F9Qx_rst_clk.h
      Source file:   Libraries/MDR1986BE4_StdPeriph_Driver/src/MDR32F9Qx_rst_clk.c

   * Component: Keil::Drivers:TIMER:1.5
      Include file:  Libraries/MDR1986BE4_StdPeriph_Driver/inc/MDR32F9Qx_timer.h
      Source file:   Libraries/MDR1986BE4_StdPeriph_Driver/src/MDR32F9Qx_timer.c

   * Component: Keil::Drivers:UART:1.5
      Include file:  Libraries/MDR1986BE4_StdPeriph_Driver/inc/MDR32F9Qx_uart.h
      Source file:   Libraries/MDR1986BE4_StdPeriph_Driver/src/MDR32F9Qx_uart.c
Build Time Elapsed:  00:00:03
</pre>
</body>
</html>
