<html>
<body>
<pre>
<h1>�Vision Build Log</h1>
<h2>Tool Versions:</h2>
IDE-Version: �Vision V5.37.0.0
Copyright (C) 2022 ARM Ltd and ARM Germany GmbH. All rights reserved.
License Information: s s, s, LIC=----
 
Tool Versions:
Toolchain:       MDK-Lite  Version: 5.37.0.0
Toolchain Path:  C:\Keil_v5\ARM\ARMCLANG\Bin
C Compiler:      ArmClang.exe V6.18
Assembler:       Armasm.exe V6.18
Linker/Locator:  ArmLink.exe V6.18
Library Manager: ArmAr.exe V6.18
Hex Converter:   FromElf.exe V6.18
CPU DLL:         SARMCM3.DLL V5.37.0.0
Dialog DLL:      DARMCM1.DLL V1.19.6.0
Target DLL:      UL2CM3.DLL V1.164.7.0
Dialog DLL:      TARMCM1.DLL V1.14.6.0
 
<h2>Project:</h2>
D:\Gorlov\NIR\NIR.uvprojx
Project File Date:  03/24/2023

<h2>Output:</h2>
*** Using Compiler 'V6.18', folder: 'C:\Keil_v5\ARM\ARMCLANG\Bin'
Rebuild target 'Target 1'
main.c(1): warning: In file included from...
./ADC.h(5): warning: In file included from...
C:/Users/shishov/AppData/Local/Arm/Packs/Keil/MDR1986BExx/1.5/Libraries/MDR1986BE4_StdPeriph_Driver/inc\MDR32F9Qx_adc.h(10): warning: In file included from...
C:/Users/shishov/AppData/Local/Arm/Packs/Keil/MDR1986BExx/1.5/Config\MDR32F9Qx_config.h(46): warning: '__CC_ARM' is not defined, evaluates to 0 [-Wundef]
#if ((__CC_ARM == 0) || (__ARMCC_VERSION < 5000000))
      ^
main.c(1): warning: In file included from...
./ADC.h(5): warning: In file included from...
C:/Users/shishov/AppData/Local/Arm/Packs/Keil/MDR1986BExx/1.5/Libraries/MDR1986BE4_StdPeriph_Driver/inc\MDR32F9Qx_adc.h(10): warning: In file included from...
C:/Users/shishov/AppData/Local/Arm/Packs/Keil/MDR1986BExx/1.5/Config\MDR32F9Qx_config.h(47): warning: In file included from...
C:/Users/shishov/AppData/Local/Arm/Packs/Keil/MDR1986BExx/1.5/Config/MDR32F9Qx_board.h(28): warning: 'USE_MDR1986BE4' macro redefined [-Wmacro-redefined]
#define USE_MDR1986BE4
        ^
<command line>(4): note: previous definition is here
#define USE_MDR1986BE4 1
        ^
main.c(1): warning: In file included from...
./ADC.h(10): warning: In file included from...
./UART.h(13): warning: this function declaration is not a prototype [-Wstrict-prototypes]
void uart_flush();
               ^
                void
./UART.h(15): warning: this function declaration is not a prototype [-Wstrict-prototypes]
uint32_t uart_read_pos();
                      ^
                       void
main.c(1): warning: In file included from...
./ADC.h(24): warning: no newline at end of file [-Wnewline-eof]
#endif /*__ADC_H */
                   ^
main.c(2): warning: In file included from...
./TIMER.h(16): warning: no newline at end of file [-Wnewline-eof]
#endif /*__TIMER_H */
                     ^
main.c(4): warning: In file included from...
./PORTS.h(9): warning: no newline at end of file [-Wnewline-eof]
#endif /*__PORTS_H */
                     ^
main.c(5): warning: In file included from...
./DATA_INTERFACE.h(17): warning: this function declaration is not a prototype [-Wstrict-prototypes]
uint8_t MODBUS_read_request_and_send_response();
                                             ^
                                              void
./DATA_INTERFACE.h(22): warning: no newline at end of file [-Wnewline-eof]
#endif /*__DATA_INTERFACE_H */
                              ^
main.c(6): warning: In file included from...
./REGISTER_SPACE.h(20): warning: this function declaration is not a prototype [-Wstrict-prototypes]
void registers_ini();
                  ^
                   void
./REGISTER_SPACE.h(22): warning: no newline at end of file [-Wnewline-eof]
#endif /*__REGISTER_SPACE_H */
                              ^
11 warnings generated.
compiling main.c...
TIMER.c(1): warning: In file included from...
./TIMER.h(5): warning: In file included from...
C:/Users/shishov/AppData/Local/Arm/Packs/Keil/MDR1986BExx/1.5/Libraries/MDR1986BE4_StdPeriph_Driver/inc\MDR32F9Qx_port.h(10): warning: In file included from...
C:/Users/shishov/AppData/Local/Arm/Packs/Keil/MDR1986BExx/1.5/Config\MDR32F9Qx_config.h(46): warning: '__CC_ARM' is not defined, evaluates to 0 [-Wundef]
#if ((__CC_ARM == 0) || (__ARMCC_VERSION < 5000000))
      ^
TIMER.c(1): warning: In file included from...
./TIMER.h(5): warning: In file included from...
C:/Users/shishov/AppData/Local/Arm/Packs/Keil/MDR1986BExx/1.5/Libraries/MDR1986BE4_StdPeriph_Driver/inc\MDR32F9Qx_port.h(10): warning: In file included from...
C:/Users/shishov/AppData/Local/Arm/Packs/Keil/MDR1986BExx/1.5/Config\MDR32F9Qx_config.h(47): warning: In file included from...
C:/Users/shishov/AppData/Local/Arm/Packs/Keil/MDR1986BExx/1.5/Config/MDR32F9Qx_board.h(28): warning: 'USE_MDR1986BE4' macro redefined [-Wmacro-redefined]
#define USE_MDR1986BE4
        ^
<command line>(4): note: previous definition is here
#define USE_MDR1986BE4 1
        ^
TIMER.c(1): warning: In file included from...
./TIMER.h(8): warning: In file included from...
./UART.h(13): warning: this function declaration is not a prototype [-Wstrict-prototypes]
void uart_flush();
               ^
                void
./UART.h(15): warning: this function declaration is not a prototype [-Wstrict-prototypes]
uint32_t uart_read_pos();
                      ^
                       void
TIMER.c(1): warning: In file included from...
./TIMER.h(9): warning: In file included from...
./ADC.h(24): warning: no newline at end of file [-Wnewline-eof]
#endif /*__ADC_H */
                   ^
TIMER.c(1): warning: In file included from...
./TIMER.h(16): warning: no newline at end of file [-Wnewline-eof]
#endif /*__TIMER_H */
                     ^
TIMER.c(4): warning: no previous extern declaration for non-static variable 'TIMERInitStruct' [-Wmissing-variable-declarations]
TIMER_CntInitTypeDef TIMERInitStruct;
                     ^
TIMER.c(4): note: declare 'static' if the variable is not intended to be used outside of this translation unit
TIMER_CntInitTypeDef TIMERInitStruct;
^
TIMER.c(5): warning: no previous extern declaration for non-static variable 'sTIM_ChnInit' [-Wmissing-variable-declarations]
TIMER_ChnInitTypeDef sTIM_ChnInit;
                     ^
TIMER.c(5): note: declare 'static' if the variable is not intended to be used outside of this translation unit
TIMER_ChnInitTypeDef sTIM_ChnInit;
^
TIMER.c(6): warning: no previous extern declaration for non-static variable 'sTIM_ChnOutInit' [-Wmissing-variable-declarations]
TIMER_ChnOutInitTypeDef sTIM_ChnOutInit;
                        ^
TIMER.c(6): note: declare 'static' if the variable is not intended to be used outside of this translation unit
TIMER_ChnOutInitTypeDef sTIM_ChnOutInit;
^
9 warnings generated.
compiling TIMER.c...
ADC.c(1): warning: In file included from...
./ADC.h(5): warning: In file included from...
C:/Users/shishov/AppData/Local/Arm/Packs/Keil/MDR1986BExx/1.5/Libraries/MDR1986BE4_StdPeriph_Driver/inc\MDR32F9Qx_adc.h(10): warning: In file included from...
C:/Users/shishov/AppData/Local/Arm/Packs/Keil/MDR1986BExx/1.5/Config\MDR32F9Qx_config.h(46): warning: '__CC_ARM' is not defined, evaluates to 0 [-Wundef]
#if ((__CC_ARM == 0) || (__ARMCC_VERSION < 5000000))
      ^
ADC.c(1): warning: In file included from...
./ADC.h(5): warning: In file included from...
C:/Users/shishov/AppData/Local/Arm/Packs/Keil/MDR1986BExx/1.5/Libraries/MDR1986BE4_StdPeriph_Driver/inc\MDR32F9Qx_adc.h(10): warning: In file included from...
C:/Users/shishov/AppData/Local/Arm/Packs/Keil/MDR1986BExx/1.5/Config\MDR32F9Qx_config.h(47): warning: In file included from...
C:/Users/shishov/AppData/Local/Arm/Packs/Keil/MDR1986BExx/1.5/Config/MDR32F9Qx_board.h(28): warning: 'USE_MDR1986BE4' macro redefined [-Wmacro-redefined]
#define USE_MDR1986BE4
        ^
<command line>(4): note: previous definition is here
#define USE_MDR1986BE4 1
        ^
ADC.c(1): warning: In file included from...
./ADC.h(10): warning: In file included from...
./UART.h(13): warning: this function declaration is not a prototype [-Wstrict-prototypes]
void uart_flush();
               ^
                void
./UART.h(15): warning: this function declaration is not a prototype [-Wstrict-prototypes]
uint32_t uart_read_pos();
                      ^
                       void
ADC.c(1): warning: In file included from...
./ADC.h(24): warning: no newline at end of file [-Wnewline-eof]
#endif /*__ADC_H */
                   ^
ADC.c(2): warning: In file included from...
./REGISTER_SPACE.h(20): warning: this function declaration is not a prototype [-Wstrict-prototypes]
void registers_ini();
                  ^
                   void
./REGISTER_SPACE.h(22): warning: no newline at end of file [-Wnewline-eof]
#endif /*__REGISTER_SPACE_H */
                              ^
ADC.c(75): warning: cast from function call of type 'float' to non-matching type 'int' [-Wbad-function-cast]
                        AI_PhysQuantInt[0] = (uint8_t)((int)averaging(U)&0xFF);
                                                            ^~~~~~~~~~~~
ADC.c(76): warning: cast from function call of type 'float' to non-matching type 'int' [-Wbad-function-cast]
                        AI_PhysQuantInt[1] = (uint8_t)((int)averaging(U)>>8);
                                                            ^~~~~~~~~~~~
ADC.c(96): warning: cast from function call of type 'float' to non-matching type 'int' [-Wbad-function-cast]
                        AI_PhysQuantInt[0] = (uint8_t)((int)averaging(U)&0xFF);
                                                            ^~~~~~~~~~~~
ADC.c(97): warning: cast from function call of type 'float' to non-matching type 'int' [-Wbad-function-cast]
                        AI_PhysQuantInt[1] = (uint8_t)((int)averaging(U)>>8);
                                                            ^~~~~~~~~~~~
ADC.c(117): warning: cast from function call of type 'float' to non-matching type 'int' [-Wbad-function-cast]
                        AI_PhysQuantInt[0] = (uint8_t)((int)averaging(U)&0xFF);
                                                            ^~~~~~~~~~~~
ADC.c(118): warning: cast from function call of type 'float' to non-matching type 'int' [-Wbad-function-cast]
                        AI_PhysQuantInt[1] = (uint8_t)((int)averaging(U)>>8);
                                                            ^~~~~~~~~~~~
ADC.c(138): warning: cast from function call of type 'float' to non-matching type 'int' [-Wbad-function-cast]
                        AI_PhysQuantInt[0] = (uint8_t)((int)averaging(U)&0xFF);
                                                            ^~~~~~~~~~~~
ADC.c(139): warning: cast from function call of type 'float' to non-matching type 'int' [-Wbad-function-cast]
                        AI_PhysQuantInt[1] = (uint8_t)((int)averaging(U)>>8);
                                                            ^~~~~~~~~~~~
ADC.c(159): warning: cast from function call of type 'float' to non-matching type 'int' [-Wbad-function-cast]
                        AI_PhysQuantInt[0] = (uint8_t)((int)averaging(U)&0xFF);
                                                            ^~~~~~~~~~~~
ADC.c(160): warning: cast from function call of type 'float' to non-matching type 'int' [-Wbad-function-cast]
                        AI_PhysQuantInt[1] = (uint8_t)((int)averaging(U)>>8);
                                                            ^~~~~~~~~~~~
ADC.c(180): warning: cast from function call of type 'float' to non-matching type 'int' [-Wbad-function-cast]
                        AI_PhysQuantInt[0] = (uint8_t)((int)averaging(U)&0xFF);
                                                            ^~~~~~~~~~~~
ADC.c(181): warning: cast from function call of type 'float' to non-matching type 'int' [-Wbad-function-cast]
                        AI_PhysQuantInt[1] = (uint8_t)((int)averaging(U)>>8);
                                                            ^~~~~~~~~~~~
ADC.c(201): warning: cast from function call of type 'float' to non-matching type 'int' [-Wbad-function-cast]
                        AI_PhysQuantInt[0] = (uint8_t)((int)averaging(U)&0xFF);
                                                            ^~~~~~~~~~~~
ADC.c(202): warning: cast from function call of type 'float' to non-matching type 'int' [-Wbad-function-cast]
                        AI_PhysQuantInt[1] = (uint8_t)((int)averaging(U)>>8);
                                                            ^~~~~~~~~~~~
ADC.c(218): warning: cast from function call of type 'float' to non-matching type 'int' [-Wbad-function-cast]
                        AI_PhysQuantInt[0] = (uint8_t)((int)averaging(U)&0xFF);
                                                            ^~~~~~~~~~~~
ADC.c(219): warning: cast from function call of type 'float' to non-matching type 'int' [-Wbad-function-cast]
                        AI_PhysQuantInt[1] = (uint8_t)((int)averaging(U)>>8);
                                                            ^~~~~~~~~~~~
ADC.c(222): warning: cast from function call of type 'float' to non-matching type 'int' [-Wbad-function-cast]
                        AI_PhysQuantInt[0] = (uint8_t)((int)averaging(U)&0xFF);
                                                            ^~~~~~~~~~~~
ADC.c(223): warning: cast from function call of type 'float' to non-matching type 'int' [-Wbad-function-cast]
                        AI_PhysQuantInt[1] = (uint8_t)((int)averaging(U)>>8);
                                                            ^~~~~~~~~~~~
ADC.c(71): warning: variable 'RESULT' may be uninitialized when used here [-Wconditional-uninitialized]
                        AI_CodeADC[0] = (uint8_t)(RESULT&0xFF);
                                                  ^~~~~~
ADC.c(50): note: initialize the variable 'RESULT' to silence this warning
        uint32_t RESULT;
                       ^
                        = 0
ADC.c(237): warning: variable 'result' is uninitialized when used here [-Wuninitialized]
                result += U[i];
                ^~~~~~
ADC.c(234): note: initialize the variable 'result' to silence this warning
        float result;
                    ^
                     = 0.0
ADC.c(270): warning: no newline at end of file [-Wnewline-eof]
}*/
   ^
ADC.c(248): warning: variable 'result' is uninitialized when used here [-Wuninitialized]
                result += RESULT[i];
                ^~~~~~
ADC.c(245): note: initialize the variable 'result' to silence this warning
        uint32_t result;
                       ^
                        = 0
ADC.c(5): warning: no previous extern declaration for non-static variable 'ADC3' [-Wmissing-variable-declarations]
ADCx_InitTypeDef ADC3;
                 ^
ADC.c(5): note: declare 'static' if the variable is not intended to be used outside of this translation unit
ADCx_InitTypeDef ADC3;
^
ADC.c(7): warning: no previous extern declaration for non-static variable 'ADC' [-Wmissing-variable-declarations]
ADC_InitTypeDef ADC;
                ^
ADC.c(7): note: declare 'static' if the variable is not intended to be used outside of this translation unit
ADC_InitTypeDef ADC;
^
ADC.c(9): warning: unused variable 'TX_data' [-Wunused-variable]
static char TX_data[100];
            ^
32 warnings generated.
compiling ADC.c...
UART.c(1): warning: In file included from...
./UART.h(5): warning: In file included from...
C:/Users/shishov/AppData/Local/Arm/Packs/Keil/MDR1986BExx/1.5/Libraries/MDR1986BE4_StdPeriph_Driver/inc\MDR32F9Qx_uart.h(10): warning: In file included from...
C:/Users/shishov/AppData/Local/Arm/Packs/Keil/MDR1986BExx/1.5/Config\MDR32F9Qx_config.h(46): warning: '__CC_ARM' is not defined, evaluates to 0 [-Wundef]
#if ((__CC_ARM == 0) || (__ARMCC_VERSION < 5000000))
      ^
UART.c(1): warning: In file included from...
./UART.h(5): warning: In file included from...
C:/Users/shishov/AppData/Local/Arm/Packs/Keil/MDR1986BExx/1.5/Libraries/MDR1986BE4_StdPeriph_Driver/inc\MDR32F9Qx_uart.h(10): warning: In file included from...
C:/Users/shishov/AppData/Local/Arm/Packs/Keil/MDR1986BExx/1.5/Config\MDR32F9Qx_config.h(47): warning: In file included from...
C:/Users/shishov/AppData/Local/Arm/Packs/Keil/MDR1986BExx/1.5/Config/MDR32F9Qx_board.h(28): warning: 'USE_MDR1986BE4' macro redefined [-Wmacro-redefined]
#define USE_MDR1986BE4
        ^
<command line>(4): note: previous definition is here
#define USE_MDR1986BE4 1
        ^
UART.c(1): warning: In file included from...
./UART.h(13): warning: this function declaration is not a prototype [-Wstrict-prototypes]
void uart_flush();
               ^
                void
./UART.h(15): warning: this function declaration is not a prototype [-Wstrict-prototypes]
uint32_t uart_read_pos();
                      ^
                       void
UART.c(1): warning: In file included from...
./UART.h(5): warning: In file included from...
C:/Users/shishov/AppData/Local/Arm/Packs/Keil/MDR1986BExx/1.5/Libraries/MDR1986BE4_StdPeriph_Driver/inc\MDR32F9Qx_uart.h(31): warning: padding size of 'UART_InitTypeDef' with 2 bytes to alignment boundary [-Wpadded]
typedef struct
        ^
UART.c(18): warning: mixing declarations and code is incompatible with standards before C99 [-Wdeclaration-after-statement]
UART_InitTypeDef UART_InitStructure;
                 ^
UART.c(48): warning: comparison of integers of different signs: 'int' and 'uint32_t' (aka 'unsigned int') [-Wsign-compare]
        for (int i = 0; i < data_size; i++)
                        ~ ^ ~~~~~~~~~
UART.c(82): warning: no previous prototype for function 'uart_read_pos' [-Wmissing-prototypes]
uint32_t uart_read_pos()
         ^
./UART.h(15): note: this declaration is not a prototype; add 'void' to make it a prototype for a zero-parameter function
uint32_t uart_read_pos();
         ^
                       void
UART.c(82): warning: this old-style function definition is not preceded by a prototype [-Wstrict-prototypes]
uint32_t uart_read_pos()
                      ^
UART.c(86): warning: no previous prototype for function 'uart_flush' [-Wmissing-prototypes]
void uart_flush()
     ^
./UART.h(13): note: this declaration is not a prototype; add 'void' to make it a prototype for a zero-parameter function
void uart_flush();
     ^
                void
UART.c(86): warning: this old-style function definition is not preceded by a prototype [-Wstrict-prototypes]
void uart_flush()
               ^
UART.c(96): warning: implicit conversion loses integer precision: 'uint16_t' (aka 'unsigned short') to 'uint8_t' (aka 'unsigned char') [-Wimplicit-int-conversion]
                        buffer[buffer_count] = UART_ReceiveData(MDR_UART1);     
                                             ~ ^~~~~~~~~~~~~~~~~~~~~~~~~~~
UART.c(121): warning: no newline at end of file [-Wnewline-eof]
}
 ^
13 warnings generated.
compiling UART.c...
PORTS.c(1): warning: In file included from...
./PORTS.h(4): warning: In file included from...
C:/Users/shishov/AppData/Local/Arm/Packs/Keil/MDR1986BExx/1.5/Libraries/MDR1986BE4_StdPeriph_Driver/inc\MDR32F9Qx_port.h(10): warning: In file included from...
C:/Users/shishov/AppData/Local/Arm/Packs/Keil/MDR1986BExx/1.5/Config\MDR32F9Qx_config.h(46): warning: '__CC_ARM' is not defined, evaluates to 0 [-Wundef]
#if ((__CC_ARM == 0) || (__ARMCC_VERSION < 5000000))
      ^
PORTS.c(1): warning: In file included from...
./PORTS.h(4): warning: In file included from...
C:/Users/shishov/AppData/Local/Arm/Packs/Keil/MDR1986BExx/1.5/Libraries/MDR1986BE4_StdPeriph_Driver/inc\MDR32F9Qx_port.h(10): warning: In file included from...
C:/Users/shishov/AppData/Local/Arm/Packs/Keil/MDR1986BExx/1.5/Config\MDR32F9Qx_config.h(47): warning: In file included from...
C:/Users/shishov/AppData/Local/Arm/Packs/Keil/MDR1986BExx/1.5/Config/MDR32F9Qx_board.h(28): warning: 'USE_MDR1986BE4' macro redefined [-Wmacro-redefined]
#define USE_MDR1986BE4
        ^
<command line>(4): note: previous definition is here
#define USE_MDR1986BE4 1
        ^
PORTS.c(1): warning: In file included from...
./PORTS.h(9): warning: no newline at end of file [-Wnewline-eof]
#endif /*__PORTS_H */
                     ^
PORTS.c(1): warning: In file included from...
./PORTS.h(4): warning: In file included from...
C:/Users/shishov/AppData/Local/Arm/Packs/Keil/MDR1986BExx/1.5/Libraries/MDR1986BE4_StdPeriph_Driver/inc\MDR32F9Qx_port.h(156): warning: padding size of 'PORT_InitTypeDef' with 1 byte to alignment boundary [-Wpadded]
typedef struct
        ^
PORTS.c(81): warning: no newline at end of file [-Wnewline-eof]
}
 ^
PORTS.c(9): warning: mixing declarations and code is incompatible with standards before C99 [-Wdeclaration-after-statement]
PORT_InitTypeDef GPIO_init_struct;
                 ^
6 warnings generated.
compiling PORTS.c...
DATA_INTERFACE.c(1): warning: In file included from...
./DATA_INTERFACE.h(17): warning: this function declaration is not a prototype [-Wstrict-prototypes]
uint8_t MODBUS_read_request_and_send_response();
                                             ^
                                              void
./DATA_INTERFACE.h(22): warning: no newline at end of file [-Wnewline-eof]
#endif /*__DATA_INTERFACE_H */
                              ^
DATA_INTERFACE.c(2): warning: In file included from...
./REGISTER_SPACE.h(20): warning: this function declaration is not a prototype [-Wstrict-prototypes]
void registers_ini();
                  ^
                   void
./REGISTER_SPACE.h(22): warning: no newline at end of file [-Wnewline-eof]
#endif /*__REGISTER_SPACE_H */
                              ^
DATA_INTERFACE.c(28): warning: implicit conversion loses integer precision: 'int' to 'uint8_t' (aka 'unsigned char') [-Wimplicit-int-conversion]
        address_receiver = (receiver_chassis_addr << 4) | receiver_mod_addr;
                         ~ ~~~~~~~~~~~~~~~~~~~~~~~~~~~~~^~~~~~~~~~~~~~~~~~~
DATA_INTERFACE.c(30): warning: implicit conversion loses integer precision: 'int' to 'uint8_t' (aka 'unsigned char') [-Wimplicit-int-conversion]
        address_sender = (sender_chassis_addr << 4) | sender_mod_addr;
                       ~ ~~~~~~~~~~~~~~~~~~~~~~~~~~~^~~~~~~~~~~~~~~~~
DATA_INTERFACE.c(50): warning: variable length array used [-Wvla]
        uint8_t buf[5 + data_size];//буффер для расчета контрольной суммы
                    ~~~~^~~~~~~~~
DATA_INTERFACE.c(62): warning: implicit conversion loses integer precision: 'uint32_t' (aka 'unsigned int') to 'uint8_t' (aka 'unsigned char') [-Wimplicit-int-conversion]
        DATA[7+data_size+1] = checksum>>8;
                            ~ ~~~~~~~~^~~
DATA_INTERFACE.c(63): warning: implicit conversion loses integer precision: 'uint32_t' (aka 'unsigned int') to 'uint8_t' (aka 'unsigned char') [-Wimplicit-int-conversion]
        DATA[7+data_size+2] = checksum>>16;
                            ~ ~~~~~~~~^~~~
DATA_INTERFACE.c(69): warning: implicit declaration of function 'uart_write' is invalid in C99 [-Wimplicit-function-declaration]
        uart_write(DATA, 13+data_size);
        ^
DATA_INTERFACE.c(50): warning: mixing declarations and code is incompatible with standards before C99 [-Wdeclaration-after-statement]
        uint8_t buf[5 + data_size];//буффер для расчета контрольной суммы
                ^
DATA_INTERFACE.c(39): warning: variable 'service_byte' is used uninitialized whenever 'if' condition is false [-Wsometimes-uninitialized]
        else if (device == 1)
                 ^~~~~~~~~~~
DATA_INTERFACE.c(43): note: uninitialized use occurs here
        DATA[5] = service_byte;
                  ^~~~~~~~~~~~
DATA_INTERFACE.c(39): note: remove the 'if' if its condition is always true
        else if (device == 1)
             ^~~~~~~~~~~~~~~~
DATA_INTERFACE.c(23): note: initialize the variable 'service_byte' to silence this warning
        uint8_t service_byte; //сервисный байт
                            ^
                             = '\0'
DATA_INTERFACE.c(80): warning: implicit declaration of function 'uart_read' is invalid in C99 [-Wimplicit-function-declaration]
        if (uart_read(2048, buffer) == 0)
            ^
DATA_INTERFACE.c(104): warning: implicit declaration of function 'uart_set_pos' is invalid in C99 [-Wimplicit-function-declaration]
        uart_set_pos(data_size + uart_read_pos());
        ^
DATA_INTERFACE.c(104): warning: implicit declaration of function 'uart_read_pos' is invalid in C99 [-Wimplicit-function-declaration]
        uart_set_pos(data_size + uart_read_pos());
                                 ^
DATA_INTERFACE.c(104): warning: implicit conversion changes signedness: 'int' to 'unsigned int' [-Wsign-conversion]
        uart_set_pos(data_size + uart_read_pos());
                               ~ ^~~~~~~~~~~~~~~
DATA_INTERFACE.c(105): warning: implicit declaration of function 'uart_write' is invalid in C99 [-Wimplicit-function-declaration]
        uart_write(data, data_size);
        ^
DATA_INTERFACE.c(87): warning: mixing declarations and code is incompatible with standards before C99 [-Wdeclaration-after-statement]
        uint32_t count = 0;
                 ^
DATA_INTERFACE.c(74): warning: no previous prototype for function 'MODBUS_read_request_and_send_response' [-Wmissing-prototypes]
uint8_t MODBUS_read_request_and_send_response()
        ^
./DATA_INTERFACE.h(17): note: this declaration is not a prototype; add 'void' to make it a prototype for a zero-parameter function
uint8_t MODBUS_read_request_and_send_response();
        ^
                                              void
DATA_INTERFACE.c(74): warning: this old-style function definition is not preceded by a prototype [-Wstrict-prototypes]
uint8_t MODBUS_read_request_and_send_response()
                                             ^
DATA_INTERFACE.c(255): warning: format specifies type 'unsigned int *' but the argument has type 'uint8_t *' (aka 'unsigned char *') [-Wformat]
        sscanf(array, "%x",&byte);
                       ~~  ^~~~~
                       %s
DATA_INTERFACE.c(271): warning: implicit conversion changes signedness: 'int' to 'uint_least32_t' (aka 'unsigned int') [-Wsign-conversion]
                crc = i;
                    ~ ^
DATA_INTERFACE.c(284): warning: no newline at end of file [-Wnewline-eof]
}
 ^
23 warnings generated.
compiling DATA_INTERFACE.c...
REGISTER_SPACE.c(1): warning: In file included from...
./REGISTER_SPACE.h(20): warning: this function declaration is not a prototype [-Wstrict-prototypes]
void registers_ini();
                  ^
                   void
./REGISTER_SPACE.h(22): warning: no newline at end of file [-Wnewline-eof]
#endif /*__REGISTER_SPACE_H */
                              ^
REGISTER_SPACE.c(10): warning: mixing declarations and code is incompatible with standards before C99 [-Wdeclaration-after-statement]
        uint8_t PLC_Config[2] = {0x01,0x02};
                ^
REGISTER_SPACE.c(4): warning: no previous prototype for function 'registers_ini' [-Wmissing-prototypes]
void registers_ini()
     ^
./REGISTER_SPACE.h(20): note: this declaration is not a prototype; add 'void' to make it a prototype for a zero-parameter function
void registers_ini();
     ^
                   void
REGISTER_SPACE.c(4): warning: this old-style function definition is not preceded by a prototype [-Wstrict-prototypes]
void registers_ini()
                  ^
REGISTER_SPACE.c(47): warning: variable length array used [-Wvla]
        uint8_t result[data_size];
                       ^~~~~~~~~
REGISTER_SPACE.c(64): warning: address of stack memory associated with local variable 'result' returned [-Wreturn-stack-address]
        return result;
               ^~~~~~
REGISTER_SPACE.c(65): warning: no newline at end of file [-Wnewline-eof]
}
 ^
8 warnings generated.
compiling REGISTER_SPACE.c...
assembling startup_MDR1986BE4.s...
RTE/Device/MDR1986BE4/system_MDR1986BE4.c(23): warning: In file included from...
C:/Users/shishov/AppData/Local/Arm/Packs/Keil/MDR1986BExx/1.5/Config\MDR32F9Qx_config.h(46): warning: '__CC_ARM' is not defined, evaluates to 0 [-Wundef]
#if ((__CC_ARM == 0) || (__ARMCC_VERSION < 5000000))
      ^
RTE/Device/MDR1986BE4/system_MDR1986BE4.c(23): warning: In file included from...
C:/Users/shishov/AppData/Local/Arm/Packs/Keil/MDR1986BExx/1.5/Config\MDR32F9Qx_config.h(47): warning: In file included from...
C:/Users/shishov/AppData/Local/Arm/Packs/Keil/MDR1986BExx/1.5/Config/MDR32F9Qx_board.h(28): warning: 'USE_MDR1986BE4' macro redefined [-Wmacro-redefined]
#define USE_MDR1986BE4
        ^
<command line>(4): note: previous definition is here
#define USE_MDR1986BE4 1
        ^
2 warnings generated.
compiling system_MDR1986BE4.c...
C:/Users/shishov/AppData/Local/Arm/Packs/Keil/MDR1986BExx/1.5/Libraries/MDR1986BE4_StdPeriph_Driver/src/MDR32F9Qx_port.c(6): warning: In file included from...
C:/Users/shishov/AppData/Local/Arm/Packs/Keil/MDR1986BExx/1.5/Config\MDR32F9Qx_config.h(46): warning: '__CC_ARM' is not defined, evaluates to 0 [-Wundef]
#if ((__CC_ARM == 0) || (__ARMCC_VERSION < 5000000))
      ^
C:/Users/shishov/AppData/Local/Arm/Packs/Keil/MDR1986BExx/1.5/Libraries/MDR1986BE4_StdPeriph_Driver/src/MDR32F9Qx_port.c(6): warning: In file included from...
C:/Users/shishov/AppData/Local/Arm/Packs/Keil/MDR1986BExx/1.5/Config\MDR32F9Qx_config.h(47): warning: In file included from...
C:/Users/shishov/AppData/Local/Arm/Packs/Keil/MDR1986BExx/1.5/Config/MDR32F9Qx_board.h(28): warning: 'USE_MDR1986BE4' macro redefined [-Wmacro-redefined]
#define USE_MDR1986BE4
        ^
<command line>(4): note: previous definition is here
#define USE_MDR1986BE4 1
        ^
C:/Users/shishov/AppData/Local/Arm/Packs/Keil/MDR1986BExx/1.5/Libraries/MDR1986BE4_StdPeriph_Driver/src/MDR32F9Qx_port.c(94): warning: implicit conversion changes signedness: 'int' to 'unsigned int' [-Wsign-conversion]
      tmpreg_OE     = (tmpreg_OE     & ~mask_s) | (PORT_InitStruct->PORT_OE        <<  pos);
                                                ~  ~~~~~~~~~~~~~~~~~~~~~~~~~~~~~~~~^~~~~~~
C:/Users/shishov/AppData/Local/Arm/Packs/Keil/MDR1986BExx/1.5/Libraries/MDR1986BE4_StdPeriph_Driver/src/MDR32F9Qx_port.c(95): warning: implicit conversion changes signedness: 'int' to 'unsigned int' [-Wsign-conversion]
      tmpreg_FUNC   = (tmpreg_FUNC   & ~mask_l) | (PORT_InitStruct->PORT_FUNC      << (pos*2));
                                                ~  ~~~~~~~~~~~~~~~~~~~~~~~~~~~~~~~~^~~~~~~~~~
C:/Users/shishov/AppData/Local/Arm/Packs/Keil/MDR1986BExx/1.5/Libraries/MDR1986BE4_StdPeriph_Driver/src/MDR32F9Qx_port.c(96): warning: implicit conversion changes signedness: 'int' to 'unsigned int' [-Wsign-conversion]
      tmpreg_ANALOG = (tmpreg_ANALOG & ~mask_s) | (PORT_InitStruct->PORT_MODE      <<  pos);
                                                ~  ~~~~~~~~~~~~~~~~~~~~~~~~~~~~~~~~^~~~~~~
C:/Users/shishov/AppData/Local/Arm/Packs/Keil/MDR1986BExx/1.5/Libraries/MDR1986BE4_StdPeriph_Driver/src/MDR32F9Qx_port.c(98): warning: implicit conversion changes signedness: 'int' to 'unsigned int' [-Wsign-conversion]
                                                | (PORT_InitStruct->PORT_PULL_DOWN <<  pos);
                                                ~  ~~~~~~~~~~~~~~~~~~~~~~~~~~~~~~~~^~~~~~~
C:/Users/shishov/AppData/Local/Arm/Packs/Keil/MDR1986BExx/1.5/Libraries/MDR1986BE4_StdPeriph_Driver/src/MDR32F9Qx_port.c(97): warning: implicit conversion changes signedness: 'int' to 'unsigned int' [-Wsign-conversion]
      tmpreg_PULL   = (tmpreg_PULL   & ~mask_d) | (PORT_InitStruct->PORT_PULL_UP   << (pos + 16))
                                                ~  ~~~~~~~~~~~~~~~~~~~~~~~~~~~~~~~~^~~~~~~~~~~~~
C:/Users/shishov/AppData/Local/Arm/Packs/Keil/MDR1986BExx/1.5/Libraries/MDR1986BE4_StdPeriph_Driver/src/MDR32F9Qx_port.c(100): warning: implicit conversion changes signedness: 'int' to 'unsigned int' [-Wsign-conversion]
                                                | (PORT_InitStruct->PORT_PD        <<  pos);
                                                ~  ~~~~~~~~~~~~~~~~~~~~~~~~~~~~~~~~^~~~~~~
C:/Users/shishov/AppData/Local/Arm/Packs/Keil/MDR1986BExx/1.5/Libraries/MDR1986BE4_StdPeriph_Driver/src/MDR32F9Qx_port.c(99): warning: implicit conversion changes signedness: 'int' to 'unsigned int' [-Wsign-conversion]
      tmpreg_PD     = (tmpreg_PD     & ~mask_d) | (PORT_InitStruct->PORT_PD_SHM    << (pos + 16))
                                                ~  ~~~~~~~~~~~~~~~~~~~~~~~~~~~~~~~~^~~~~~~~~~~~~
C:/Users/shishov/AppData/Local/Arm/Packs/Keil/MDR1986BExx/1.5/Libraries/MDR1986BE4_StdPeriph_Driver/src/MDR32F9Qx_port.c(101): warning: implicit conversion changes signedness: 'int' to 'unsigned int' [-Wsign-conversion]
      tmpreg_PWR    = (tmpreg_PWR    & ~mask_l) | (PORT_InitStruct->PORT_SPEED     << (pos*2));
                                                ~  ~~~~~~~~~~~~~~~~~~~~~~~~~~~~~~~~^~~~~~~~~~
C:/Users/shishov/AppData/Local/Arm/Packs/Keil/MDR1986BExx/1.5/Libraries/MDR1986BE4_StdPeriph_Driver/src/MDR32F9Qx_port.c(102): warning: implicit conversion changes signedness: 'int' to 'unsigned int' [-Wsign-conversion]
      tmpreg_GFEN   = (tmpreg_GFEN   & ~mask_s) | (PORT_InitStruct->PORT_GFEN      <<  pos);
                                                ~  ~~~~~~~~~~~~~~~~~~~~~~~~~~~~~~~~^~~~~~~
C:/Users/shishov/AppData/Local/Arm/Packs/Keil/MDR1986BExx/1.5/Libraries/MDR1986BE4_StdPeriph_Driver/src/MDR32F9Qx_port.c(7): warning: In file included from...
C:/Users/shishov/AppData/Local/Arm/Packs/Keil/MDR1986BExx/1.5/Libraries/MDR1986BE4_StdPeriph_Driver/inc\MDR32F9Qx_port.h(156): warning: padding size of 'PORT_InitTypeDef' with 1 byte to alignment boundary [-Wpadded]
typedef struct
        ^
12 warnings generated.
compiling MDR32F9Qx_port.c...
C:/Users/shishov/AppData/Local/Arm/Packs/Keil/MDR1986BExx/1.5/Libraries/MDR1986BE4_StdPeriph_Driver/src/MDR32F9Qx_adc.c(6): warning: In file included from...
C:/Users/shishov/AppData/Local/Arm/Packs/Keil/MDR1986BExx/1.5/Config\MDR32F9Qx_config.h(46): warning: '__CC_ARM' is not defined, evaluates to 0 [-Wundef]
#if ((__CC_ARM == 0) || (__ARMCC_VERSION < 5000000))
      ^
C:/Users/shishov/AppData/Local/Arm/Packs/Keil/MDR1986BExx/1.5/Libraries/MDR1986BE4_StdPeriph_Driver/src/MDR32F9Qx_adc.c(6): warning: In file included from...
C:/Users/shishov/AppData/Local/Arm/Packs/Keil/MDR1986BExx/1.5/Config\MDR32F9Qx_config.h(47): warning: In file included from...
C:/Users/shishov/AppData/Local/Arm/Packs/Keil/MDR1986BExx/1.5/Config/MDR32F9Qx_board.h(28): warning: 'USE_MDR1986BE4' macro redefined [-Wmacro-redefined]
#define USE_MDR1986BE4
        ^
<command line>(4): note: previous definition is here
#define USE_MDR1986BE4 1
        ^
2 warnings generated.
compiling MDR32F9Qx_adc.c...
C:/Users/shishov/AppData/Local/Arm/Packs/Keil/MDR1986BExx/1.5/Libraries/MDR1986BE4_StdPeriph_Driver/src/MDR32F9Qx_rst_clk.c(6): warning: In file included from...
C:/Users/shishov/AppData/Local/Arm/Packs/Keil/MDR1986BExx/1.5/Config\MDR32F9Qx_config.h(46): warning: '__CC_ARM' is not defined, evaluates to 0 [-Wundef]
#if ((__CC_ARM == 0) || (__ARMCC_VERSION < 5000000))
      ^
C:/Users/shishov/AppData/Local/Arm/Packs/Keil/MDR1986BExx/1.5/Libraries/MDR1986BE4_StdPeriph_Driver/src/MDR32F9Qx_rst_clk.c(6): warning: In file included from...
C:/Users/shishov/AppData/Local/Arm/Packs/Keil/MDR1986BExx/1.5/Config\MDR32F9Qx_config.h(47): warning: In file included from...
C:/Users/shishov/AppData/Local/Arm/Packs/Keil/MDR1986BExx/1.5/Config/MDR32F9Qx_board.h(28): warning: 'USE_MDR1986BE4' macro redefined [-Wmacro-redefined]
#define USE_MDR1986BE4
        ^
<command line>(4): note: previous definition is here
#define USE_MDR1986BE4 1
        ^
C:/Users/shishov/AppData/Local/Arm/Packs/Keil/MDR1986BExx/1.5/Libraries/MDR1986BE4_StdPeriph_Driver/src/MDR32F9Qx_rst_clk.c(487): warning: implicit conversion changes signedness: 'int' to 'unsigned int' [-Wsign-conversion]
    temp &= ~(1<< RST_CLK_CPU_CLOCK_CPU_C2_SEL_Pos);
         ~~ ^~~~~~~~~~~~~~~~~~~~~~~~~~~~~~~~~~~~~~~
C:/Users/shishov/AppData/Local/Arm/Packs/Keil/MDR1986BExx/1.5/Libraries/MDR1986BE4_StdPeriph_Driver/src/MDR32F9Qx_rst_clk.c(982): warning: variable 'per_c2_freq' set but not used [-Wunused-but-set-variable]
  uint32_t per_c1_freq, per_c2_freq;
                        ^
4 warnings generated.
compiling MDR32F9Qx_rst_clk.c...
C:/Users/shishov/AppData/Local/Arm/Packs/Keil/MDR1986BExx/1.5/Libraries/MDR1986BE4_StdPeriph_Driver/src/MDR32F9Qx_timer.c(6): warning: In file included from...
C:/Users/shishov/AppData/Local/Arm/Packs/Keil/MDR1986BExx/1.5/Config\MDR32F9Qx_config.h(46): warning: '__CC_ARM' is not defined, evaluates to 0 [-Wundef]
#if ((__CC_ARM == 0) || (__ARMCC_VERSION < 5000000))
      ^
C:/Users/shishov/AppData/Local/Arm/Packs/Keil/MDR1986BExx/1.5/Libraries/MDR1986BE4_StdPeriph_Driver/src/MDR32F9Qx_timer.c(6): warning: In file included from...
C:/Users/shishov/AppData/Local/Arm/Packs/Keil/MDR1986BExx/1.5/Config\MDR32F9Qx_config.h(47): warning: In file included from...
C:/Users/shishov/AppData/Local/Arm/Packs/Keil/MDR1986BExx/1.5/Config/MDR32F9Qx_board.h(28): warning: 'USE_MDR1986BE4' macro redefined [-Wmacro-redefined]
#define USE_MDR1986BE4
        ^
<command line>(4): note: previous definition is here
#define USE_MDR1986BE4 1
        ^
C:/Users/shishov/AppData/Local/Arm/Packs/Keil/MDR1986BExx/1.5/Libraries/MDR1986BE4_StdPeriph_Driver/src/MDR32F9Qx_timer.c(112): warning: implicit conversion changes signedness: 'int' to 'uint32_t' (aka 'unsigned int') [-Wsign-conversion]
                      + TIMER_CntInitStruct->TIMER_BRK_Polarity;
                      ^~~~~~~~~~~~~~~~~~~~~~~~~~~~~~~~~~~~~~~~~
C:/Users/shishov/AppData/Local/Arm/Packs/Keil/MDR1986BExx/1.5/Libraries/MDR1986BE4_StdPeriph_Driver/src/MDR32F9Qx_timer.c(251): warning: implicit conversion loses integer precision: 'volatile uint32_t' (aka 'volatile unsigned int') to 'uint16_t' (aka 'unsigned short') [-Wimplicit-int-conversion]
  return TIMERx->CNT;
  ~~~~~~ ~~~~~~~~^~~
C:/Users/shishov/AppData/Local/Arm/Packs/Keil/MDR1986BExx/1.5/Libraries/MDR1986BE4_StdPeriph_Driver/src/MDR32F9Qx_timer.c(598): warning: implicit conversion changes signedness: 'int' to 'uint32_t' (aka 'unsigned int') [-Wsign-conversion]
                  + (TIMER_ChnInitStruct->TIMER_CH_FilterConf << TIMER_CH_CNTRL_CHFLTR_Pos);
                  ^~~~~~~~~~~~~~~~~~~~~~~~~~~~~~~~~~~~~~~~~~~~~~~~~~~~~~~~~~~~~~~~~~~~~~~~~
C:/Users/shishov/AppData/Local/Arm/Packs/Keil/MDR1986BExx/1.5/Libraries/MDR1986BE4_StdPeriph_Driver/src/MDR32F9Qx_timer.c(791): warning: implicit conversion loses integer precision: 'uint32_t' (aka 'unsigned int') to 'uint16_t' (aka 'unsigned short') [-Wimplicit-int-conversion]
  return tmpreg;
  ~~~~~~ ^~~~~~
C:/Users/shishov/AppData/Local/Arm/Packs/Keil/MDR1986BExx/1.5/Libraries/MDR1986BE4_StdPeriph_Driver/src/MDR32F9Qx_timer.c(817): warning: implicit conversion loses integer precision: 'uint32_t' (aka 'unsigned int') to 'uint16_t' (aka 'unsigned short') [-Wimplicit-int-conversion]
  return tmpreg;
  ~~~~~~ ^~~~~~
C:/Users/shishov/AppData/Local/Arm/Packs/Keil/MDR1986BExx/1.5/Libraries/MDR1986BE4_StdPeriph_Driver/src/MDR32F9Qx_timer.c(1222): warning: implicit conversion changes signedness: 'int' to 'uint32_t' (aka 'unsigned int') [-Wsign-conversion]
                   + (TIMER_ChnOutInitStruct->TIMER_CH_NegOut_Mode     << TIMER_CH_CNTRL1_NSELOE_Pos);
                   ^~~~~~~~~~~~~~~~~~~~~~~~~~~~~~~~~~~~~~~~~~~~~~~~~~~~~~~~~~~~~~~~~~~~~~~~~~~~~~~~~~
C:/Users/shishov/AppData/Local/Arm/Packs/Keil/MDR1986BExx/1.5/Libraries/MDR1986BE4_StdPeriph_Driver/src/MDR32F9Qx_timer.c(1230): warning: implicit conversion changes signedness: 'int' to 'uint32_t' (aka 'unsigned int') [-Wsign-conversion]
                + TIMER_ChnOutInitStruct->TIMER_CH_DTG_ClockSource;
                ^~~~~~~~~~~~~~~~~~~~~~~~~~~~~~~~~~~~~~~~~~~~~~~~~~
9 warnings generated.
compiling MDR32F9Qx_timer.c...
C:/Users/shishov/AppData/Local/Arm/Packs/Keil/MDR1986BExx/1.5/Libraries/MDR1986BE4_StdPeriph_Driver/src/MDR32F9Qx_uart.c(6): warning: In file included from...
C:/Users/shishov/AppData/Local/Arm/Packs/Keil/MDR1986BExx/1.5/Config\MDR32F9Qx_config.h(46): warning: '__CC_ARM' is not defined, evaluates to 0 [-Wundef]
#if ((__CC_ARM == 0) || (__ARMCC_VERSION < 5000000))
      ^
C:/Users/shishov/AppData/Local/Arm/Packs/Keil/MDR1986BExx/1.5/Libraries/MDR1986BE4_StdPeriph_Driver/src/MDR32F9Qx_uart.c(6): warning: In file included from...
C:/Users/shishov/AppData/Local/Arm/Packs/Keil/MDR1986BExx/1.5/Config\MDR32F9Qx_config.h(47): warning: In file included from...
C:/Users/shishov/AppData/Local/Arm/Packs/Keil/MDR1986BExx/1.5/Config/MDR32F9Qx_board.h(28): warning: 'USE_MDR1986BE4' macro redefined [-Wmacro-redefined]
#define USE_MDR1986BE4
        ^
<command line>(4): note: previous definition is here
#define USE_MDR1986BE4 1
        ^
C:/Users/shishov/AppData/Local/Arm/Packs/Keil/MDR1986BExx/1.5/Libraries/MDR1986BE4_StdPeriph_Driver/src/MDR32F9Qx_uart.c(149): warning: implicit conversion changes signedness: 'int' to 'unsigned int' [-Wsign-conversion]
        tmpreg &= ~CR_FC_Mask;
               ~~ ^~~~~~~~~~~
C:/Users/shishov/AppData/Local/Arm/Packs/Keil/MDR1986BExx/1.5/Libraries/MDR1986BE4_StdPeriph_Driver/src/MDR32F9Qx_uart.c(7): warning: In file included from...
C:/Users/shishov/AppData/Local/Arm/Packs/Keil/MDR1986BExx/1.5/Libraries/MDR1986BE4_StdPeriph_Driver/inc\MDR32F9Qx_uart.h(31): warning: padding size of 'UART_InitTypeDef' with 2 bytes to alignment boundary [-Wpadded]
typedef struct
        ^
4 warnings generated.
compiling MDR32F9Qx_uart.c...
linking...
Program Size: Code=8748 RO-data=252 RW-data=4 ZI-data=10432  
".\Objects\NIR.axf" - 0 Error(s), 135 Warning(s).

<h2>Software Packages used:</h2>

Package Vendor: ARM
                http://www.keil.com/pack/ARM.CMSIS.5.9.0.pack
                ARM.CMSIS.5.9.0
                CMSIS (Common Microcontroller Software Interface Standard)
   * Component: CORE Version: 5.6.0

Package Vendor: Keil
                http://www.keil.com/pack/Keil.MDR1986BExx.1.5.pack
                Keil.MDR1986BExx.1.5
                Milandr MDR1986BExx Series Device Support, Drivers and Examples
   * Component: Startup Version: 1.5
   * Component: ADC Version: 1.5
   * Component: PORT Version: 1.5
   * Component: RST_CLK Version: 1.5
   * Component: TIMER Version: 1.5
   * Component: UART Version: 1.5

<h2>Collection of Component include folders:</h2>
  ./RTE/Device/MDR1986BE4
  ./RTE/_Target_1
  C:/Users/shishov/AppData/Local/Arm/Packs/ARM/CMSIS/5.9.0/CMSIS/Core/Include
  C:/Users/shishov/AppData/Local/Arm/Packs/Keil/MDR1986BExx/1.5/Config
  C:/Users/shishov/AppData/Local/Arm/Packs/Keil/MDR1986BExx/1.5/Libraries/CMSIS/CM0/CoreSupport
  C:/Users/shishov/AppData/Local/Arm/Packs/Keil/MDR1986BExx/1.5/Libraries/CMSIS/CM0/DeviceSupport/MDR1986BE4/inc
  C:/Users/shishov/AppData/Local/Arm/Packs/Keil/MDR1986BExx/1.5/Libraries/MDR1986BE4_StdPeriph_Driver/inc

<h2>Collection of Component Files used:</h2>

   * Component: ARM::CMSIS:CORE:5.6.0

   * Component: Keil::Device:Startup:1.5
      Include file:  Libraries/CMSIS/CM0/CoreSupport/core_cm0.h
      Source file:   Libraries/CMSIS/CM0/DeviceSupport/MDR1986BE4/startup/arm/system_MDR1986BE4.c
      Include file:  Libraries/CMSIS/CM0/DeviceSupport/MDR1986BE4/startup/arm/system_MDR1986BE4.h
      Source file:   Libraries/CMSIS/CM0/DeviceSupport/MDR1986BE4/startup/arm/startup_MDR1986BE4.s
      Include file:  Config/MDR32F9Qx_config.h

   * Component: Keil::Drivers:ADC:1.5
      Source file:   Libraries/MDR1986BE4_StdPeriph_Driver/src/MDR32F9Qx_adc.c
      Include file:  Libraries/MDR1986BE4_StdPeriph_Driver/inc/MDR32F9Qx_adc.h

   * Component: Keil::Drivers:PORT:1.5
      Source file:   Libraries/MDR1986BE4_StdPeriph_Driver/src/MDR32F9Qx_port.c
      Include file:  Libraries/MDR1986BE4_StdPeriph_Driver/inc/MDR32F9Qx_port.h

   * Component: Keil::Drivers:RST_CLK:1.5
      Include file:  Libraries/MDR1986BE4_StdPeriph_Driver/inc/MDR32F9Qx_rst_clk.h
      Source file:   Libraries/MDR1986BE4_StdPeriph_Driver/src/MDR32F9Qx_rst_clk.c

   * Component: Keil::Drivers:TIMER:1.5
      Source file:   Libraries/MDR1986BE4_StdPeriph_Driver/src/MDR32F9Qx_timer.c
      Include file:  Libraries/MDR1986BE4_StdPeriph_Driver/inc/MDR32F9Qx_timer.h

   * Component: Keil::Drivers:UART:1.5
      Source file:   Libraries/MDR1986BE4_StdPeriph_Driver/src/MDR32F9Qx_uart.c
      Include file:  Libraries/MDR1986BE4_StdPeriph_Driver/inc/MDR32F9Qx_uart.h
Build Time Elapsed:  00:00:03
</pre>
</body>
</html>
