Component: Arm Compiler for Embedded 6.18 Tool: armlink [5e4cc100]

==============================================================================

Section Cross References

    main.o(.text.main) refers to ports.o(.text.PortsInit) for PortsInit
    main.o(.text.main) refers to adc.o(.text.ADCInit) for ADCInit
    main.o(.text.main) refers to adc.o(.text.ADC_Channel_Init) for ADC_Channel_Init
    main.o(.text.main) refers to timer.o(.text.TIMER1_init) for TIMER1_init
    main.o(.text.main) refers to uart.o(.text.UARTInit) for UARTInit
    main.o(.text.main) refers to uart.o(.text.UART_send_string) for UART_send_string
    main.o(.text.main) refers to main.o(.rodata.str1.1) for [Anonymous Symbol]
    main.o(.ARM.exidx.text.main) refers to main.o(.text.main) for [Anonymous Symbol]
    adc.o(.ARM.exidx.text.Delay) refers to adc.o(.text.Delay) for [Anonymous Symbol]
    adc.o(.text.ADCInit) refers to mdr32f9qx_rst_clk.o(.text.RST_CLK_PCLKcmd) for RST_CLK_PCLKcmd
    adc.o(.text.ADCInit) refers to mdr32f9qx_adc.o(.text.ADC_StructInit) for ADC_StructInit
    adc.o(.text.ADCInit) refers to mdr32f9qx_adc.o(.text.ADC_Init) for ADC_Init
    adc.o(.text.ADCInit) refers to adc.o(.bss.ADC) for ADC
    adc.o(.ARM.exidx.text.ADCInit) refers to adc.o(.text.ADCInit) for [Anonymous Symbol]
    adc.o(.text.ADC_Channel_Init) refers to mdr32f9qx_adc.o(.text.ADCx_StructInit) for ADCx_StructInit
    adc.o(.text.ADC_Channel_Init) refers to mdr32f9qx_adc.o(.text.ADC1_Init) for ADC1_Init
    adc.o(.text.ADC_Channel_Init) refers to mdr32f9qx_adc.o(.text.ADC1_Cmd) for ADC1_Cmd
    adc.o(.text.ADC_Channel_Init) refers to adc.o(.bss.ADC3) for ADC3
    adc.o(.ARM.exidx.text.ADC_Channel_Init) refers to adc.o(.text.ADC_Channel_Init) for [Anonymous Symbol]
    adc.o(.text.ADC_start_mesuare) refers to strlen.o(.text) for strlen
    adc.o(.text.ADC_start_mesuare) refers to rt_memclr.o(.text) for __aeabi_memclr
    adc.o(.text.ADC_start_mesuare) refers to mdr32f9qx_adc.o(.text.ADC1_SetChannel) for ADC1_SetChannel
    adc.o(.text.ADC_start_mesuare) refers to mdr32f9qx_adc.o(.text.ADC1_Start) for ADC1_Start
    adc.o(.text.ADC_start_mesuare) refers to mdr32f9qx_adc.o(.text.ADC1_GetStatus) for ADC1_GetStatus
    adc.o(.text.ADC_start_mesuare) refers to mdr32f9qx_adc.o(.text.ADC1_GetResult) for ADC1_GetResult
    adc.o(.text.ADC_start_mesuare) refers to fflti.o(.text) for __aeabi_ui2f
    adc.o(.text.ADC_start_mesuare) refers to fmul.o(x$fpl$fmul) for __aeabi_fmul
    adc.o(.text.ADC_start_mesuare) refers to faddsub.o(x$fpl$fadd) for __aeabi_fadd
    adc.o(.text.ADC_start_mesuare) refers to adc.o(.text.averaging) for averaging
    adc.o(.text.ADC_start_mesuare) refers to f2d.o(.text) for __aeabi_f2d
    adc.o(.text.ADC_start_mesuare) refers to sprintf.o(.text) for sprintf
    adc.o(.text.ADC_start_mesuare) refers to strcat.o(.text) for strcat
    adc.o(.text.ADC_start_mesuare) refers to adc.o(.bss.TX_data) for [Anonymous Symbol]
    adc.o(.text.ADC_start_mesuare) refers to uart.o(.text.UART_send_string) for UART_send_string
    adc.o(.text.ADC_start_mesuare) refers to adc.o(.rodata.str1.1) for [Anonymous Symbol]
    adc.o(.ARM.exidx.text.ADC_start_mesuare) refers to adc.o(.text.ADC_start_mesuare) for [Anonymous Symbol]
    adc.o(.text.averaging) refers to faddsub.o(x$fpl$fadd) for __aeabi_fadd
    adc.o(.text.averaging) refers to fdiv.o(.text) for __aeabi_fdiv
    adc.o(.ARM.exidx.text.averaging) refers to adc.o(.text.averaging) for [Anonymous Symbol]
    timer.o(.text.TIMER1_init) refers to mdr32f9qx_rst_clk.o(.text.RST_CLK_PCLKcmd) for RST_CLK_PCLKcmd
    timer.o(.text.TIMER1_init) refers to mdr32f9qx_timer.o(.text.TIMER_CntStructInit) for TIMER_CntStructInit
    timer.o(.text.TIMER1_init) refers to mdr32f9qx_timer.o(.text.TIMER_CntInit) for TIMER_CntInit
    timer.o(.text.TIMER1_init) refers to mdr32f9qx_timer.o(.text.TIMER_ChnStructInit) for TIMER_ChnStructInit
    timer.o(.text.TIMER1_init) refers to mdr32f9qx_timer.o(.text.TIMER_ChnInit) for TIMER_ChnInit
    timer.o(.text.TIMER1_init) refers to mdr32f9qx_timer.o(.text.TIMER_SetChnCompare) for TIMER_SetChnCompare
    timer.o(.text.TIMER1_init) refers to mdr32f9qx_timer.o(.text.TIMER_ChnOutStructInit) for TIMER_ChnOutStructInit
    timer.o(.text.TIMER1_init) refers to mdr32f9qx_timer.o(.text.TIMER_ChnOutInit) for TIMER_ChnOutInit
    timer.o(.text.TIMER1_init) refers to mdr32f9qx_timer.o(.text.TIMER_BRGInit) for TIMER_BRGInit
    timer.o(.text.TIMER1_init) refers to timer.o(.text.__NVIC_EnableIRQ) for __NVIC_EnableIRQ
    timer.o(.text.TIMER1_init) refers to mdr32f9qx_timer.o(.text.TIMER_ITConfig) for TIMER_ITConfig
    timer.o(.text.TIMER1_init) refers to timer.o(.text.__NVIC_SetPriority) for __NVIC_SetPriority
    timer.o(.text.TIMER1_init) refers to mdr32f9qx_timer.o(.text.TIMER_Cmd) for TIMER_Cmd
    timer.o(.text.TIMER1_init) refers to timer.o(.bss.TIMERInitStruct) for TIMERInitStruct
    timer.o(.text.TIMER1_init) refers to timer.o(.bss.sTIM_ChnInit) for sTIM_ChnInit
[...]
    ../clib/printf_percent.s                 0x00000000   Number         0  _printf_g.o ABSOLUTE
    ../clib/printf_percent.s                 0x00000000   Number         0  _printf_a.o ABSOLUTE
    ../clib/printf_percent.s                 0x00000000   Number         0  _printf_percent.o ABSOLUTE
    ../clib/printf_percent.s                 0x00000000   Number         0  _printf_lli.o ABSOLUTE
    ../clib/printf_percent.s                 0x00000000   Number         0  _printf_lld.o ABSOLUTE
    ../clib/printf_percent.s                 0x00000000   Number         0  _printf_llu.o ABSOLUTE
    ../clib/printf_percent.s                 0x00000000   Number         0  _printf_ll.o ABSOLUTE
    ../clib/printf_percent.s                 0x00000000   Number         0  _printf_l.o ABSOLUTE
    ../clib/printf_percent.s                 0x00000000   Number         0  _printf_lc.o ABSOLUTE
    ../clib/printf_percent.s                 0x00000000   Number         0  _printf_ls.o ABSOLUTE
    ../clib/printf_percent.s                 0x00000000   Number         0  _printf_llo.o ABSOLUTE
    ../clib/printf_percent.s                 0x00000000   Number         0  _printf_llx.o ABSOLUTE
    ../clib/printf_percent.s                 0x00000000   Number         0  _printf_percent_end.o ABSOLUTE
    ../clib/signal.c                         0x00000000   Number         0  defsig_fpe_outer.o ABSOLUTE
    ../clib/signal.c                         0x00000000   Number         0  defsig_fpe_formal.o ABSOLUTE
    ../clib/signal.c                         0x00000000   Number         0  defsig_exit.o ABSOLUTE
    ../clib/signal.c                         0x00000000   Number         0  defsig_fpe_inner.o ABSOLUTE
    ../clib/signal.c                         0x00000000   Number         0  __raise.o ABSOLUTE
    ../clib/signal.c                         0x00000000   Number         0  defsig_general.o ABSOLUTE
    ../clib/signal.c                         0x00000000   Number         0  defsig_abrt_inner.o ABSOLUTE
    ../clib/signal.c                         0x00000000   Number         0  defsig_rtred_inner.o ABSOLUTE
    ../clib/signal.c                         0x00000000   Number         0  defsig_rtmem_inner.o ABSOLUTE
    ../clib/signal.c                         0x00000000   Number         0  defsig_rtmem_outer.o ABSOLUTE
    ../clib/signal.c                         0x00000000   Number         0  defsig_rtmem_formal.o ABSOLUTE
    ../clib/signal.c                         0x00000000   Number         0  defsig_stak_inner.o ABSOLUTE
    ../clib/signal.c                         0x00000000   Number         0  defsig_pvfn_inner.o ABSOLUTE
    ../clib/signal.c                         0x00000000   Number         0  defsig_cppl_inner.o ABSOLUTE
    ../clib/signal.c                         0x00000000   Number         0  defsig_segv_inner.o ABSOLUTE
    ../clib/signal.c                         0x00000000   Number         0  defsig_other.o ABSOLUTE
    ../clib/signal.s                         0x00000000   Number         0  defsig.o ABSOLUTE
    ../clib/stdlib.c                         0x00000000   Number         0  exit.o ABSOLUTE
    ../clib/string.c                         0x00000000   Number         0  strlen.o ABSOLUTE
    ../clib/string.c                         0x00000000   Number         0  strcat.o ABSOLUTE
    ../clib/string.c                         0x00000000   Number         0  strcmp.o ABSOLUTE
    ../fplib/cfplib/f2d.c                    0x00000000   Number         0  f2d.o ABSOLUTE
    ../fplib/cfplib/fdiv.c                   0x00000000   Number         0  fdiv.o ABSOLUTE
    ../fplib/cfplib/fflt.c                   0x00000000   Number         0  fflti.o ABSOLUTE
    ../fplib/cfplib/fpinit.c                 0x00000000   Number         0  fpinit.o ABSOLUTE
    ../fplib/cfplib/ieee_status.c            0x00000000   Number         0  ieee_status.o ABSOLUTE
    ../fplib/faddsub6m.s                     0x00000000   Number         0  faddsub.o ABSOLUTE
    ../fplib/fmul6m.s                        0x00000000   Number         0  fmul.o ABSOLUTE
    ../fplib/printf1.s                       0x00000000   Number         0  printf1.o ABSOLUTE
    ../fplib/printf2.s                       0x00000000   Number         0  printf2.o ABSOLUTE
    ../fplib/printf2a.s                      0x00000000   Number         0  printf2a.o ABSOLUTE
    ../fplib/printf2b.s                      0x00000000   Number         0  printf2b.o ABSOLUTE
    ../fplib/usenofp.s                       0x00000000   Number         0  usenofp.o ABSOLUTE
    ../mathlib/fpclassify.c                  0x00000000   Number         0  fpclassify.o ABSOLUTE
    ADC.c                                    0x00000000   Number         0  adc.o ABSOLUTE
    DATA_INTERFACE.c                         0x00000000   Number         0  data_interface.o ABSOLUTE
    MDR32F9Qx_adc.c                          0x00000000   Number         0  mdr32f9qx_adc.o ABSOLUTE
    MDR32F9Qx_port.c                         0x00000000   Number         0  mdr32f9qx_port.o ABSOLUTE
    MDR32F9Qx_rst_clk.c                      0x00000000   Number         0  mdr32f9qx_rst_clk.o ABSOLUTE
    MDR32F9Qx_timer.c                        0x00000000   Number         0  mdr32f9qx_timer.o ABSOLUTE
    MDR32F9Qx_uart.c                         0x00000000   Number         0  mdr32f9qx_uart.o ABSOLUTE
    PORTS.c                                  0x00000000   Number         0  ports.o ABSOLUTE
    RTE/Device/MDR1986BE4/startup_MDR1986BE4.s 0x00000000   Number         0  startup_mdr1986be4.o ABSOLUTE
    TIMER.c                                  0x00000000   Number         0  timer.o ABSOLUTE
    UART.c                                   0x00000000   Number         0  uart.o ABSOLUTE
    dc.s                                     0x00000000   Number         0  dc.o ABSOLUTE
    main.c                                   0x00000000   Number         0  main.o ABSOLUTE
    system_MDR1986BE4.c                      0x00000000   Number         0  system_mdr1986be4.o ABSOLUTE
    RESET                                    0x00000000   Section      156  startup_mdr1986be4.o(RESET)
    !!!main                                  0x0000009c   Section        8  __main.o(!!!main)
    !!!scatter                               0x000000a4   Section       60  __scatter.o(!!!scatter)
    !!handler_copy                           0x000000e0   Section       26  __scatter_copy.o(!!handler_copy)
    !!handler_zi                             0x000000fc   Section       28  __scatter_zi.o(!!handler_zi)
    .ARM.Collect$$_printf_percent$$00000000  0x00000118   Section        2  _printf_percent.o(.ARM.Collect$$_printf_percent$$00000000)
    .ARM.Collect$$_printf_percent$$00000001  0x0000011a   Section       10  _printf_n.o(.ARM.Collect$$_printf_percent$$00000001)
    .ARM.Collect$$_printf_percent$$00000002  0x00000124   Section       10  _printf_p.o(.ARM.Collect$$_printf_percent$$00000002)
    .ARM.Collect$$_printf_percent$$00000003  0x0000012e   Section       10  _printf_f.o(.ARM.Collect$$_printf_percent$$00000003)
    .ARM.Collect$$_printf_percent$$00000004  0x00000138   Section       10  _printf_e.o(.ARM.Collect$$_printf_percent$$00000004)
    .ARM.Collect$$_printf_percent$$00000005  0x00000142   Section       10  _printf_g.o(.ARM.Collect$$_printf_percent$$00000005)
    .ARM.Collect$$_printf_percent$$00000006  0x0000014c   Section       10  _printf_a.o(.ARM.Collect$$_printf_percent$$00000006)
    .ARM.Collect$$_printf_percent$$00000007  0x00000156   Section       10  _printf_ll.o(.ARM.Collect$$_printf_percent$$00000007)
    .ARM.Collect$$_printf_percent$$00000008  0x00000160   Section       10  _printf_i.o(.ARM.Collect$$_printf_percent$$00000008)
    .ARM.Collect$$_printf_percent$$00000009  0x0000016a   Section       10  _printf_d.o(.ARM.Collect$$_printf_percent$$00000009)
    .ARM.Collect$$_printf_percent$$0000000A  0x00000174   Section       10  _printf_u.o(.ARM.Collect$$_printf_percent$$0000000A)
    .ARM.Collect$$_printf_percent$$0000000B  0x0000017e   Section       10  _printf_o.o(.ARM.Collect$$_printf_percent$$0000000B)
    .ARM.Collect$$_printf_percent$$0000000C  0x00000188   Section       10  _printf_x.o(.ARM.Collect$$_printf_percent$$0000000C)
    .ARM.Collect$$_printf_percent$$0000000D  0x00000192   Section       10  _printf_lli.o(.ARM.Collect$$_printf_percent$$0000000D)
    .ARM.Collect$$_printf_percent$$0000000E  0x0000019c   Section       10  _printf_lld.o(.ARM.Collect$$_printf_percent$$0000000E)
    .ARM.Collect$$_printf_percent$$0000000F  0x000001a6   Section       10  _printf_llu.o(.ARM.Collect$$_printf_percent$$0000000F)
    .ARM.Collect$$_printf_percent$$00000010  0x000001b0   Section       10  _printf_llo.o(.ARM.Collect$$_printf_percent$$00000010)
    .ARM.Collect$$_printf_percent$$00000011  0x000001ba   Section       10  _printf_llx.o(.ARM.Collect$$_printf_percent$$00000011)
    .ARM.Collect$$_printf_percent$$00000012  0x000001c4   Section       10  _printf_l.o(.ARM.Collect$$_printf_percent$$00000012)
    .ARM.Collect$$_printf_percent$$00000013  0x000001ce   Section       10  _printf_c.o(.ARM.Collect$$_printf_percent$$00000013)
    .ARM.Collect$$_printf_percent$$00000014  0x000001d8   Section       10  _printf_s.o(.ARM.Collect$$_printf_percent$$00000014)
    .ARM.Collect$$_printf_percent$$00000015  0x000001e2   Section       10  _printf_lc.o(.ARM.Collect$$_printf_percent$$00000015)
    .ARM.Collect$$_printf_percent$$00000016  0x000001ec   Section       10  _printf_ls.o(.ARM.Collect$$_printf_percent$$00000016)
    .ARM.Collect$$_printf_percent$$00000017  0x000001f6   Section        4  _printf_percent_end.o(.ARM.Collect$$_printf_percent$$00000017)
    .ARM.Collect$$libinit$$00000000          0x000001fa   Section        2  libinit.o(.ARM.Collect$$libinit$$00000000)
    .ARM.Collect$$libinit$$00000002          0x000001fc   Section        0  libinit2.o(.ARM.Collect$$libinit$$00000002)
    .ARM.Collect$$libinit$$00000004          0x000001fc   Section        0  libinit2.o(.ARM.Collect$$libinit$$00000004)
    .ARM.Collect$$libinit$$00000006          0x000001fc   Section        0  libinit2.o(.ARM.Collect$$libinit$$00000006)
    .ARM.Collect$$libinit$$0000000C          0x000001fc   Section        0  libinit2.o(.ARM.Collect$$libinit$$0000000C)
    .ARM.Collect$$libinit$$0000000E          0x000001fc   Section        0  libinit2.o(.ARM.Collect$$libinit$$0000000E)
    .ARM.Collect$$libinit$$00000010          0x000001fc   Section        0  libinit2.o(.ARM.Collect$$libinit$$00000010)
    .ARM.Collect$$libinit$$00000011          0x000001fc   Section        6  libinit2.o(.ARM.Collect$$libinit$$00000011)
    .ARM.Collect$$libinit$$00000013          0x00000202   Section        0  libinit2.o(.ARM.Collect$$libinit$$00000013)
    .ARM.Collect$$libinit$$00000014          0x00000202   Section       12  libinit2.o(.ARM.Collect$$libinit$$00000014)
    .ARM.Collect$$libinit$$00000015          0x0000020e   Section        0  libinit2.o(.ARM.Collect$$libinit$$00000015)
    .ARM.Collect$$libinit$$00000017          0x0000020e   Section        0  libinit2.o(.ARM.Collect$$libinit$$00000017)
    .ARM.Collect$$libinit$$00000018          0x0000020e   Section       10  libinit2.o(.ARM.Collect$$libinit$$00000018)
    .ARM.Collect$$libinit$$00000019          0x00000218   Section        0  libinit2.o(.ARM.Collect$$libinit$$00000019)
    .ARM.Collect$$libinit$$0000001B          0x00000218   Section        0  libinit2.o(.ARM.Collect$$libinit$$0000001B)
    .ARM.Collect$$libinit$$0000001D          0x00000218   Section        0  libinit2.o(.ARM.Collect$$libinit$$0000001D)
    .ARM.Collect$$libinit$$0000001F          0x00000218   Section        0  libinit2.o(.ARM.Collect$$libinit$$0000001F)
    .ARM.Collect$$libinit$$00000021          0x00000218   Section        0  libinit2.o(.ARM.Collect$$libinit$$00000021)
    .ARM.Collect$$libinit$$00000023          0x00000218   Section        0  libinit2.o(.ARM.Collect$$libinit$$00000023)
    .ARM.Collect$$libinit$$00000025          0x00000218   Section        0  libinit2.o(.ARM.Collect$$libinit$$00000025)
    .ARM.Collect$$libinit$$00000027          0x00000218   Section        0  libinit2.o(.ARM.Collect$$libinit$$00000027)
    .ARM.Collect$$libinit$$0000002E          0x00000218   Section        0  libinit2.o(.ARM.Collect$$libinit$$0000002E)
    .ARM.Collect$$libinit$$00000030          0x00000218   Section        0  libinit2.o(.ARM.Collect$$libinit$$00000030)
    .ARM.Collect$$libinit$$00000032          0x00000218   Section        0  libinit2.o(.ARM.Collect$$libinit$$00000032)
    .ARM.Collect$$libinit$$00000034          0x00000218   Section        0  libinit2.o(.ARM.Collect$$libinit$$00000034)
    .ARM.Collect$$libinit$$00000035          0x00000218   Section        2  libinit2.o(.ARM.Collect$$libinit$$00000035)
    .ARM.Collect$$libshutdown$$00000000      0x0000021a   Section        2  libshutdown.o(.ARM.Collect$$libshutdown$$00000000)
    .ARM.Collect$$libshutdown$$00000002      0x0000021c   Section        0  libshutdown2.o(.ARM.Collect$$libshutdown$$00000002)
    .ARM.Collect$$libshutdown$$00000004      0x0000021c   Section        0  libshutdown2.o(.ARM.Collect$$libshutdown$$00000004)
    .ARM.Collect$$libshutdown$$00000007      0x0000021c   Section        0  libshutdown2.o(.ARM.Collect$$libshutdown$$00000007)
    .ARM.Collect$$libshutdown$$0000000A      0x0000021c   Section        0  libshutdown2.o(.ARM.Collect$$libshutdown$$0000000A)
    .ARM.Collect$$libshutdown$$0000000C      0x0000021c   Section        0  libshutdown2.o(.ARM.Collect$$libshutdown$$0000000C)
    .ARM.Collect$$libshutdown$$0000000F      0x0000021c   Section        0  libshutdown2.o(.ARM.Collect$$libshutdown$$0000000F)
    .ARM.Collect$$libshutdown$$00000010      0x0000021c   Section        2  libshutdown2.o(.ARM.Collect$$libshutdown$$00000010)
    .ARM.Collect$$rtentry$$00000000          0x0000021e   Section        0  __rtentry.o(.ARM.Collect$$rtentry$$00000000)
    .ARM.Collect$$rtentry$$00000002          0x0000021e   Section        0  __rtentry2.o(.ARM.Collect$$rtentry$$00000002)
    .ARM.Collect$$rtentry$$00000004          0x0000021e   Section        6  __rtentry4.o(.ARM.Collect$$rtentry$$00000004)
    .ARM.Collect$$rtentry$$00000009          0x00000224   Section        0  __rtentry2.o(.ARM.Collect$$rtentry$$00000009)
    .ARM.Collect$$rtentry$$0000000A          0x00000224   Section        4  __rtentry2.o(.ARM.Collect$$rtentry$$0000000A)
    .ARM.Collect$$rtentry$$0000000C          0x00000228   Section        0  __rtentry2.o(.ARM.Collect$$rtentry$$0000000C)
    .ARM.Collect$$rtentry$$0000000D          0x00000228   Section        8  __rtentry2.o(.ARM.Collect$$rtentry$$0000000D)
    .ARM.Collect$$rtexit$$00000000           0x00000230   Section        2  rtexit.o(.ARM.Collect$$rtexit$$00000000)
    .ARM.Collect$$rtexit$$00000002           0x00000232   Section        0  rtexit2.o(.ARM.Collect$$rtexit$$00000002)
    .ARM.Collect$$rtexit$$00000003           0x00000232   Section        4  rtexit2.o(.ARM.Collect$$rtexit$$00000003)
    .ARM.Collect$$rtexit$$00000004           0x00000236   Section        6  rtexit2.o(.ARM.Collect$$rtexit$$00000004)
    .text                                    0x0000023c   Section      100  startup_mdr1986be4.o(.text)
    .text                                    0x000002a0   Section        0  sprintf.o(.text)
    .text                                    0x000002cc   Section        0  strlen.o(.text)
    .text                                    0x00000310   Section        0  strcat.o(.text)
    .text                                    0x00000328   Section        0  rt_memclr.o(.text)
    .text                                    0x00000368   Section      364  aeabi_sdiv.o(.text)
    .text                                    0x000004d4   Section        0  heapauxi.o(.text)
    .text                                    0x000004da   Section        0  _printf_pad.o(.text)
    .text                                    0x00000528   Section        0  _printf_truncate.o(.text)
    .text                                    0x0000054c   Section        0  _printf_str.o(.text)
    .text                                    0x000005a0   Section        0  _printf_dec.o(.text)
    .text                                    0x0000060c   Section        0  _printf_charcount.o(.text)
    _printf_input_char                       0x00000635   Thumb Code    10  _printf_char_common.o(.text)
    .text                                    0x00000634   Section        0  _printf_char_common.o(.text)
    .text                                    0x00000664   Section        0  _sputc.o(.text)
    .text                                    0x00000670   Section        0  _printf_wctomb.o(.text)
    .text                                    0x0000072c   Section        0  _printf_longlong_dec.o(.text)
    _printf_longlong_oct_internal            0x0000079d   Thumb Code     0  _printf_oct_int_ll.o(.text)
    .text                                    0x0000079c   Section        0  _printf_oct_int_ll.o(.text)
    _printf_hex_common                       0x0000080d   Thumb Code     0  _printf_hex_int_ll_ptr.o(.text)
    .text                                    0x0000080c   Section        0  _printf_hex_int_ll_ptr.o(.text)
    .text                                    0x000008a4   Section        0  __printf_flags_ss_wp.o(.text)
    .text                                    0x00000a2c   Section        0  lludiv10.o(.text)
    .text                                    0x00000aa6   Section        0  _printf_intcommon.o(.text)
    _fp_digits                               0x00000b59   Thumb Code   412  _printf_fp_dec.o(.text)
    .text                                    0x00000b58   Section        0  _printf_fp_dec.o(.text)
    .text                                    0x00000f6c   Section        0  _printf_fp_hex.o(.text)
    .text                                    0x00001244   Section        0  _printf_char.o(.text)
    .text                                    0x00001272   Section        0  _printf_wchar.o(.text)
    .text                                    0x000012a0   Section        0  _c16rtomb.o(.text)
    .text                                    0x000012e2   Section        0  rtudiv10.o(.text)
    .text                                    0x0000130a   Section       62  sys_stackheap_outer.o(.text)
    .text                                    0x00001348   Section       16  rt_ctype_table.o(.text)
    .text                                    0x00001358   Section        8  rt_locale_intlibspace.o(.text)
    .text                                    0x00001360   Section        0  _printf_fp_infnan.o(.text)
    .text                                    0x000013e8   Section        0  bigflt0.o(.text)
    .text                                    0x000014c0   Section        0  btod.o(.text)
    btod_internal_mul                        0x00001501   Thumb Code   492  btod.o(.text)
    btod_internal_div                        0x000016ed   Thumb Code   520  btod.o(.text)
    .text                                    0x00001a40   Section        0  exit.o(.text)
    .text                                    0x00001a50   Section        8  libspace.o(.text)
    .text                                    0x00001a58   Section        0  strcmp.o(.text)
    .text                                    0x00001ae0   Section        0  sys_exit.o(.text)
    .text                                    0x00001aec   Section        2  use_no_semi.o(.text)
    .text                                    0x00001aee   Section        0  indicate_semi.o(.text)
    [Anonymous Symbol]                       0x00001af0   Section        0  mdr32f9qx_adc.o(.text.ADC1_Cmd)
    [Anonymous Symbol]                       0x00001b24   Section        0  mdr32f9qx_adc.o(.text.ADC1_Init)
    __arm_cp.4_1                             0x00001ba0   Number         4  mdr32f9qx_adc.o(.text.ADC1_Init)
    __arm_cp.4_2                             0x00001ba4   Number         4  mdr32f9qx_adc.o(.text.ADC1_Init)
    __arm_cp.4_3                             0x00001ba8   Number         4  mdr32f9qx_adc.o(.text.ADC1_Init)
    __arm_cp.4_4                             0x00001bac   Number         4  mdr32f9qx_adc.o(.text.ADC1_Init)
    __arm_cp.4_5                             0x00001bb0   Number         4  mdr32f9qx_adc.o(.text.ADC1_Init)
    [Anonymous Symbol]                       0x00001bb4   Section        0  adc.o(.text.ADCInit)
    __arm_cp.1_0                             0x00001bd4   Number         4  adc.o(.text.ADCInit)
    [Anonymous Symbol]                       0x00001bd8   Section        0  adc.o(.text.ADC_Channel_Init)
    __arm_cp.2_0                             0x00001c00   Number         4  adc.o(.text.ADC_Channel_Init)
    [Anonymous Symbol]                       0x00001c04   Section        0  mdr32f9qx_adc.o(.text.ADC_Init)
    __arm_cp.1_0                             0x00001c48   Number         4  mdr32f9qx_adc.o(.text.ADC_Init)
    __arm_cp.1_1                             0x00001c4c   Number         4  mdr32f9qx_adc.o(.text.ADC_Init)
    __arm_cp.1_2                             0x00001c50   Number         4  mdr32f9qx_adc.o(.text.ADC_Init)
    [Anonymous Symbol]                       0x00001c54   Section        0  mdr32f9qx_adc.o(.text.ADC_StructInit)
    [Anonymous Symbol]                       0x00001c7a   Section        0  mdr32f9qx_adc.o(.text.ADCx_StructInit)
    [Anonymous Symbol]                       0x00001cb4   Section        0  data_interface.o(.text.Find_Crc32)
    __arm_cp.1_0                             0x00001d70   Number         4  data_interface.o(.text.Find_Crc32)
    [Anonymous Symbol]                       0x00001d74   Section        0  mdr32f9qx_port.o(.text.PORT_Init)
    __arm_cp.1_0                             0x00001f80   Number         4  mdr32f9qx_port.o(.text.PORT_Init)
    __arm_cp.1_1                             0x00001f84   Number         4  mdr32f9qx_port.o(.text.PORT_Init)
    __arm_cp.1_2                             0x00001f88   Number         4  mdr32f9qx_port.o(.text.PORT_Init)
    [Anonymous Symbol]                       0x00001f8c   Section        0  mdr32f9qx_port.o(.text.PORT_StructInit)
    __arm_cp.2_0                             0x00001fc0   Number         4  mdr32f9qx_port.o(.text.PORT_StructInit)
    [Anonymous Symbol]                       0x00001fc4   Section        0  ports.o(.text.PortsInit)
    __arm_cp.0_0                             0x00002084   Number         4  ports.o(.text.PortsInit)
    __arm_cp.0_1                             0x00002088   Number         4  ports.o(.text.PortsInit)
    [Anonymous Symbol]                       0x0000208c   Section        0  mdr32f9qx_rst_clk.o(.text.RST_CLK_GetClocksFreq)
    __arm_cp.33_4                            0x00002318   Number         4  mdr32f9qx_rst_clk.o(.text.RST_CLK_GetClocksFreq)
    [Anonymous Symbol]                       0x0000231c   Section        0  mdr32f9qx_rst_clk.o(.text.RST_CLK_PCLKcmd)
    [Anonymous Symbol]                       0x00002348   Section        0  system_mdr1986be4.o(.text.SystemCoreClockUpdate)
    __arm_cp.0_1                             0x000023f8   Number         4  system_mdr1986be4.o(.text.SystemCoreClockUpdate)
    __arm_cp.0_3                             0x000023fc   Number         4  system_mdr1986be4.o(.text.SystemCoreClockUpdate)
    __arm_cp.0_4                             0x00002400   Number         4  system_mdr1986be4.o(.text.SystemCoreClockUpdate)
    [Anonymous Symbol]                       0x00002404   Section        0  system_mdr1986be4.o(.text.SystemInit)
    __arm_cp.1_0                             0x00002434   Number         4  system_mdr1986be4.o(.text.SystemInit)
    __arm_cp.1_1                             0x00002438   Number         4  system_mdr1986be4.o(.text.SystemInit)
    __arm_cp.1_2                             0x0000243c   Number         4  system_mdr1986be4.o(.text.SystemInit)
    __arm_cp.1_3                             0x00002440   Number         4  system_mdr1986be4.o(.text.SystemInit)
    __arm_cp.1_4                             0x00002444   Number         4  system_mdr1986be4.o(.text.SystemInit)
    __arm_cp.1_5                             0x00002448   Number         4  system_mdr1986be4.o(.text.SystemInit)
    __arm_cp.1_6                             0x0000244c   Number         4  system_mdr1986be4.o(.text.SystemInit)
    [Anonymous Symbol]                       0x00002450   Section        0  timer.o(.text.TIMER1_IRQHandler)
    __arm_cp.3_0                             0x00002488   Number         4  timer.o(.text.TIMER1_IRQHandler)
    __arm_cp.3_1                             0x0000248c   Number         4  timer.o(.text.TIMER1_IRQHandler)
    [Anonymous Symbol]                       0x00002490   Section        0  timer.o(.text.TIMER1_init)
    __arm_cp.0_0                             0x00002538   Number         4  timer.o(.text.TIMER1_init)
    __arm_cp.0_1                             0x0000253c   Number         4  timer.o(.text.TIMER1_init)
    __arm_cp.0_3                             0x00002540   Number         4  timer.o(.text.TIMER1_init)
    __arm_cp.0_4                             0x00002544   Number         4  timer.o(.text.TIMER1_init)
    __arm_cp.0_5                             0x00002548   Number         4  timer.o(.text.TIMER1_init)
    [Anonymous Symbol]                       0x0000254c   Section        0  mdr32f9qx_timer.o(.text.TIMER_BRGInit)
    __arm_cp.55_0                            0x000025b4   Number         4  mdr32f9qx_timer.o(.text.TIMER_BRGInit)
    __arm_cp.55_1                            0x000025b8   Number         4  mdr32f9qx_timer.o(.text.TIMER_BRGInit)
    __arm_cp.55_2                            0x000025bc   Number         4  mdr32f9qx_timer.o(.text.TIMER_BRGInit)
    [Anonymous Symbol]                       0x000025c0   Section        0  mdr32f9qx_timer.o(.text.TIMER_ChnInit)
    [Anonymous Symbol]                       0x0000263a   Section        0  mdr32f9qx_timer.o(.text.TIMER_ChnOutInit)
    [Anonymous Symbol]                       0x00002696   Section        0  mdr32f9qx_timer.o(.text.TIMER_ChnOutStructInit)
    [Anonymous Symbol]                       0x000026c4   Section        0  mdr32f9qx_timer.o(.text.TIMER_ChnStructInit)
    [Anonymous Symbol]                       0x000026fe   Section        0  mdr32f9qx_timer.o(.text.TIMER_ClearFlag)
    [Anonymous Symbol]                       0x00002712   Section        0  mdr32f9qx_timer.o(.text.TIMER_Cmd)
    [Anonymous Symbol]                       0x00002746   Section        0  mdr32f9qx_timer.o(.text.TIMER_CntInit)
    [Anonymous Symbol]                       0x0000279e   Section        0  mdr32f9qx_timer.o(.text.TIMER_CntStructInit)
    [Anonymous Symbol]                       0x000027d8   Section        0  mdr32f9qx_timer.o(.text.TIMER_ITConfig)
    [Anonymous Symbol]                       0x0000280e   Section        0  mdr32f9qx_timer.o(.text.TIMER_SetChnCompare)
    [Anonymous Symbol]                       0x00002830   Section        0  uart.o(.text.UARTInit)
    [Anonymous Symbol]                       0x00002878   Section        0  mdr32f9qx_uart.o(.text.UART_BRGInit)
    [Anonymous Symbol]                       0x000028e0   Section        0  mdr32f9qx_uart.o(.text.UART_Cmd)
    __arm_cp.3_0                             0x0000290c   Number         4  mdr32f9qx_uart.o(.text.UART_Cmd)
    [Anonymous Symbol]                       0x00002910   Section        0  mdr32f9qx_uart.o(.text.UART_GetFlagStatus)
    [Anonymous Symbol]                       0x0000293c   Section        0  mdr32f9qx_uart.o(.text.UART_Init)
    __arm_cp.1_0                             0x00002a34   Number         4  mdr32f9qx_uart.o(.text.UART_Init)
    __arm_cp.1_2                             0x00002a38   Number         4  mdr32f9qx_uart.o(.text.UART_Init)
    __arm_cp.1_3                             0x00002a3c   Number         4  mdr32f9qx_uart.o(.text.UART_Init)
    [Anonymous Symbol]                       0x00002a40   Section        0  mdr32f9qx_uart.o(.text.UART_SendData)
    __arm_cp.10_0                            0x00002a58   Number         4  mdr32f9qx_uart.o(.text.UART_SendData)
    [Anonymous Symbol]                       0x00002a5c   Section        0  uart.o(.text.UART_send_string)
    __arm_cp.1_0                             0x00002aa8   Number         4  uart.o(.text.UART_send_string)
    __NVIC_EnableIRQ                         0x00002aad   Thumb Code    40  timer.o(.text.__NVIC_EnableIRQ)
    [Anonymous Symbol]                       0x00002aac   Section        0  timer.o(.text.__NVIC_EnableIRQ)
    __arm_cp.1_0                             0x00002ad4   Number         4  timer.o(.text.__NVIC_EnableIRQ)
    __NVIC_SetPriority                       0x00002ad9   Thumb Code   124  timer.o(.text.__NVIC_SetPriority)
    [Anonymous Symbol]                       0x00002ad8   Section        0  timer.o(.text.__NVIC_SetPriority)
    __arm_cp.2_0                             0x00002b54   Number         4  timer.o(.text.__NVIC_SetPriority)
    __arm_cp.2_1                             0x00002b58   Number         4  timer.o(.text.__NVIC_SetPriority)
    [Anonymous Symbol]                       0x00002b5c   Section        0  main.o(.text.main)
    __arm_cp.0_0                             0x00002b84   Number         4  main.o(.text.main)
    [Anonymous Symbol]                       0x00002b88   Section        0  data_interface.o(.text.send_data)
    __arm_cp.0_0                             0x00002dac   Number         4  data_interface.o(.text.send_data)
    __arm_cp.0_1                             0x00002db0   Number         4  data_interface.o(.text.send_data)
    __arm_cp.0_2                             0x00002db4   Number         4  data_interface.o(.text.send_data)
    __arm_cp.0_3                             0x00002db8   Number         4  data_interface.o(.text.send_data)
    __arm_cp.0_4                             0x00002dbc   Number         4  data_interface.o(.text.send_data)
    __arm_cp.0_5                             0x00002dc0   Number         4  data_interface.o(.text.send_data)
    __arm_cp.0_6                             0x00002dc4   Number         4  data_interface.o(.text.send_data)
    __arm_cp.0_7                             0x00002dc8   Number         4  data_interface.o(.text.send_data)
    __arm_cp.0_8                             0x00002dcc   Number         4  data_interface.o(.text.send_data)
    __arm_cp.0_9                             0x00002dd0   Number         4  data_interface.o(.text.send_data)
    __arm_cp.0_10                            0x00002dd4   Number         4  data_interface.o(.text.send_data)
    i.__ARM_common_ll_muluu                  0x00002dd8   Section        0  btod.o(i.__ARM_common_ll_muluu)
    i.__ARM_fpclassify                       0x00002e08   Section        0  fpclassify.o(i.__ARM_fpclassify)
    i._is_digit                              0x00002e34   Section        0  __printf_wp.o(i._is_digit)
    locale$$code                             0x00002e44   Section       44  lc_numeric_c.o(locale$$code)
    locale$$code                             0x00002e70   Section       44  lc_ctype_c.o(locale$$code)
    x$fpl$printf1                            0x00002e9c   Section       16  printf1.o(x$fpl$printf1)
    x$fpl$printf2                            0x00002eac   Section       16  printf2.o(x$fpl$printf2)
    initial_mbstate                          0x00002ebc   Data           8  _printf_wctomb.o(.constdata)
    .constdata                               0x00002ebc   Section        8  _printf_wctomb.o(.constdata)
    x$fpl$usenofp                            0x00002ebc   Section        0  usenofp.o(x$fpl$usenofp)
    uc_hextab                                0x00002ec4   Data          20  _printf_hex_int_ll_ptr.o(.constdata)
    .constdata                               0x00002ec4   Section       40  _printf_hex_int_ll_ptr.o(.constdata)
    lc_hextab                                0x00002ed8   Data          20  _printf_hex_int_ll_ptr.o(.constdata)
    maptable                                 0x00002eec   Data          17  __printf_flags_ss_wp.o(.constdata)
    .constdata                               0x00002eec   Section       17  __printf_flags_ss_wp.o(.constdata)
    lc_hextab                                0x00002efd   Data          19  _printf_fp_hex.o(.constdata)
    .constdata                               0x00002efd   Section       38  _printf_fp_hex.o(.constdata)
    uc_hextab                                0x00002f10   Data          19  _printf_fp_hex.o(.constdata)
    tenpwrs_x                                0x00002f24   Data          60  bigflt0.o(.constdata)
    .constdata                               0x00002f24   Section      148  bigflt0.o(.constdata)
    tenpwrs_i                                0x00002f60   Data          64  bigflt0.o(.constdata)
    [Anonymous Symbol]                       0x00002fb8   Section        0  main.o(.rodata.str1.1)
    [Anonymous Symbol]                       0x00002fda   Section        0  data_interface.o(.rodata.str1.1)
    locale$$data                             0x00003030   Section       28  lc_numeric_c.o(locale$$data)
    __lcnum_c_name                           0x00003034   Data           2  lc_numeric_c.o(locale$$data)
    __lcnum_c_start                          0x0000303c   Data           0  lc_numeric_c.o(locale$$data)
    __lcnum_c_point                          0x00003048   Data           0  lc_numeric_c.o(locale$$data)
    __lcnum_c_thousands                      0x0000304a   Data           0  lc_numeric_c.o(locale$$data)
    __lcnum_c_grouping                       0x0000304b   Data           0  lc_numeric_c.o(locale$$data)
    __lcnum_c_end                            0x0000304c   Data           0  lc_numeric_c.o(locale$$data)
    locale$$data                             0x0000304c   Section      272  lc_ctype_c.o(locale$$data)
    __lcctype_c_name                         0x00003050   Data           2  lc_ctype_c.o(locale$$data)
    __lcctype_c_start                        0x00003058   Data           0  lc_ctype_c.o(locale$$data)
    __lcctype_c_end                          0x0000315c   Data           0  lc_ctype_c.o(locale$$data)
    .bss                                     0x20000008   Section       96  libspace.o(.bss)
    Heap_Mem                                 0x200000f8   Data        4096  startup_mdr1986be4.o(HEAP)
    HEAP                                     0x200000f8   Section     4096  startup_mdr1986be4.o(HEAP)
    Stack_Mem                                0x200010f8   Data        1024  startup_mdr1986be4.o(STACK)
    STACK                                    0x200010f8   Section     1024  startup_mdr1986be4.o(STACK)
    __initial_sp                             0x200014f8   Data           0  startup_mdr1986be4.o(STACK)

    Global Symbols

    Symbol Name                              Value     Ov Type        Size  Object(Section)

    BuildAttributes$$THM_ISAv3M$S$PE$A:L22$X:L11$S22$IEEE1$IW$~IW$USESV6$~STKCKD$USESV7$~SHL$OTIME$ROPI$IEEEJ$EBA8$UX$STANDARDLIB$REQ8$PRES8$EABIv2 0x00000000   Number         0  anon$$obj.o ABSOLUTE
    __Vectors                                0x00000000   Data           4  startup_mdr1986be4.o(RESET)
    _printf_flags                            0x00000000   Number         0  printf_stubs.o ABSOLUTE
    _printf_return_value                     0x00000000   Number         0  printf_stubs.o ABSOLUTE
    _printf_sizespec                         0x00000000   Number         0  printf_stubs.o ABSOLUTE
    _printf_widthprec                        0x00000000   Number         0  printf_stubs.o ABSOLUTE
    __ARM_exceptions_init                     - Undefined Weak Reference
    __alloca_initialize                       - Undefined Weak Reference
    __arm_preinit_                            - Undefined Weak Reference
    __arm_relocate_pie_                       - Undefined Weak Reference
    __cpp_initialize__aeabi_                  - Undefined Weak Reference
    __cxa_finalize                            - Undefined Weak Reference
    __sigvec_lookup                           - Undefined Weak Reference
    _atexit_init                              - Undefined Weak Reference
    _call_atexit_fns                          - Undefined Weak Reference
    _clock_init                               - Undefined Weak Reference
    _fp_trap_init                             - Undefined Weak Reference
    _fp_trap_shutdown                         - Undefined Weak Reference
    _get_lc_collate                           - Undefined Weak Reference
    _get_lc_monetary                          - Undefined Weak Reference
    _get_lc_time                              - Undefined Weak Reference
    _getenv_init                              - Undefined Weak Reference
    _handle_redirection                       - Undefined Weak Reference
    _init_alloc                               - Undefined Weak Reference
    _init_user_alloc                          - Undefined Weak Reference
    _initio                                   - Undefined Weak Reference
    _printf_mbtowc                            - Undefined Weak Reference
    _printf_wc                                - Undefined Weak Reference
    _rand_init                                - Undefined Weak Reference
    _signal_finish                            - Undefined Weak Reference
    _signal_init                              - Undefined Weak Reference
    _terminate_alloc                          - Undefined Weak Reference
    _terminate_user_alloc                     - Undefined Weak Reference
    _terminateio                              - Undefined Weak Reference
    __Vectors_End                            0x0000009c   Data           0  startup_mdr1986be4.o(RESET)
    __Vectors_Size                           0x0000009c   Number         0  startup_mdr1986be4.o ABSOLUTE
    __main                                   0x0000009d   Thumb Code     8  __main.o(!!!main)
    __scatterload                            0x000000a5   Thumb Code     0  __scatter.o(!!!scatter)
    __scatterload_rt2                        0x000000a5   Thumb Code    52  __scatter.o(!!!scatter)
    __scatterload_rt2_thumb_only             0x000000a5   Thumb Code     0  __scatter.o(!!!scatter)
    __scatterload_null                       0x000000b5   Thumb Code     0  __scatter.o(!!!scatter)
    __scatterload_copy                       0x000000e1   Thumb Code    26  __scatter_copy.o(!!handler_copy)
    __scatterload_zeroinit                   0x000000fd   Thumb Code    28  __scatter_zi.o(!!handler_zi)
    _printf_percent                          0x00000119   Thumb Code     0  _printf_percent.o(.ARM.Collect$$_printf_percent$$00000000)
    _printf_n                                0x0000011b   Thumb Code     0  _printf_n.o(.ARM.Collect$$_printf_percent$$00000001)
    _printf_p                                0x00000125   Thumb Code     0  _printf_p.o(.ARM.Collect$$_printf_percent$$00000002)
    _printf_f                                0x0000012f   Thumb Code     0  _printf_f.o(.ARM.Collect$$_printf_percent$$00000003)
    _printf_e                                0x00000139   Thumb Code     0  _printf_e.o(.ARM.Collect$$_printf_percent$$00000004)
    _printf_g                                0x00000143   Thumb Code     0  _printf_g.o(.ARM.Collect$$_printf_percent$$00000005)
    _printf_a                                0x0000014d   Thumb Code     0  _printf_a.o(.ARM.Collect$$_printf_percent$$00000006)
    _printf_ll                               0x00000157   Thumb Code     0  _printf_ll.o(.ARM.Collect$$_printf_percent$$00000007)
    _printf_i                                0x00000161   Thumb Code     0  _printf_i.o(.ARM.Collect$$_printf_percent$$00000008)
    _printf_d                                0x0000016b   Thumb Code     0  _printf_d.o(.ARM.Collect$$_printf_percent$$00000009)
    _printf_u                                0x00000175   Thumb Code     0  _printf_u.o(.ARM.Collect$$_printf_percent$$0000000A)
    _printf_o                                0x0000017f   Thumb Code     0  _printf_o.o(.ARM.Collect$$_printf_percent$$0000000B)
    _printf_x                                0x00000189   Thumb Code     0  _printf_x.o(.ARM.Collect$$_printf_percent$$0000000C)
    _printf_lli                              0x00000193   Thumb Code     0  _printf_lli.o(.ARM.Collect$$_printf_percent$$0000000D)
    _printf_lld                              0x0000019d   Thumb Code     0  _printf_lld.o(.ARM.Collect$$_printf_percent$$0000000E)
    _printf_llu                              0x000001a7   Thumb Code     0  _printf_llu.o(.ARM.Collect$$_printf_percent$$0000000F)
    _printf_llo                              0x000001b1   Thumb Code     0  _printf_llo.o(.ARM.Collect$$_printf_percent$$00000010)
    _printf_llx                              0x000001bb   Thumb Code     0  _printf_llx.o(.ARM.Collect$$_printf_percent$$00000011)
    _printf_l                                0x000001c5   Thumb Code     0  _printf_l.o(.ARM.Collect$$_printf_percent$$00000012)
    _printf_c                                0x000001cf   Thumb Code     0  _printf_c.o(.ARM.Collect$$_printf_percent$$00000013)
    _printf_s                                0x000001d9   Thumb Code     0  _printf_s.o(.ARM.Collect$$_printf_percent$$00000014)
    _printf_lc                               0x000001e3   Thumb Code     0  _printf_lc.o(.ARM.Collect$$_printf_percent$$00000015)
    _printf_ls                               0x000001ed   Thumb Code     0  _printf_ls.o(.ARM.Collect$$_printf_percent$$00000016)
    _printf_percent_end                      0x000001f7   Thumb Code     0  _printf_percent_end.o(.ARM.Collect$$_printf_percent$$00000017)
    __rt_lib_init                            0x000001fb   Thumb Code     0  libinit.o(.ARM.Collect$$libinit$$00000000)
    __rt_lib_init_fp_1                       0x000001fd   Thumb Code     0  libinit2.o(.ARM.Collect$$libinit$$00000002)
    __rt_lib_init_heap_1                     0x000001fd   Thumb Code     0  libinit2.o(.ARM.Collect$$libinit$$0000000C)
    __rt_lib_init_lc_common                  0x000001fd   Thumb Code     0  libinit2.o(.ARM.Collect$$libinit$$00000011)
    __rt_lib_init_preinit_1                  0x000001fd   Thumb Code     0  libinit2.o(.ARM.Collect$$libinit$$00000006)
    __rt_lib_init_rand_1                     0x000001fd   Thumb Code     0  libinit2.o(.ARM.Collect$$libinit$$00000010)
    __rt_lib_init_relocate_pie_1             0x000001fd   Thumb Code     0  libinit2.o(.ARM.Collect$$libinit$$00000004)
    __rt_lib_init_user_alloc_1               0x000001fd   Thumb Code     0  libinit2.o(.ARM.Collect$$libinit$$0000000E)
    __rt_lib_init_lc_collate_1               0x00000203   Thumb Code     0  libinit2.o(.ARM.Collect$$libinit$$00000013)
    __rt_lib_init_lc_ctype_2                 0x00000203   Thumb Code     0  libinit2.o(.ARM.Collect$$libinit$$00000014)
    __rt_lib_init_lc_ctype_1                 0x0000020f   Thumb Code     0  libinit2.o(.ARM.Collect$$libinit$$00000015)
    __rt_lib_init_lc_monetary_1              0x0000020f   Thumb Code     0  libinit2.o(.ARM.Collect$$libinit$$00000017)
    __rt_lib_init_lc_numeric_2               0x0000020f   Thumb Code     0  libinit2.o(.ARM.Collect$$libinit$$00000018)
    __rt_lib_init_alloca_1                   0x00000219   Thumb Code     0  libinit2.o(.ARM.Collect$$libinit$$00000030)
    __rt_lib_init_argv_1                     0x00000219   Thumb Code     0  libinit2.o(.ARM.Collect$$libinit$$0000002E)
    __rt_lib_init_atexit_1                   0x00000219   Thumb Code     0  libinit2.o(.ARM.Collect$$libinit$$0000001D)
    __rt_lib_init_clock_1                    0x00000219   Thumb Code     0  libinit2.o(.ARM.Collect$$libinit$$00000023)
    __rt_lib_init_cpp_1                      0x00000219   Thumb Code     0  libinit2.o(.ARM.Collect$$libinit$$00000034)
    __rt_lib_init_exceptions_1               0x00000219   Thumb Code     0  libinit2.o(.ARM.Collect$$libinit$$00000032)
    __rt_lib_init_fp_trap_1                  0x00000219   Thumb Code     0  libinit2.o(.ARM.Collect$$libinit$$00000021)
    __rt_lib_init_getenv_1                   0x00000219   Thumb Code     0  libinit2.o(.ARM.Collect$$libinit$$00000025)
    __rt_lib_init_lc_numeric_1               0x00000219   Thumb Code     0  libinit2.o(.ARM.Collect$$libinit$$00000019)
    __rt_lib_init_lc_time_1                  0x00000219   Thumb Code     0  libinit2.o(.ARM.Collect$$libinit$$0000001B)
    __rt_lib_init_return                     0x00000219   Thumb Code     0  libinit2.o(.ARM.Collect$$libinit$$00000035)
    __rt_lib_init_signal_1                   0x00000219   Thumb Code     0  libinit2.o(.ARM.Collect$$libinit$$0000001F)
    __rt_lib_init_stdio_1                    0x00000219   Thumb Code     0  libinit2.o(.ARM.Collect$$libinit$$00000027)
    __rt_lib_shutdown                        0x0000021b   Thumb Code     0  libshutdown.o(.ARM.Collect$$libshutdown$$00000000)
    __rt_lib_shutdown_cpp_1                  0x0000021d   Thumb Code     0  libshutdown2.o(.ARM.Collect$$libshutdown$$00000002)
    __rt_lib_shutdown_fp_trap_1              0x0000021d   Thumb Code     0  libshutdown2.o(.ARM.Collect$$libshutdown$$00000007)
    __rt_lib_shutdown_heap_1                 0x0000021d   Thumb Code     0  libshutdown2.o(.ARM.Collect$$libshutdown$$0000000F)
    __rt_lib_shutdown_return                 0x0000021d   Thumb Code     0  libshutdown2.o(.ARM.Collect$$libshutdown$$00000010)
    __rt_lib_shutdown_signal_1               0x0000021d   Thumb Code     0  libshutdown2.o(.ARM.Collect$$libshutdown$$0000000A)
    __rt_lib_shutdown_stdio_1                0x0000021d   Thumb Code     0  libshutdown2.o(.ARM.Collect$$libshutdown$$00000004)
    __rt_lib_shutdown_user_alloc_1           0x0000021d   Thumb Code     0  libshutdown2.o(.ARM.Collect$$libshutdown$$0000000C)
    __rt_entry                               0x0000021f   Thumb Code     0  __rtentry.o(.ARM.Collect$$rtentry$$00000000)
    __rt_entry_presh_1                       0x0000021f   Thumb Code     0  __rtentry2.o(.ARM.Collect$$rtentry$$00000002)
    __rt_entry_sh                            0x0000021f   Thumb Code     0  __rtentry4.o(.ARM.Collect$$rtentry$$00000004)
    __rt_entry_li                            0x00000225   Thumb Code     0  __rtentry2.o(.ARM.Collect$$rtentry$$0000000A)
    __rt_entry_postsh_1                      0x00000225   Thumb Code     0  __rtentry2.o(.ARM.Collect$$rtentry$$00000009)
    __rt_entry_main                          0x00000229   Thumb Code     0  __rtentry2.o(.ARM.Collect$$rtentry$$0000000D)
    __rt_entry_postli_1                      0x00000229   Thumb Code     0  __rtentry2.o(.ARM.Collect$$rtentry$$0000000C)
    __rt_exit                                0x00000231   Thumb Code     0  rtexit.o(.ARM.Collect$$rtexit$$00000000)
    __rt_exit_ls                             0x00000233   Thumb Code     0  rtexit2.o(.ARM.Collect$$rtexit$$00000003)
    __rt_exit_prels_1                        0x00000233   Thumb Code     0  rtexit2.o(.ARM.Collect$$rtexit$$00000002)
    __rt_exit_exit                           0x00000237   Thumb Code     0  rtexit2.o(.ARM.Collect$$rtexit$$00000004)
    Reset_Handler                            0x0000023d   Thumb Code     8  startup_mdr1986be4.o(.text)
    NonMaskableInt_Handler                   0x00000245   Thumb Code     2  startup_mdr1986be4.o(.text)
    HardFault_Handler                        0x00000247   Thumb Code     2  startup_mdr1986be4.o(.text)
    SVC_Handler                              0x00000249   Thumb Code     2  startup_mdr1986be4.o(.text)
    PendSV_Handler                           0x0000024b   Thumb Code     2  startup_mdr1986be4.o(.text)
    SysTick_Handler                          0x0000024d   Thumb Code     2  startup_mdr1986be4.o(.text)
    DMA_IRQHandler                           0x0000024f   Thumb Code     2  startup_mdr1986be4.o(.text)
    UART1_IRQHandler                         0x00000251   Thumb Code     2  startup_mdr1986be4.o(.text)
    UART2_IRQHandler                         0x00000253   Thumb Code     2  startup_mdr1986be4.o(.text)
    SSP1_IRQHandler                          0x00000255   Thumb Code     2  startup_mdr1986be4.o(.text)
    POWER_IRQHandler                         0x00000257   Thumb Code     2  startup_mdr1986be4.o(.text)
    WWDG_IRQHandler                          0x00000259   Thumb Code     2  startup_mdr1986be4.o(.text)
    TIMER2_IRQHandler                        0x0000025d   Thumb Code     2  startup_mdr1986be4.o(.text)
    ADC_IRQHandler                           0x0000025f   Thumb Code     2  startup_mdr1986be4.o(.text)
    COMPARATOR_IRQHandler                    0x00000261   Thumb Code     2  startup_mdr1986be4.o(.text)
    BACKUP_IRQHandler                        0x00000263   Thumb Code     2  startup_mdr1986be4.o(.text)
    EXT_INT0_IRQHandler                      0x00000265   Thumb Code     2  startup_mdr1986be4.o(.text)
    EXT_INT1_IRQHandler                      0x00000267   Thumb Code     2  startup_mdr1986be4.o(.text)
    EXT_INT2_IRQHandler                      0x00000269   Thumb Code     2  startup_mdr1986be4.o(.text)
    ADCIU_CH1_IRQHandler                     0x0000026b   Thumb Code     2  startup_mdr1986be4.o(.text)
    ADCIU_CH2_IRQHandler                     0x0000026d   Thumb Code     2  startup_mdr1986be4.o(.text)
    ADCIU_CH3_IRQHandler                     0x0000026f   Thumb Code     2  startup_mdr1986be4.o(.text)
    ADCIU_CH4_IRQHandler                     0x00000271   Thumb Code     2  startup_mdr1986be4.o(.text)
    ADCIU_CH5_IRQHandler                     0x00000273   Thumb Code     2  startup_mdr1986be4.o(.text)
    ADCIU_CH6_IRQHandler                     0x00000275   Thumb Code     2  startup_mdr1986be4.o(.text)
    ADCIU_CH7_IRQHandler                     0x00000277   Thumb Code     2  startup_mdr1986be4.o(.text)
    ADCIU_CH8_IRQHandler                     0x00000279   Thumb Code     2  startup_mdr1986be4.o(.text)
    ADCIU_IRQHandler                         0x0000027b   Thumb Code     2  startup_mdr1986be4.o(.text)
    __user_initial_stackheap                 0x0000027d   Thumb Code     0  startup_mdr1986be4.o(.text)
    sprintf                                  0x000002a1   Thumb Code    40  sprintf.o(.text)
    strlen                                   0x000002cd   Thumb Code    62  strlen.o(.text)
    strcat                                   0x00000311   Thumb Code    24  strcat.o(.text)
    _memset_w                                0x00000329   Thumb Code    26  rt_memclr.o(.text)
    _memset                                  0x00000343   Thumb Code    30  rt_memclr.o(.text)
    __aeabi_memclr                           0x00000361   Thumb Code     4  rt_memclr.o(.text)
    __rt_memclr                              0x00000361   Thumb Code     0  rt_memclr.o(.text)
    __aeabi_memclr4                          0x00000365   Thumb Code     0  rt_memclr.o(.text)
    __aeabi_memclr8                          0x00000365   Thumb Code     0  rt_memclr.o(.text)
    __rt_memclr_w                            0x00000365   Thumb Code     4  rt_memclr.o(.text)
    __aeabi_uidiv                            0x00000369   Thumb Code     0  aeabi_sdiv.o(.text)
    __aeabi_uidivmod                         0x00000369   Thumb Code    20  aeabi_sdiv.o(.text)
    __aeabi_idiv                             0x0000037d   Thumb Code     0  aeabi_sdiv.o(.text)
    __aeabi_idivmod                          0x0000037d   Thumb Code   338  aeabi_sdiv.o(.text)
    __use_two_region_memory                  0x000004d5   Thumb Code     2  heapauxi.o(.text)
    __rt_heap_escrow$2region                 0x000004d7   Thumb Code     2  heapauxi.o(.text)
    __rt_heap_expand$2region                 0x000004d9   Thumb Code     2  heapauxi.o(.text)
    _printf_pre_padding                      0x000004db   Thumb Code    44  _printf_pad.o(.text)
    _printf_post_padding                     0x00000507   Thumb Code    34  _printf_pad.o(.text)
    _printf_truncate_signed                  0x00000529   Thumb Code    18  _printf_truncate.o(.text)
    _printf_truncate_unsigned                0x0000053b   Thumb Code    18  _printf_truncate.o(.text)
    _printf_str                              0x0000054d   Thumb Code    82  _printf_str.o(.text)
    _printf_int_dec                          0x000005a1   Thumb Code    90  _printf_dec.o(.text)
    _printf_charcount                        0x0000060d   Thumb Code    38  _printf_charcount.o(.text)
    _printf_char_common                      0x0000063f   Thumb Code    32  _printf_char_common.o(.text)
    _sputc                                   0x00000665   Thumb Code    10  _sputc.o(.text)
    _printf_wctomb                           0x00000671   Thumb Code   182  _printf_wctomb.o(.text)
    _printf_longlong_dec                     0x0000072d   Thumb Code    94  _printf_longlong_dec.o(.text)
    _printf_longlong_oct                     0x0000079d   Thumb Code    68  _printf_oct_int_ll.o(.text)
    _printf_int_oct                          0x000007e1   Thumb Code    24  _printf_oct_int_ll.o(.text)
    _printf_ll_oct                           0x000007f9   Thumb Code    10  _printf_oct_int_ll.o(.text)
    _printf_longlong_hex                     0x0000080d   Thumb Code    88  _printf_hex_int_ll_ptr.o(.text)
    _printf_int_hex                          0x00000865   Thumb Code    28  _printf_hex_int_ll_ptr.o(.text)
    _printf_ll_hex                           0x00000881   Thumb Code    10  _printf_hex_int_ll_ptr.o(.text)
    _printf_hex_ptr                          0x0000088b   Thumb Code    22  _printf_hex_int_ll_ptr.o(.text)
    __printf                                 0x000008a5   Thumb Code   386  __printf_flags_ss_wp.o(.text)
    _ll_udiv10                               0x00000a2d   Thumb Code   122  lludiv10.o(.text)
    _printf_int_common                       0x00000aa7   Thumb Code   176  _printf_intcommon.o(.text)
    _printf_fp_dec_real                      0x00000cf5   Thumb Code   620  _printf_fp_dec.o(.text)
    _printf_fp_hex_real                      0x00000f6d   Thumb Code   718  _printf_fp_hex.o(.text)
    _printf_cs_common                        0x00001245   Thumb Code    22  _printf_char.o(.text)
    _printf_char                             0x0000125b   Thumb Code    16  _printf_char.o(.text)
    _printf_string                           0x0000126b   Thumb Code     8  _printf_char.o(.text)
    _printf_lcs_common                       0x00001273   Thumb Code    22  _printf_wchar.o(.text)
    _printf_wchar                            0x00001289   Thumb Code    16  _printf_wchar.o(.text)
    _printf_wstring                          0x00001299   Thumb Code     8  _printf_wchar.o(.text)
    _c16rtomb                                0x000012a1   Thumb Code    66  _c16rtomb.o(.text)
    _wcrtomb                                 0x000012a1   Thumb Code     0  _c16rtomb.o(.text)
    __rt_udiv10                              0x000012e3   Thumb Code    40  rtudiv10.o(.text)
    __user_setup_stackheap                   0x0000130b   Thumb Code    62  sys_stackheap_outer.o(.text)
    __rt_ctype_table                         0x00001349   Thumb Code    16  rt_ctype_table.o(.text)
    __rt_locale                              0x00001359   Thumb Code     8  rt_locale_intlibspace.o(.text)
    _printf_fp_infnan                        0x00001361   Thumb Code   120  _printf_fp_infnan.o(.text)
    _btod_etento                             0x000013e9   Thumb Code   210  bigflt0.o(.text)
    _btod_d2e                                0x000014c1   Thumb Code    64  btod.o(.text)
    _btod_emul                               0x000018f5   Thumb Code    28  btod.o(.text)
    _btod_emuld                              0x00001911   Thumb Code   144  btod.o(.text)
    _btod_ediv                               0x000019a1   Thumb Code    26  btod.o(.text)
    _btod_edivd                              0x000019bb   Thumb Code   124  btod.o(.text)
    exit                                     0x00001a41   Thumb Code    16  exit.o(.text)
    __user_libspace                          0x00001a51   Thumb Code     8  libspace.o(.text)
    __user_perproc_libspace                  0x00001a51   Thumb Code     0  libspace.o(.text)
    __user_perthread_libspace                0x00001a51   Thumb Code     0  libspace.o(.text)
    strcmp                                   0x00001a59   Thumb Code   132  strcmp.o(.text)
    _sys_exit                                0x00001ae1   Thumb Code     8  sys_exit.o(.text)
    __I$use$semihosting                      0x00001aed   Thumb Code     0  use_no_semi.o(.text)
    __use_no_semihosting_swi                 0x00001aed   Thumb Code     2  use_no_semi.o(.text)
    __semihosting_library_function           0x00001aef   Thumb Code     0  indicate_semi.o(.text)
    ADC1_Cmd                                 0x00001af1   Thumb Code    52  mdr32f9qx_adc.o(.text.ADC1_Cmd)
    ADC1_Init                                0x00001b25   Thumb Code   124  mdr32f9qx_adc.o(.text.ADC1_Init)
    ADCInit                                  0x00001bb5   Thumb Code    32  adc.o(.text.ADCInit)
    ADC_Channel_Init                         0x00001bd9   Thumb Code    40  adc.o(.text.ADC_Channel_Init)
    ADC_Init                                 0x00001c05   Thumb Code    68  mdr32f9qx_adc.o(.text.ADC_Init)
    ADC_StructInit                           0x00001c55   Thumb Code    38  mdr32f9qx_adc.o(.text.ADC_StructInit)
    ADCx_StructInit                          0x00001c7b   Thumb Code    58  mdr32f9qx_adc.o(.text.ADCx_StructInit)
    Find_Crc32                               0x00001cb5   Thumb Code   188  data_interface.o(.text.Find_Crc32)
    PORT_Init                                0x00001d75   Thumb Code   524  mdr32f9qx_port.o(.text.PORT_Init)
    PORT_StructInit                          0x00001f8d   Thumb Code    52  mdr32f9qx_port.o(.text.PORT_StructInit)
    PortsInit                                0x00001fc5   Thumb Code   192  ports.o(.text.PortsInit)
    RST_CLK_GetClocksFreq                    0x0000208d   Thumb Code   652  mdr32f9qx_rst_clk.o(.text.RST_CLK_GetClocksFreq)
    RST_CLK_PCLKcmd                          0x0000231d   Thumb Code    44  mdr32f9qx_rst_clk.o(.text.RST_CLK_PCLKcmd)
    SystemCoreClockUpdate                    0x00002349   Thumb Code   176  system_mdr1986be4.o(.text.SystemCoreClockUpdate)
    SystemInit                               0x00002405   Thumb Code    48  system_mdr1986be4.o(.text.SystemInit)
    TIMER1_IRQHandler                        0x00002451   Thumb Code    56  timer.o(.text.TIMER1_IRQHandler)
    TIMER1_init                              0x00002491   Thumb Code   168  timer.o(.text.TIMER1_init)
    TIMER_BRGInit                            0x0000254d   Thumb Code   104  mdr32f9qx_timer.o(.text.TIMER_BRGInit)
    TIMER_ChnInit                            0x000025c1   Thumb Code   122  mdr32f9qx_timer.o(.text.TIMER_ChnInit)
    TIMER_ChnOutInit                         0x0000263b   Thumb Code    92  mdr32f9qx_timer.o(.text.TIMER_ChnOutInit)
    TIMER_ChnOutStructInit                   0x00002697   Thumb Code    46  mdr32f9qx_timer.o(.text.TIMER_ChnOutStructInit)
    TIMER_ChnStructInit                      0x000026c5   Thumb Code    58  mdr32f9qx_timer.o(.text.TIMER_ChnStructInit)
    TIMER_ClearFlag                          0x000026ff   Thumb Code    20  mdr32f9qx_timer.o(.text.TIMER_ClearFlag)
    TIMER_Cmd                                0x00002713   Thumb Code    52  mdr32f9qx_timer.o(.text.TIMER_Cmd)
    TIMER_CntInit                            0x00002747   Thumb Code    88  mdr32f9qx_timer.o(.text.TIMER_CntInit)
    TIMER_CntStructInit                      0x0000279f   Thumb Code    58  mdr32f9qx_timer.o(.text.TIMER_CntStructInit)
    TIMER_ITConfig                           0x000027d9   Thumb Code    54  mdr32f9qx_timer.o(.text.TIMER_ITConfig)
    TIMER_SetChnCompare                      0x0000280f   Thumb Code    32  mdr32f9qx_timer.o(.text.TIMER_SetChnCompare)
    UARTInit                                 0x00002831   Thumb Code    72  uart.o(.text.UARTInit)
    UART_BRGInit                             0x00002879   Thumb Code   104  mdr32f9qx_uart.o(.text.UART_BRGInit)
    UART_Cmd                                 0x000028e1   Thumb Code    44  mdr32f9qx_uart.o(.text.UART_Cmd)
    UART_GetFlagStatus                       0x00002911   Thumb Code    42  mdr32f9qx_uart.o(.text.UART_GetFlagStatus)
    UART_Init                                0x0000293d   Thumb Code   248  mdr32f9qx_uart.o(.text.UART_Init)
    UART_SendData                            0x00002a41   Thumb Code    24  mdr32f9qx_uart.o(.text.UART_SendData)
    UART_send_string                         0x00002a5d   Thumb Code    76  uart.o(.text.UART_send_string)
    main                                     0x00002b5d   Thumb Code    40  main.o(.text.main)
    send_data                                0x00002b89   Thumb Code   548  data_interface.o(.text.send_data)
    __ARM_common_ll_muluu                    0x00002dd9   Thumb Code    48  btod.o(i.__ARM_common_ll_muluu)
    __ARM_fpclassify                         0x00002e09   Thumb Code    40  fpclassify.o(i.__ARM_fpclassify)
    _is_digit                                0x00002e35   Thumb Code    14  __printf_wp.o(i._is_digit)
    _get_lc_numeric                          0x00002e45   Thumb Code    44  lc_numeric_c.o(locale$$code)
    _get_lc_ctype                            0x00002e71   Thumb Code    44  lc_ctype_c.o(locale$$code)
    _printf_fp_dec                           0x00002e9d   Thumb Code    16  printf1.o(x$fpl$printf1)
    _printf_fp_hex                           0x00002ead   Thumb Code    16  printf2.o(x$fpl$printf2)
    __I$use$fp                               0x00002ebc   Number         0  usenofp.o(x$fpl$usenofp)
    Region$$Table$$Base                      0x00003010   Number         0  anon$$obj.o(Region$$Table)
    Region$$Table$$Limit                     0x00003030   Number         0  anon$$obj.o(Region$$Table)
    __ctype                                  0x00003059   Data           0  lc_ctype_c.o(locale$$data)
    SystemCoreClock                          0x20000000   Data           4  system_mdr1986be4.o(.data.SystemCoreClock)
    __libspace_start                         0x20000008   Data          96  libspace.o(.bss)
    ADC                                      0x20000068   Data          28  adc.o(.bss.ADC)
    __temporary_stack_top$libspace           0x20000068   Data           0  libspace.o(.bss)
    ADC3                                     0x20000084   Data          44  adc.o(.bss.ADC3)
    TIMERInitStruct                          0x200000b0   Data          24  timer.o(.bss.TIMERInitStruct)
    sTIM_ChnInit                             0x200000c8   Data          24  timer.o(.bss.sTIM_ChnInit)
    sTIM_ChnOutInit                          0x200000e0   Data          20  timer.o(.bss.sTIM_ChnOutInit)



==============================================================================

Memory Map of the image

  Image Entry point : 0x0000023d

  Load Region LR_1 (Base: 0x00000000, Size: 0x00003160, Max: 0xffffffff, ABSOLUTE)

    Execution Region ER_RO (Exec base: 0x00000000, Load base: 0x00000000, Size: 0x0000315c, Max: 0xffffffff, ABSOLUTE)

    Exec Addr    Load Addr    Size         Type   Attr      Idx    E Section Name        Object

    0x00000000   0x00000000   0x0000009c   Data   RO           85    RESET               startup_mdr1986be4.o
    0x0000009c   0x0000009c   0x00000008   Code   RO          441  * !!!main             c_p.l(__main.o)
    0x000000a4   0x000000a4   0x0000003c   Code   RO          789    !!!scatter          c_p.l(__scatter.o)
    0x000000e0   0x000000e0   0x0000001a   Code   RO          791    !!handler_copy      c_p.l(__scatter_copy.o)
    0x000000fa   0x000000fa   0x00000002   PAD
    0x000000fc   0x000000fc   0x0000001c   Code   RO          793    !!handler_zi        c_p.l(__scatter_zi.o)
    0x00000118   0x00000118   0x00000002   Code   RO          544    .ARM.Collect$$_printf_percent$$00000000  c_p.l(_printf_percent.o)
    0x0000011a   0x0000011a   0x0000000a   Code   RO          533    .ARM.Collect$$_printf_percent$$00000001  c_p.l(_printf_n.o)
    0x00000124   0x00000124   0x0000000a   Code   RO          535    .ARM.Collect$$_printf_percent$$00000002  c_p.l(_printf_p.o)
    0x0000012e   0x0000012e   0x0000000a   Code   RO          540    .ARM.Collect$$_printf_percent$$00000003  c_p.l(_printf_f.o)
    0x00000138   0x00000138   0x0000000a   Code   RO          541    .ARM.Collect$$_printf_percent$$00000004  c_p.l(_printf_e.o)
    0x00000142   0x00000142   0x0000000a   Code   RO          542    .ARM.Collect$$_printf_percent$$00000005  c_p.l(_printf_g.o)
    0x0000014c   0x0000014c   0x0000000a   Code   RO          543    .ARM.Collect$$_printf_percent$$00000006  c_p.l(_printf_a.o)
    0x00000156   0x00000156   0x0000000a   Code   RO          548    .ARM.Collect$$_printf_percent$$00000007  c_p.l(_printf_ll.o)
    0x00000160   0x00000160   0x0000000a   Code   RO          537    .ARM.Collect$$_printf_percent$$00000008  c_p.l(_printf_i.o)
    0x0000016a   0x0000016a   0x0000000a   Code   RO          538    .ARM.Collect$$_printf_percent$$00000009  c_p.l(_printf_d.o)
    0x00000174   0x00000174   0x0000000a   Code   RO          539    .ARM.Collect$$_printf_percent$$0000000A  c_p.l(_printf_u.o)
    0x0000017e   0x0000017e   0x0000000a   Code   RO          536    .ARM.Collect$$_printf_percent$$0000000B  c_p.l(_printf_o.o)
    0x00000188   0x00000188   0x0000000a   Code   RO          534    .ARM.Collect$$_printf_percent$$0000000C  c_p.l(_printf_x.o)
    0x00000192   0x00000192   0x0000000a   Code   RO          545    .ARM.Collect$$_printf_percent$$0000000D  c_p.l(_printf_lli.o)
    0x0000019c   0x0000019c   0x0000000a   Code   RO          546    .ARM.Collect$$_printf_percent$$0000000E  c_p.l(_printf_lld.o)
    0x000001a6   0x000001a6   0x0000000a   Code   RO          547    .ARM.Collect$$_printf_percent$$0000000F  c_p.l(_printf_llu.o)
    0x000001b0   0x000001b0   0x0000000a   Code   RO          552    .ARM.Collect$$_printf_percent$$00000010  c_p.l(_printf_llo.o)
    0x000001ba   0x000001ba   0x0000000a   Code   RO          553    .ARM.Collect$$_printf_percent$$00000011  c_p.l(_printf_llx.o)
    0x000001c4   0x000001c4   0x0000000a   Code   RO          549    .ARM.Collect$$_printf_percent$$00000012  c_p.l(_printf_l.o)
    0x000001ce   0x000001ce   0x0000000a   Code   RO          531    .ARM.Collect$$_printf_percent$$00000013  c_p.l(_printf_c.o)
    0x000001d8   0x000001d8   0x0000000a   Code   RO          532    .ARM.Collect$$_printf_percent$$00000014  c_p.l(_printf_s.o)
    0x000001e2   0x000001e2   0x0000000a   Code   RO          550    .ARM.Collect$$_printf_percent$$00000015  c_p.l(_printf_lc.o)
    0x000001ec   0x000001ec   0x0000000a   Code   RO          551    .ARM.Collect$$_printf_percent$$00000016  c_p.l(_printf_ls.o)
    0x000001f6   0x000001f6   0x00000004   Code   RO          597    .ARM.Collect$$_printf_percent$$00000017  c_p.l(_printf_percent_end.o)
    0x000001fa   0x000001fa   0x00000002   Code   RO          637    .ARM.Collect$$libinit$$00000000  c_p.l(libinit.o)
    0x000001fc   0x000001fc   0x00000000   Code   RO          662    .ARM.Collect$$libinit$$00000002  c_p.l(libinit2.o)
    0x000001fc   0x000001fc   0x00000000   Code   RO          664    .ARM.Collect$$libinit$$00000004  c_p.l(libinit2.o)
    0x000001fc   0x000001fc   0x00000000   Code   RO          666    .ARM.Collect$$libinit$$00000006  c_p.l(libinit2.o)
    0x000001fc   0x000001fc   0x00000000   Code   RO          669    .ARM.Collect$$libinit$$0000000C  c_p.l(libinit2.o)
    0x000001fc   0x000001fc   0x00000000   Code   RO          671    .ARM.Collect$$libinit$$0000000E  c_p.l(libinit2.o)
    0x000001fc   0x000001fc   0x00000000   Code   RO          673    .ARM.Collect$$libinit$$00000010  c_p.l(libinit2.o)
    0x000001fc   0x000001fc   0x00000006   Code   RO          674    .ARM.Collect$$libinit$$00000011  c_p.l(libinit2.o)
    0x00000202   0x00000202   0x00000000   Code   RO          676    .ARM.Collect$$libinit$$00000013  c_p.l(libinit2.o)
    0x00000202   0x00000202   0x0000000c   Code   RO          677    .ARM.Collect$$libinit$$00000014  c_p.l(libinit2.o)
    0x0000020e   0x0000020e   0x00000000   Code   RO          678    .ARM.Collect$$libinit$$00000015  c_p.l(libinit2.o)
    0x0000020e   0x0000020e   0x00000000   Code   RO          680    .ARM.Collect$$libinit$$00000017  c_p.l(libinit2.o)
    0x0000020e   0x0000020e   0x0000000a   Code   RO          681    .ARM.Collect$$libinit$$00000018  c_p.l(libinit2.o)
    0x00000218   0x00000218   0x00000000   Code   RO          682    .ARM.Collect$$libinit$$00000019  c_p.l(libinit2.o)
    0x00000218   0x00000218   0x00000000   Code   RO          684    .ARM.Collect$$libinit$$0000001B  c_p.l(libinit2.o)
    0x00000218   0x00000218   0x00000000   Code   RO          686    .ARM.Collect$$libinit$$0000001D  c_p.l(libinit2.o)
    0x00000218   0x00000218   0x00000000   Code   RO          688    .ARM.Collect$$libinit$$0000001F  c_p.l(libinit2.o)
    0x00000218   0x00000218   0x00000000   Code   RO          690    .ARM.Collect$$libinit$$00000021  c_p.l(libinit2.o)
    0x00000218   0x00000218   0x00000000   Code   RO          692    .ARM.Collect$$libinit$$00000023  c_p.l(libinit2.o)
    0x00000218   0x00000218   0x00000000   Code   RO          694    .ARM.Collect$$libinit$$00000025  c_p.l(libinit2.o)
    0x00000218   0x00000218   0x00000000   Code   RO          696    .ARM.Collect$$libinit$$00000027  c_p.l(libinit2.o)
    0x00000218   0x00000218   0x00000000   Code   RO          700    .ARM.Collect$$libinit$$0000002E  c_p.l(libinit2.o)
    0x00000218   0x00000218   0x00000000   Code   RO          702    .ARM.Collect$$libinit$$00000030  c_p.l(libinit2.o)
    0x00000218   0x00000218   0x00000000   Code   RO          704    .ARM.Collect$$libinit$$00000032  c_p.l(libinit2.o)
    0x00000218   0x00000218   0x00000000   Code   RO          706    .ARM.Collect$$libinit$$00000034  c_p.l(libinit2.o)
    0x00000218   0x00000218   0x00000002   Code   RO          707    .ARM.Collect$$libinit$$00000035  c_p.l(libinit2.o)
    0x0000021a   0x0000021a   0x00000002   Code   RO          744    .ARM.Collect$$libshutdown$$00000000  c_p.l(libshutdown.o)
    0x0000021c   0x0000021c   0x00000000   Code   RO          772    .ARM.Collect$$libshutdown$$00000002  c_p.l(libshutdown2.o)
    0x0000021c   0x0000021c   0x00000000   Code   RO          774    .ARM.Collect$$libshutdown$$00000004  c_p.l(libshutdown2.o)
    0x0000021c   0x0000021c   0x00000000   Code   RO          777    .ARM.Collect$$libshutdown$$00000007  c_p.l(libshutdown2.o)
    0x0000021c   0x0000021c   0x00000000   Code   RO          780    .ARM.Collect$$libshutdown$$0000000A  c_p.l(libshutdown2.o)
    0x0000021c   0x0000021c   0x00000000   Code   RO          782    .ARM.Collect$$libshutdown$$0000000C  c_p.l(libshutdown2.o)
    0x0000021c   0x0000021c   0x00000000   Code   RO          785    .ARM.Collect$$libshutdown$$0000000F  c_p.l(libshutdown2.o)
    0x0000021c   0x0000021c   0x00000002   Code   RO          786    .ARM.Collect$$libshutdown$$00000010  c_p.l(libshutdown2.o)
    0x0000021e   0x0000021e   0x00000000   Code   RO          458    .ARM.Collect$$rtentry$$00000000  c_p.l(__rtentry.o)
    0x0000021e   0x0000021e   0x00000000   Code   RO          564    .ARM.Collect$$rtentry$$00000002  c_p.l(__rtentry2.o)
    0x0000021e   0x0000021e   0x00000006   Code   RO          576    .ARM.Collect$$rtentry$$00000004  c_p.l(__rtentry4.o)
    0x00000224   0x00000224   0x00000000   Code   RO          566    .ARM.Collect$$rtentry$$00000009  c_p.l(__rtentry2.o)
    0x00000224   0x00000224   0x00000004   Code   RO          567    .ARM.Collect$$rtentry$$0000000A  c_p.l(__rtentry2.o)
    0x00000228   0x00000228   0x00000000   Code   RO          569    .ARM.Collect$$rtentry$$0000000C  c_p.l(__rtentry2.o)
    0x00000228   0x00000228   0x00000008   Code   RO          570    .ARM.Collect$$rtentry$$0000000D  c_p.l(__rtentry2.o)
    0x00000230   0x00000230   0x00000002   Code   RO          646    .ARM.Collect$$rtexit$$00000000  c_p.l(rtexit.o)
    0x00000232   0x00000232   0x00000000   Code   RO          713    .ARM.Collect$$rtexit$$00000002  c_p.l(rtexit2.o)
    0x00000232   0x00000232   0x00000004   Code   RO          714    .ARM.Collect$$rtexit$$00000003  c_p.l(rtexit2.o)
    0x00000236   0x00000236   0x00000006   Code   RO          715    .ARM.Collect$$rtexit$$00000004  c_p.l(rtexit2.o)
    0x0000023c   0x0000023c   0x00000064   Code   RO           86  * .text               startup_mdr1986be4.o
    0x000002a0   0x000002a0   0x0000002c   Code   RO          427    .text               c_p.l(sprintf.o)
    0x000002cc   0x000002cc   0x00000044   Code   RO          429    .text               c_p.l(strlen.o)
    0x00000310   0x00000310   0x00000018   Code   RO          431    .text               c_p.l(strcat.o)
    0x00000328   0x00000328   0x00000040   Code   RO          433    .text               c_p.l(rt_memclr.o)
    0x00000368   0x00000368   0x0000016c   Code   RO          435    .text               c_p.l(aeabi_sdiv.o)
    0x000004d4   0x000004d4   0x00000006   Code   RO          439    .text               c_p.l(heapauxi.o)
    0x000004da   0x000004da   0x0000004e   Code   RO          465    .text               c_p.l(_printf_pad.o)
    0x00000528   0x00000528   0x00000024   Code   RO          467    .text               c_p.l(_printf_truncate.o)
    0x0000054c   0x0000054c   0x00000052   Code   RO          469    .text               c_p.l(_printf_str.o)
    0x0000059e   0x0000059e   0x00000002   PAD
    0x000005a0   0x000005a0   0x0000006c   Code   RO          471    .text               c_p.l(_printf_dec.o)
    0x0000060c   0x0000060c   0x00000026   Code   RO          473    .text               c_p.l(_printf_charcount.o)
    0x00000632   0x00000632   0x00000002   PAD
    0x00000634   0x00000634   0x00000030   Code   RO          475    .text               c_p.l(_printf_char_common.o)
    0x00000664   0x00000664   0x0000000a   Code   RO          477    .text               c_p.l(_sputc.o)
    0x0000066e   0x0000066e   0x00000002   PAD
    0x00000670   0x00000670   0x000000bc   Code   RO          479    .text               c_p.l(_printf_wctomb.o)
    0x0000072c   0x0000072c   0x00000070   Code   RO          482    .text               c_p.l(_printf_longlong_dec.o)
    0x0000079c   0x0000079c   0x00000070   Code   RO          488    .text               c_p.l(_printf_oct_int_ll.o)
    0x0000080c   0x0000080c   0x00000098   Code   RO          508    .text               c_p.l(_printf_hex_int_ll_ptr.o)
    0x000008a4   0x000008a4   0x00000188   Code   RO          528    .text               c_p.l(__printf_flags_ss_wp.o)
    0x00000a2c   0x00000a2c   0x0000007a   Code   RO          580    .text               c_p.l(lludiv10.o)
    0x00000aa6   0x00000aa6   0x000000b0   Code   RO          582    .text               c_p.l(_printf_intcommon.o)
    0x00000b56   0x00000b56   0x00000002   PAD
    0x00000b58   0x00000b58   0x00000414   Code   RO          584    .text               c_p.l(_printf_fp_dec.o)
    0x00000f6c   0x00000f6c   0x000002d8   Code   RO          588    .text               c_p.l(_printf_fp_hex.o)
    0x00001244   0x00001244   0x0000002e   Code   RO          593    .text               c_p.l(_printf_char.o)
    0x00001272   0x00001272   0x0000002e   Code   RO          595    .text               c_p.l(_printf_wchar.o)
    0x000012a0   0x000012a0   0x00000042   Code   RO          598    .text               c_p.l(_c16rtomb.o)
    0x000012e2   0x000012e2   0x00000028   Code   RO          600    .text               c_p.l(rtudiv10.o)
    0x0000130a   0x0000130a   0x0000003e   Code   RO          602    .text               c_p.l(sys_stackheap_outer.o)
    0x00001348   0x00001348   0x00000010   Code   RO          605    .text               c_p.l(rt_ctype_table.o)
    0x00001358   0x00001358   0x00000008   Code   RO          610    .text               c_p.l(rt_locale_intlibspace.o)
    0x00001360   0x00001360   0x00000088   Code   RO          612    .text               c_p.l(_printf_fp_infnan.o)
    0x000013e8   0x000013e8   0x000000d8   Code   RO          614    .text               c_p.l(bigflt0.o)
    0x000014c0   0x000014c0   0x00000580   Code   RO          617    .text               c_p.l(btod.o)
    0x00001a40   0x00001a40   0x00000010   Code   RO          626    .text               c_p.l(exit.o)
    0x00001a50   0x00001a50   0x00000008   Code   RO          642    .text               c_p.l(libspace.o)
    0x00001a58   0x00001a58   0x00000088   Code   RO          659    .text               c_p.l(strcmp.o)
    0x00001ae0   0x00001ae0   0x0000000c   Code   RO          708    .text               c_p.l(sys_exit.o)
    0x00001aec   0x00001aec   0x00000002   Code   RO          733    .text               c_p.l(use_no_semi.o)
    0x00001aee   0x00001aee   0x00000000   Code   RO          735    .text               c_p.l(indicate_semi.o)
    0x00001aee   0x00001aee   0x00000002   PAD
    0x00001af0   0x00001af0   0x00000034   Code   RO          117    .text.ADC1_Cmd      mdr32f9qx_adc.o
    0x00001b24   0x00001b24   0x00000090   Code   RO          113    .text.ADC1_Init     mdr32f9qx_adc.o
    0x00001bb4   0x00001bb4   0x00000024   Code   RO           14    .text.ADCInit       adc.o
    0x00001bd8   0x00001bd8   0x0000002c   Code   RO           16    .text.ADC_Channel_Init  adc.o
    0x00001c04   0x00001c04   0x00000050   Code   RO          107    .text.ADC_Init      mdr32f9qx_adc.o
    0x00001c54   0x00001c54   0x00000026   Code   RO          109    .text.ADC_StructInit  mdr32f9qx_adc.o
    0x00001c7a   0x00001c7a   0x0000003a   Code   RO          115    .text.ADCx_StructInit  mdr32f9qx_adc.o
    0x00001cb4   0x00001cb4   0x000000c0   Code   RO           73    .text.Find_Crc32    data_interface.o
    0x00001d74   0x00001d74   0x00000218   Code   RO          168    .text.PORT_Init     mdr32f9qx_port.o
    0x00001f8c   0x00001f8c   0x00000038   Code   RO          170    .text.PORT_StructInit  mdr32f9qx_port.o
    0x00001fc4   0x00001fc4   0x000000c8   Code   RO           63    .text.PortsInit     ports.o
    0x0000208c   0x0000208c   0x00000290   Code   RO          257    .text.RST_CLK_GetClocksFreq  mdr32f9qx_rst_clk.o
    0x0000231c   0x0000231c   0x0000002c   Code   RO          195    .text.RST_CLK_PCLKcmd  mdr32f9qx_rst_clk.o
    0x00002348   0x00002348   0x000000bc   Code   RO           93    .text.SystemCoreClockUpdate  system_mdr1986be4.o
    0x00002404   0x00002404   0x0000004c   Code   RO           95    .text.SystemInit    system_mdr1986be4.o
    0x00002450   0x00002450   0x00000040   Code   RO           39    .text.TIMER1_IRQHandler  timer.o
    0x00002490   0x00002490   0x000000bc   Code   RO           33    .text.TIMER1_init   timer.o
    0x0000254c   0x0000254c   0x00000074   Code   RO          376    .text.TIMER_BRGInit  mdr32f9qx_timer.o
    0x000025c0   0x000025c0   0x0000007a   Code   RO          306    .text.TIMER_ChnInit  mdr32f9qx_timer.o
    0x0000263a   0x0000263a   0x0000005c   Code   RO          342    .text.TIMER_ChnOutInit  mdr32f9qx_timer.o
    0x00002696   0x00002696   0x0000002e   Code   RO          344    .text.TIMER_ChnOutStructInit  mdr32f9qx_timer.o
    0x000026c4   0x000026c4   0x0000003a   Code   RO          308    .text.TIMER_ChnStructInit  mdr32f9qx_timer.o
    0x000026fe   0x000026fe   0x00000014   Code   RO          368    .text.TIMER_ClearFlag  mdr32f9qx_timer.o
    0x00002712   0x00002712   0x00000034   Code   RO          272    .text.TIMER_Cmd     mdr32f9qx_timer.o
    0x00002746   0x00002746   0x00000058   Code   RO          268    .text.TIMER_CntInit  mdr32f9qx_timer.o
    0x0000279e   0x0000279e   0x0000003a   Code   RO          270    .text.TIMER_CntStructInit  mdr32f9qx_timer.o
    0x000027d8   0x000027d8   0x00000036   Code   RO          372    .text.TIMER_ITConfig  mdr32f9qx_timer.o
    0x0000280e   0x0000280e   0x00000020   Code   RO          310    .text.TIMER_SetChnCompare  mdr32f9qx_timer.o
    0x0000282e   0x0000282e   0x00000002   PAD
    0x00002830   0x00002830   0x00000048   Code   RO           52    .text.UARTInit      uart.o
    0x00002878   0x00002878   0x00000068   Code   RO          417    .text.UART_BRGInit  mdr32f9qx_uart.o
    0x000028e0   0x000028e0   0x00000030   Code   RO          391    .text.UART_Cmd      mdr32f9qx_uart.o
    0x00002910   0x00002910   0x0000002a   Code   RO          415    .text.UART_GetFlagStatus  mdr32f9qx_uart.o
    0x0000293a   0x0000293a   0x00000002   PAD
    0x0000293c   0x0000293c   0x00000104   Code   RO          387    .text.UART_Init     mdr32f9qx_uart.o
    0x00002a40   0x00002a40   0x0000001c   Code   RO          405    .text.UART_SendData  mdr32f9qx_uart.o
    0x00002a5c   0x00002a5c   0x00000050   Code   RO           54    .text.UART_send_string  uart.o
    0x00002aac   0x00002aac   0x0000002c   Code   RO           35    .text.__NVIC_EnableIRQ  timer.o
    0x00002ad8   0x00002ad8   0x00000084   Code   RO           37    .text.__NVIC_SetPriority  timer.o
    0x00002b5c   0x00002b5c   0x0000002c   Code   RO            2    .text.main          main.o
    0x00002b88   0x00002b88   0x00000250   Code   RO           71    .text.send_data     data_interface.o
    0x00002dd8   0x00002dd8   0x00000030   Code   RO          619    i.__ARM_common_ll_muluu  c_p.l(btod.o)
    0x00002e08   0x00002e08   0x0000002c   Code   RO          640    i.__ARM_fpclassify  m_ps.l(fpclassify.o)
    0x00002e34   0x00002e34   0x0000000e   Code   RO          521    i._is_digit         c_p.l(__printf_wp.o)
    0x00002e42   0x00002e42   0x00000002   PAD
    0x00002e44   0x00002e44   0x0000002c   Code   RO          624    locale$$code        c_p.l(lc_numeric_c.o)
    0x00002e70   0x00002e70   0x0000002c   Code   RO          653    locale$$code        c_p.l(lc_ctype_c.o)
    0x00002e9c   0x00002e9c   0x00000010   Code   RO          554    x$fpl$printf1       fz_ps.l(printf1.o)
    0x00002eac   0x00002eac   0x00000010   Code   RO          556    x$fpl$printf2       fz_ps.l(printf2.o)
    0x00002ebc   0x00002ebc   0x00000000   Code   RO          562    x$fpl$usenofp       fz_ps.l(usenofp.o)
    0x00002ebc   0x00002ebc   0x00000008   Data   RO          480    .constdata          c_p.l(_printf_wctomb.o)
    0x00002ec4   0x00002ec4   0x00000028   Data   RO          509    .constdata          c_p.l(_printf_hex_int_ll_ptr.o)
    0x00002eec   0x00002eec   0x00000011   Data   RO          529    .constdata          c_p.l(__printf_flags_ss_wp.o)
    0x00002efd   0x00002efd   0x00000026   Data   RO          589    .constdata          c_p.l(_printf_fp_hex.o)
    0x00002f23   0x00002f23   0x00000001   PAD
    0x00002f24   0x00002f24   0x00000094   Data   RO          615    .constdata          c_p.l(bigflt0.o)
    0x00002fb8   0x00002fb8   0x00000022   Data   RO            4    .rodata.str1.1      main.o
    0x00002fda   0x00002fda   0x00000036   Data   RO           75    .rodata.str1.1      data_interface.o
    0x00003010   0x00003010   0x00000020   Data   RO          788    Region$$Table       anon$$obj.o
    0x00003030   0x00003030   0x0000001c   Data   RO          623    locale$$data        c_p.l(lc_numeric_c.o)
    0x0000304c   0x0000304c   0x00000110   Data   RO          652    locale$$data        c_p.l(lc_ctype_c.o)


    Execution Region ER_RW (Exec base: 0x20000000, Load base: 0x0000315c, Size: 0x00000004, Max: 0xffffffff, ABSOLUTE)

    Exec Addr    Load Addr    Size         Type   Attr      Idx    E Section Name        Object

    0x20000000   0x0000315c   0x00000004   Data   RW           97    .data.SystemCoreClock  system_mdr1986be4.o


    Execution Region ER_ZI (Exec base: 0x20000008, Load base: 0x00003160, Size: 0x000014f0, Max: 0xffffffff, ABSOLUTE)

    Exec Addr    Load Addr    Size         Type   Attr      Idx    E Section Name        Object

    0x20000008        -       0x00000060   Zero   RW          643    .bss                c_p.l(libspace.o)
    0x20000068        -       0x0000001c   Zero   RW           22    .bss.ADC            adc.o
    0x20000084        -       0x0000002c   Zero   RW           23    .bss.ADC3           adc.o
    0x200000b0        -       0x00000018   Zero   RW           41    .bss.TIMERInitStruct  timer.o
    0x200000c8        -       0x00000018   Zero   RW           42    .bss.sTIM_ChnInit   timer.o
    0x200000e0        -       0x00000014   Zero   RW           43    .bss.sTIM_ChnOutInit  timer.o
    0x200000f4   0x00003160   0x00000004   PAD
    0x200000f8        -       0x00001000   Zero   RW           84    HEAP                startup_mdr1986be4.o
    0x200010f8        -       0x00000400   Zero   RW           83    STACK               startup_mdr1986be4.o


==============================================================================

Image component sizes


      Code (inc. data)   RO Data    RW Data    ZI Data      Debug   Object Name

        80          8          0          0         72       3537   adc.o
       784         48         54          0          0       2188   data_interface.o
        44          4         34          0          0        332   main.o
       372         32          0          0          0       6612   mdr32f9qx_adc.o
       592         16          0          0          0       4685   mdr32f9qx_port.o
       700         20          0          0          0       9443   mdr32f9qx_rst_clk.o
       738         12          0          0          0      15621   mdr32f9qx_timer.o
       482         20          0          0          0       5803   mdr32f9qx_uart.o
       200          8          0          0          0       2373   ports.o
       100         26        156          0       5120       1624   startup_mdr1986be4.o
       264         40          0          4          0       1506   system_mdr1986be4.o
       428         40          0          0         68       4893   timer.o
       152          4          0          0          0       1857   uart.o

    ----------------------------------------------------------------------
      4940        278        276          4       5264      60474   Object Totals
         0          0         32          0          0          0   (incl. Generated)
         4          0          0          0          4          0   (incl. Padding)

    ----------------------------------------------------------------------

      Code (inc. data)   RO Data    RW Data    ZI Data      Debug   Library Member Name

         8          0          0          0          0         68   __main.o
       392          6         17          0          0         76   __printf_flags_ss_wp.o
        14          0          0          0          0         60   __printf_wp.o
         0          0          0          0          0          0   __rtentry.o
        12          0          0          0          0          0   __rtentry2.o
         6          0          0          0          0          0   __rtentry4.o
        60          8          0          0          0          0   __scatter.o
        26          0          0          0          0          0   __scatter_copy.o
        28          0          0          0          0          0   __scatter_zi.o
        66          0          0          0          0         76   _c16rtomb.o
        10          0          0          0          0          0   _printf_a.o
        10          0          0          0          0          0   _printf_c.o
        46          0          0          0          0        100   _printf_char.o
        48          6          0          0          0         88   _printf_char_common.o
        38          0          0          0          0         60   _printf_charcount.o
        10          0          0          0          0          0   _printf_d.o
       108         18          0          0          0         76   _printf_dec.o
        10          0          0          0          0          0   _printf_e.o
        10          0          0          0          0          0   _printf_f.o
      1044         12          0          0          0        116   _printf_fp_dec.o
       728         10         38          0          0         84   _printf_fp_hex.o
       136         16          0          0          0         76   _printf_fp_infnan.o
        10          0          0          0          0          0   _printf_g.o
       152          4         40          0          0        148   _printf_hex_int_ll_ptr.o
        10          0          0          0          0          0   _printf_i.o
       176          0          0          0          0         84   _printf_intcommon.o
        10          0          0          0          0          0   _printf_l.o
        10          0          0          0          0          0   _printf_lc.o
        10          0          0          0          0          0   _printf_ll.o
        10          0          0          0          0          0   _printf_lld.o
        10          0          0          0          0          0   _printf_lli.o
        10          0          0          0          0          0   _printf_llo.o
        10          0          0          0          0          0   _printf_llu.o
        10          0          0          0          0          0   _printf_llx.o
       112         18          0          0          0         76   _printf_longlong_dec.o
        10          0          0          0          0          0   _printf_ls.o
        10          0          0          0          0          0   _printf_n.o
        10          0          0          0          0          0   _printf_o.o
       112         10          0          0          0        112   _printf_oct_int_ll.o
        10          0          0          0          0          0   _printf_p.o
        78          0          0          0          0        100   _printf_pad.o
         2          0          0          0          0          0   _printf_percent.o
         4          0          0          0          0          0   _printf_percent_end.o
        10          0          0          0          0          0   _printf_s.o
        82          0          0          0          0         72   _printf_str.o
        36          0          0          0          0         76   _printf_truncate.o
        10          0          0          0          0          0   _printf_u.o
        46          0          0          0          0        100   _printf_wchar.o
       188          6          8          0          0         80   _printf_wctomb.o
        10          0          0          0          0          0   _printf_x.o
        10          0          0          0          0         60   _sputc.o
       364          4          0          0          0         92   aeabi_sdiv.o
       216          6        148          0          0         80   bigflt0.o
      1456         30          0          0          0        336   btod.o
        16          0          0          0          0         68   exit.o
         6          0          0          0          0        136   heapauxi.o
         0          0          0          0          0          0   indicate_semi.o
        44         10        272          0          0         76   lc_ctype_c.o
        44         10         28          0          0         76   lc_numeric_c.o
         2          0          0          0          0          0   libinit.o
        30          0          0          0          0          0   libinit2.o
         2          0          0          0          0          0   libshutdown.o
         2          0          0          0          0          0   libshutdown2.o
         8          4          0          0         96         68   libspace.o
       122          0          0          0          0         72   lludiv10.o
        16          4          0          0          0         76   rt_ctype_table.o
         8          4          0          0          0         68   rt_locale_intlibspace.o
        64          0          0          0          0        108   rt_memclr.o
         2          0          0          0          0          0   rtexit.o
        10          0          0          0          0          0   rtexit2.o
        40          0          0          0          0         60   rtudiv10.o
        44          4          0          0          0         84   sprintf.o
        24          0          0          0          0         60   strcat.o
       136          4          0          0          0         72   strcmp.o
        68          6          0          0          0         72   strlen.o
        12          4          0          0          0         60   sys_exit.o
        62          0          0          0          0         80   sys_stackheap_outer.o
         2          0          0          0          0         68   use_no_semi.o
        16          4          0          0          0         76   printf1.o
        16          4          0          0          0         76   printf2.o
         0          0          0          0          0          0   usenofp.o
        44          4          0          0          0         60   fpclassify.o

    ----------------------------------------------------------------------
      6868        216        552          0         96       3812   Library Totals
        14          0          1          0          0          0   (incl. Padding)

    ----------------------------------------------------------------------

      Code (inc. data)   RO Data    RW Data    ZI Data      Debug   Library Name

      6778        204        551          0         96       3600   c_p.l
        32          8          0          0          0        152   fz_ps.l
        44          4          0          0          0         60   m_ps.l

    ----------------------------------------------------------------------
      6868        216        552          0         96       3812   Library Totals

    ----------------------------------------------------------------------

==============================================================================


      Code (inc. data)   RO Data    RW Data    ZI Data      Debug   

     11808        494        828          4       5360      62246   Grand Totals
     11808        494        828          4       5360      62246   ELF Image Totals
     11808        494        828          4          0          0   ROM Totals

==============================================================================

    Total RO  Size (Code + RO Data)                12636 (  12.34kB)
    Total RW  Size (RW Data + ZI Data)              5364 (   5.24kB)
    Total ROM Size (Code + RO Data + RW Data)      12640 (  12.34kB)

==============================================================================

