Component: Arm Compiler for Embedded 6.18 Tool: armlink [5e4cc100]

==============================================================================

Section Cross References

    main.o(.text.main) refers to ports.o(.text.PortsInit) for PortsInit
    main.o(.text.main) refers to adc.o(.text.ADCInit) for ADCInit
    main.o(.text.main) refers to adc.o(.text.ADC_Channel_Init) for ADC_Channel_Init
    main.o(.text.main) refers to timer.o(.text.TIMER1_init) for TIMER1_init
    main.o(.text.main) refers to uart.o(.text.UARTInit) for UARTInit
    main.o(.ARM.exidx.text.main) refers to main.o(.text.main) for [Anonymous Symbol]
    adc.o(.ARM.exidx.text.Delay) refers to adc.o(.text.Delay) for [Anonymous Symbol]
    adc.o(.text.ADCInit) refers to mdr32f9qx_rst_clk.o(.text.RST_CLK_PCLKcmd) for RST_CLK_PCLKcmd
    adc.o(.text.ADCInit) refers to mdr32f9qx_adc.o(.text.ADC_StructInit) for ADC_StructInit
    adc.o(.text.ADCInit) refers to mdr32f9qx_adc.o(.text.ADC_Init) for ADC_Init
    adc.o(.text.ADCInit) refers to adc.o(.bss.ADC) for ADC
    adc.o(.ARM.exidx.text.ADCInit) refers to adc.o(.text.ADCInit) for [Anonymous Symbol]
    adc.o(.text.ADC_Channel_Init) refers to mdr32f9qx_adc.o(.text.ADCx_StructInit) for ADCx_StructInit
    adc.o(.text.ADC_Channel_Init) refers to mdr32f9qx_adc.o(.text.ADC1_Init) for ADC1_Init
    adc.o(.text.ADC_Channel_Init) refers to mdr32f9qx_adc.o(.text.ADC1_Cmd) for ADC1_Cmd
    adc.o(.text.ADC_Channel_Init) refers to adc.o(.bss.ADC3) for ADC3
    adc.o(.ARM.exidx.text.ADC_Channel_Init) refers to adc.o(.text.ADC_Channel_Init) for [Anonymous Symbol]
    adc.o(.text.ADC_start_mesuare) refers to strlen.o(.text) for strlen
    adc.o(.text.ADC_start_mesuare) refers to rt_memclr.o(.text) for __aeabi_memclr
    adc.o(.text.ADC_start_mesuare) refers to mdr32f9qx_adc.o(.text.ADC1_SetChannel) for ADC1_SetChannel
    adc.o(.text.ADC_start_mesuare) refers to mdr32f9qx_adc.o(.text.ADC1_Start) for ADC1_Start
    adc.o(.text.ADC_start_mesuare) refers to mdr32f9qx_adc.o(.text.ADC1_GetStatus) for ADC1_GetStatus
    adc.o(.text.ADC_start_mesuare) refers to mdr32f9qx_adc.o(.text.ADC1_GetResult) for ADC1_GetResult
    adc.o(.text.ADC_start_mesuare) refers to fflti.o(.text) for __aeabi_ui2f
    adc.o(.text.ADC_start_mesuare) refers to fmul.o(x$fpl$fmul) for __aeabi_fmul
    adc.o(.text.ADC_start_mesuare) refers to faddsub.o(x$fpl$fadd) for __aeabi_fadd
    adc.o(.text.ADC_start_mesuare) refers to adc.o(.text.averaging) for averaging
    adc.o(.text.ADC_start_mesuare) refers to f2d.o(.text) for __aeabi_f2d
    adc.o(.text.ADC_start_mesuare) refers to sprintf.o(.text) for sprintf
    adc.o(.text.ADC_start_mesuare) refers to strcat.o(.text) for strcat
    adc.o(.text.ADC_start_mesuare) refers to adc.o(.bss.TX_data) for [Anonymous Symbol]
    adc.o(.text.ADC_start_mesuare) refers to uart.o(.text.UART_send_string) for UART_send_string
    adc.o(.text.ADC_start_mesuare) refers to adc.o(.rodata.str1.1) for [Anonymous Symbol]
    adc.o(.ARM.exidx.text.ADC_start_mesuare) refers to adc.o(.text.ADC_start_mesuare) for [Anonymous Symbol]
    adc.o(.text.averaging) refers to faddsub.o(x$fpl$fadd) for __aeabi_fadd
    adc.o(.text.averaging) refers to fdiv.o(.text) for __aeabi_fdiv
    adc.o(.ARM.exidx.text.averaging) refers to adc.o(.text.averaging) for [Anonymous Symbol]
    timer.o(.text.TIMER1_init) refers to mdr32f9qx_rst_clk.o(.text.RST_CLK_PCLKcmd) for RST_CLK_PCLKcmd
    timer.o(.text.TIMER1_init) refers to mdr32f9qx_timer.o(.text.TIMER_CntStructInit) for TIMER_CntStructInit
    timer.o(.text.TIMER1_init) refers to mdr32f9qx_timer.o(.text.TIMER_CntInit) for TIMER_CntInit
    timer.o(.text.TIMER1_init) refers to mdr32f9qx_timer.o(.text.TIMER_ChnStructInit) for TIMER_ChnStructInit
    timer.o(.text.TIMER1_init) refers to mdr32f9qx_timer.o(.text.TIMER_ChnInit) for TIMER_ChnInit
    timer.o(.text.TIMER1_init) refers to mdr32f9qx_timer.o(.text.TIMER_SetChnCompare) for TIMER_SetChnCompare
    timer.o(.text.TIMER1_init) refers to mdr32f9qx_timer.o(.text.TIMER_ChnOutStructInit) for TIMER_ChnOutStructInit
    timer.o(.text.TIMER1_init) refers to mdr32f9qx_timer.o(.text.TIMER_ChnOutInit) for TIMER_ChnOutInit
    timer.o(.text.TIMER1_init) refers to mdr32f9qx_timer.o(.text.TIMER_BRGInit) for TIMER_BRGInit
    timer.o(.text.TIMER1_init) refers to timer.o(.text.__NVIC_EnableIRQ) for __NVIC_EnableIRQ
    timer.o(.text.TIMER1_init) refers to mdr32f9qx_timer.o(.text.TIMER_ITConfig) for TIMER_ITConfig
    timer.o(.text.TIMER1_init) refers to timer.o(.text.__NVIC_SetPriority) for __NVIC_SetPriority
    timer.o(.text.TIMER1_init) refers to mdr32f9qx_timer.o(.text.TIMER_Cmd) for TIMER_Cmd
    timer.o(.text.TIMER1_init) refers to timer.o(.bss.TIMERInitStruct) for TIMERInitStruct
    timer.o(.text.TIMER1_init) refers to timer.o(.bss.sTIM_ChnInit) for sTIM_ChnInit
    timer.o(.text.TIMER1_init) refers to timer.o(.bss.sTIM_ChnOutInit) for sTIM_ChnOutInit
[...]
    .text                                    0x00002ae8   Section        0  _rserrno.o(.text)
    .text                                    0x00002b00   Section        0  scanf_hexfp.o(.text)
    .text                                    0x00002e34   Section        0  scanf_infnan.o(.text)
    .text                                    0x00002f70   Section        0  strcmp.o(.text)
    .text                                    0x00002ff8   Section        0  d2f.o(.text)
    .text                                    0x00003074   Section        0  sys_exit.o(.text)
    .text                                    0x00003080   Section        0  dcmpin.o(.text)
    .text                                    0x00003120   Section        0  dscalbn.o(.text)
    .text                                    0x00003180   Section        2  use_no_semi.o(.text)
    .text                                    0x00003182   Section        0  indicate_semi.o(.text)
    .text                                    0x00003182   Section        0  cmpret.o(.text)
    .text                                    0x000031b0   Section        0  dnan2.o(.text)
    .text                                    0x000031c4   Section        0  retnan.o(.text)
    [Anonymous Symbol]                       0x00003224   Section        0  mdr32f9qx_adc.o(.text.ADC1_Cmd)
    [Anonymous Symbol]                       0x00003258   Section        0  mdr32f9qx_adc.o(.text.ADC1_Init)
    __arm_cp.4_1                             0x000032d4   Number         4  mdr32f9qx_adc.o(.text.ADC1_Init)
    __arm_cp.4_2                             0x000032d8   Number         4  mdr32f9qx_adc.o(.text.ADC1_Init)
    __arm_cp.4_3                             0x000032dc   Number         4  mdr32f9qx_adc.o(.text.ADC1_Init)
    __arm_cp.4_4                             0x000032e0   Number         4  mdr32f9qx_adc.o(.text.ADC1_Init)
    __arm_cp.4_5                             0x000032e4   Number         4  mdr32f9qx_adc.o(.text.ADC1_Init)
    [Anonymous Symbol]                       0x000032e8   Section        0  adc.o(.text.ADCInit)
    __arm_cp.1_0                             0x00003308   Number         4  adc.o(.text.ADCInit)
    [Anonymous Symbol]                       0x0000330c   Section        0  adc.o(.text.ADC_Channel_Init)
    __arm_cp.2_0                             0x00003334   Number         4  adc.o(.text.ADC_Channel_Init)
    [Anonymous Symbol]                       0x00003338   Section        0  mdr32f9qx_adc.o(.text.ADC_Init)
    __arm_cp.1_0                             0x0000337c   Number         4  mdr32f9qx_adc.o(.text.ADC_Init)
    __arm_cp.1_1                             0x00003380   Number         4  mdr32f9qx_adc.o(.text.ADC_Init)
    __arm_cp.1_2                             0x00003384   Number         4  mdr32f9qx_adc.o(.text.ADC_Init)
    [Anonymous Symbol]                       0x00003388   Section        0  mdr32f9qx_adc.o(.text.ADC_StructInit)
    [Anonymous Symbol]                       0x000033ae   Section        0  mdr32f9qx_adc.o(.text.ADCx_StructInit)
    [Anonymous Symbol]                       0x000033e8   Section        0  data_interface.o(.text.Find_Crc32)
    __arm_cp.1_0                             0x000034a4   Number         4  data_interface.o(.text.Find_Crc32)
    [Anonymous Symbol]                       0x000034a8   Section        0  data_interface.o(.text.MODBUS_read_byte)
    __arm_cp.3_0                             0x00003504   Number         4  data_interface.o(.text.MODBUS_read_byte)
    [Anonymous Symbol]                       0x00003508   Section        0  data_interface.o(.text.MODBUS_read_request_and_send_response)
    __arm_cp.2_0                             0x00003860   Number         4  data_interface.o(.text.MODBUS_read_request_and_send_response)
    [Anonymous Symbol]                       0x00003864   Section        0  data_interface.o(.text.MODBUS_send_data)
    __arm_cp.0_0                             0x00003a88   Number         4  data_interface.o(.text.MODBUS_send_data)
    __arm_cp.0_1                             0x00003a8c   Number         4  data_interface.o(.text.MODBUS_send_data)
    __arm_cp.0_2                             0x00003a90   Number         4  data_interface.o(.text.MODBUS_send_data)
    __arm_cp.0_3                             0x00003a94   Number         4  data_interface.o(.text.MODBUS_send_data)
    __arm_cp.0_4                             0x00003a98   Number         4  data_interface.o(.text.MODBUS_send_data)
    __arm_cp.0_5                             0x00003a9c   Number         4  data_interface.o(.text.MODBUS_send_data)
    __arm_cp.0_6                             0x00003aa0   Number         4  data_interface.o(.text.MODBUS_send_data)
    __arm_cp.0_7                             0x00003aa4   Number         4  data_interface.o(.text.MODBUS_send_data)
    __arm_cp.0_8                             0x00003aa8   Number         4  data_interface.o(.text.MODBUS_send_data)
    __arm_cp.0_9                             0x00003aac   Number         4  data_interface.o(.text.MODBUS_send_data)
    __arm_cp.0_10                            0x00003ab0   Number         4  data_interface.o(.text.MODBUS_send_data)
    [Anonymous Symbol]                       0x00003ab4   Section        0  mdr32f9qx_port.o(.text.PORT_Init)
    __arm_cp.1_0                             0x00003cc0   Number         4  mdr32f9qx_port.o(.text.PORT_Init)
    __arm_cp.1_1                             0x00003cc4   Number         4  mdr32f9qx_port.o(.text.PORT_Init)
    __arm_cp.1_2                             0x00003cc8   Number         4  mdr32f9qx_port.o(.text.PORT_Init)
    [Anonymous Symbol]                       0x00003ccc   Section        0  mdr32f9qx_port.o(.text.PORT_StructInit)
    __arm_cp.2_0                             0x00003d00   Number         4  mdr32f9qx_port.o(.text.PORT_StructInit)
    [Anonymous Symbol]                       0x00003d04   Section        0  ports.o(.text.PortsInit)
    __arm_cp.0_0                             0x00003dc4   Number         4  ports.o(.text.PortsInit)
    __arm_cp.0_1                             0x00003dc8   Number         4  ports.o(.text.PortsInit)
    [Anonymous Symbol]                       0x00003dcc   Section        0  mdr32f9qx_rst_clk.o(.text.RST_CLK_GetClocksFreq)
    __arm_cp.33_5                            0x00004058   Number         4  mdr32f9qx_rst_clk.o(.text.RST_CLK_GetClocksFreq)
    [Anonymous Symbol]                       0x0000405c   Section        0  mdr32f9qx_rst_clk.o(.text.RST_CLK_PCLKcmd)
    [Anonymous Symbol]                       0x00004088   Section        0  system_mdr1986be4.o(.text.SystemCoreClockUpdate)
    __arm_cp.0_1                             0x00004138   Number         4  system_mdr1986be4.o(.text.SystemCoreClockUpdate)
    __arm_cp.0_2                             0x0000413c   Number         4  system_mdr1986be4.o(.text.SystemCoreClockUpdate)
    __arm_cp.0_4                             0x00004140   Number         4  system_mdr1986be4.o(.text.SystemCoreClockUpdate)
    __arm_cp.0_5                             0x00004144   Number         4  system_mdr1986be4.o(.text.SystemCoreClockUpdate)
    [Anonymous Symbol]                       0x00004148   Section        0  system_mdr1986be4.o(.text.SystemInit)
    __arm_cp.1_0                             0x00004178   Number         4  system_mdr1986be4.o(.text.SystemInit)
    __arm_cp.1_1                             0x0000417c   Number         4  system_mdr1986be4.o(.text.SystemInit)
    __arm_cp.1_2                             0x00004180   Number         4  system_mdr1986be4.o(.text.SystemInit)
    __arm_cp.1_3                             0x00004184   Number         4  system_mdr1986be4.o(.text.SystemInit)
    __arm_cp.1_4                             0x00004188   Number         4  system_mdr1986be4.o(.text.SystemInit)
    __arm_cp.1_5                             0x0000418c   Number         4  system_mdr1986be4.o(.text.SystemInit)
    __arm_cp.1_6                             0x00004190   Number         4  system_mdr1986be4.o(.text.SystemInit)
    [Anonymous Symbol]                       0x00004194   Section        0  timer.o(.text.TIMER1_IRQHandler)
    __arm_cp.3_0                             0x000041b4   Number         4  timer.o(.text.TIMER1_IRQHandler)
    __arm_cp.3_1                             0x000041b8   Number         4  timer.o(.text.TIMER1_IRQHandler)
    [Anonymous Symbol]                       0x000041bc   Section        0  timer.o(.text.TIMER1_init)
    __arm_cp.0_0                             0x00004264   Number         4  timer.o(.text.TIMER1_init)
    __arm_cp.0_1                             0x00004268   Number         4  timer.o(.text.TIMER1_init)
    __arm_cp.0_3                             0x0000426c   Number         4  timer.o(.text.TIMER1_init)
    __arm_cp.0_4                             0x00004270   Number         4  timer.o(.text.TIMER1_init)
    __arm_cp.0_5                             0x00004274   Number         4  timer.o(.text.TIMER1_init)
    [Anonymous Symbol]                       0x00004278   Section        0  mdr32f9qx_timer.o(.text.TIMER_BRGInit)
    __arm_cp.55_0                            0x000042e0   Number         4  mdr32f9qx_timer.o(.text.TIMER_BRGInit)
    __arm_cp.55_1                            0x000042e4   Number         4  mdr32f9qx_timer.o(.text.TIMER_BRGInit)
    __arm_cp.55_2                            0x000042e8   Number         4  mdr32f9qx_timer.o(.text.TIMER_BRGInit)
    [Anonymous Symbol]                       0x000042ec   Section        0  mdr32f9qx_timer.o(.text.TIMER_ChnInit)
    [Anonymous Symbol]                       0x00004366   Section        0  mdr32f9qx_timer.o(.text.TIMER_ChnOutInit)
    [Anonymous Symbol]                       0x000043c2   Section        0  mdr32f9qx_timer.o(.text.TIMER_ChnOutStructInit)
    [Anonymous Symbol]                       0x000043f0   Section        0  mdr32f9qx_timer.o(.text.TIMER_ChnStructInit)
    [Anonymous Symbol]                       0x0000442a   Section        0  mdr32f9qx_timer.o(.text.TIMER_ClearFlag)
    [Anonymous Symbol]                       0x0000443e   Section        0  mdr32f9qx_timer.o(.text.TIMER_Cmd)
    [Anonymous Symbol]                       0x00004472   Section        0  mdr32f9qx_timer.o(.text.TIMER_CntInit)
    [Anonymous Symbol]                       0x000044ca   Section        0  mdr32f9qx_timer.o(.text.TIMER_CntStructInit)
    [Anonymous Symbol]                       0x00004504   Section        0  mdr32f9qx_timer.o(.text.TIMER_ITConfig)
    [Anonymous Symbol]                       0x0000453a   Section        0  mdr32f9qx_timer.o(.text.TIMER_SetChnCompare)
    [Anonymous Symbol]                       0x0000455c   Section        0  uart.o(.text.UART1_IRQHandler)
    __arm_cp.3_1                             0x000045fc   Number         4  uart.o(.text.UART1_IRQHandler)
    __arm_cp.3_2                             0x00004600   Number         4  uart.o(.text.UART1_IRQHandler)
    __arm_cp.3_3                             0x00004604   Number         4  uart.o(.text.UART1_IRQHandler)
    [Anonymous Symbol]                       0x00004608   Section        0  uart.o(.text.UARTInit)
    [Anonymous Symbol]                       0x00004660   Section        0  mdr32f9qx_uart.o(.text.UART_BRGInit)
    [Anonymous Symbol]                       0x000046c8   Section        0  mdr32f9qx_uart.o(.text.UART_ClearITPendingBit)
    [Anonymous Symbol]                       0x000046dc   Section        0  mdr32f9qx_uart.o(.text.UART_Cmd)
    __arm_cp.3_0                             0x00004708   Number         4  mdr32f9qx_uart.o(.text.UART_Cmd)
    [Anonymous Symbol]                       0x0000470c   Section        0  mdr32f9qx_uart.o(.text.UART_GetFlagStatus)
    [Anonymous Symbol]                       0x00004736   Section        0  mdr32f9qx_uart.o(.text.UART_GetITStatusMasked)
    [Anonymous Symbol]                       0x00004760   Section        0  mdr32f9qx_uart.o(.text.UART_ITConfig)
    [Anonymous Symbol]                       0x00004790   Section        0  mdr32f9qx_uart.o(.text.UART_Init)
    __arm_cp.1_0                             0x00004888   Number         4  mdr32f9qx_uart.o(.text.UART_Init)
    __arm_cp.1_2                             0x0000488c   Number         4  mdr32f9qx_uart.o(.text.UART_Init)
    __arm_cp.1_3                             0x00004890   Number         4  mdr32f9qx_uart.o(.text.UART_Init)
    [Anonymous Symbol]                       0x00004894   Section        0  mdr32f9qx_uart.o(.text.UART_ReceiveData)
    [Anonymous Symbol]                       0x000048a4   Section        0  mdr32f9qx_uart.o(.text.UART_SendData)
    __arm_cp.10_0                            0x000048bc   Number         4  mdr32f9qx_uart.o(.text.UART_SendData)
    [Anonymous Symbol]                       0x000048c0   Section        0  uart.o(.text.UART_send_string)
    __arm_cp.2_0                             0x0000490c   Number         4  uart.o(.text.UART_send_string)
    __NVIC_EnableIRQ                         0x00004911   Thumb Code    40  timer.o(.text.__NVIC_EnableIRQ)
    [Anonymous Symbol]                       0x00004910   Section        0  timer.o(.text.__NVIC_EnableIRQ)
    __NVIC_EnableIRQ                         0x00004939   Thumb Code    40  uart.o(.text.__NVIC_EnableIRQ)
    [Anonymous Symbol]                       0x00004938   Section        0  uart.o(.text.__NVIC_EnableIRQ)
    __arm_cp.1_0                             0x00004960   Number         4  uart.o(.text.__NVIC_EnableIRQ)
    __NVIC_SetPriority                       0x00004965   Thumb Code   124  timer.o(.text.__NVIC_SetPriority)
    [Anonymous Symbol]                       0x00004964   Section        0  timer.o(.text.__NVIC_SetPriority)
    __arm_cp.2_0                             0x000049e0   Number         4  timer.o(.text.__NVIC_SetPriority)
    __arm_cp.2_1                             0x000049e4   Number         4  timer.o(.text.__NVIC_SetPriority)
    [Anonymous Symbol]                       0x000049e8   Section        0  main.o(.text.main)
    i.__ARM_common_ll_muluu                  0x00004a08   Section        0  btod.o(i.__ARM_common_ll_muluu)
    i.__ARM_fpclassify                       0x00004a38   Section        0  fpclassify.o(i.__ARM_fpclassify)
    i.__mathlib_dbl_overflow                 0x00004a64   Section        0  dunder.o(i.__mathlib_dbl_overflow)
    i.__mathlib_dbl_underflow                0x00004a78   Section        0  dunder.o(i.__mathlib_dbl_underflow)
    i.__mathlib_narrow                       0x00004a8c   Section        0  narrow.o(i.__mathlib_narrow)
    i.__mathlib_tofloat                      0x00004a9c   Section        0  narrow.o(i.__mathlib_tofloat)
    i.__support_ldexp                        0x00004b64   Section        0  ldexp.o(i.__support_ldexp)
    i._is_digit                              0x00004b78   Section        0  __printf_wp.o(i._is_digit)
    i.frexp                                  0x00004b88   Section        0  frexp.o(i.frexp)
    i.ldexp                                  0x00004be0   Section        0  ldexp.o(i.ldexp)
    locale$$code                             0x00004c50   Section       44  lc_numeric_c.o(locale$$code)
    locale$$code                             0x00004c7c   Section       44  lc_ctype_c.o(locale$$code)
    x$fpl$deqf                               0x00004ca8   Section      100  deqf.o(x$fpl$deqf)
    x$fpl$drleqf                             0x00004d0c   Section      104  drlef.o(x$fpl$drleqf)
    x$fpl$printf1                            0x00004d74   Section       16  printf1.o(x$fpl$printf1)
    x$fpl$printf2                            0x00004d84   Section       16  printf2.o(x$fpl$printf2)
    x$fpl$scanf1                             0x00004d94   Section       16  scanf1.o(x$fpl$scanf1)
    x$fpl$scanf2                             0x00004da4   Section       32  scanf2.o(x$fpl$scanf2)
    initial_mbstate                          0x00004dc4   Data           8  _printf_wctomb.o(.constdata)
    .constdata                               0x00004dc4   Section        8  _printf_wctomb.o(.constdata)
    x$fpl$usenofp                            0x00004dc4   Section        0  usenofp.o(x$fpl$usenofp)
    uc_hextab                                0x00004dcc   Data          20  _printf_hex_int_ll_ptr.o(.constdata)
    .constdata                               0x00004dcc   Section       40  _printf_hex_int_ll_ptr.o(.constdata)
    lc_hextab                                0x00004de0   Data          20  _printf_hex_int_ll_ptr.o(.constdata)
    maptable                                 0x00004df4   Data          17  __printf_flags_ss_wp.o(.constdata)
    .constdata                               0x00004df4   Section       17  __printf_flags_ss_wp.o(.constdata)
    lc_hextab                                0x00004e05   Data          19  _printf_fp_hex.o(.constdata)
    .constdata                               0x00004e05   Section       38  _printf_fp_hex.o(.constdata)
    uc_hextab                                0x00004e18   Data          19  _printf_fp_hex.o(.constdata)
    tenpwrs_x                                0x00004e2c   Data          60  bigflt0.o(.constdata)
    .constdata                               0x00004e2c   Section      148  bigflt0.o(.constdata)
    tenpwrs_i                                0x00004e68   Data          64  bigflt0.o(.constdata)
    [Anonymous Symbol]                       0x00004ec0   Section        0  uart.o(.rodata.str1.1)
    [Anonymous Symbol]                       0x00004ec3   Section        0  data_interface.o(.rodata.str1.1)
    c$$dinf                                  0x00004f1c   Section        8  fpconst.o(c$$dinf)
    c$$dmax                                  0x00004f24   Section        8  fpconst.o(c$$dmax)
    locale$$data                             0x00004f2c   Section       28  lc_numeric_c.o(locale$$data)
    __lcnum_c_name                           0x00004f30   Data           2  lc_numeric_c.o(locale$$data)
    __lcnum_c_start                          0x00004f38   Data           0  lc_numeric_c.o(locale$$data)
    __lcnum_c_point                          0x00004f44   Data           0  lc_numeric_c.o(locale$$data)
    __lcnum_c_thousands                      0x00004f46   Data           0  lc_numeric_c.o(locale$$data)
    __lcnum_c_grouping                       0x00004f47   Data           0  lc_numeric_c.o(locale$$data)
    __lcnum_c_end                            0x00004f48   Data           0  lc_numeric_c.o(locale$$data)
    locale$$data                             0x00004f48   Section      272  lc_ctype_c.o(locale$$data)
    __lcctype_c_name                         0x00004f4c   Data           2  lc_ctype_c.o(locale$$data)
    __lcctype_c_start                        0x00004f54   Data           0  lc_ctype_c.o(locale$$data)
    __lcctype_c_end                          0x00005058   Data           0  lc_ctype_c.o(locale$$data)
    PLC_SerialNumber                         0x20000000   Data           4  data_interface.o(.data.PLC_SerialNumber)
    [Anonymous Symbol]                       0x20000000   Section        0  data_interface.o(.data.PLC_SerialNumber)
    .bss                                     0x20000008   Section       96  libspace.o(.bss)
    rx_data                                  0x200000c8   Data         200  uart.o(.bss.rx_data)
    [Anonymous Symbol]                       0x200000c8   Section        0  uart.o(.bss.rx_data)
    rx_data_size                             0x20000190   Data           1  uart.o(.bss.rx_data_size)
    [Anonymous Symbol]                       0x20000190   Section        0  uart.o(.bss.rx_data_size)
    Heap_Mem                                 0x200001c0   Data        4096  startup_mdr1986be4.o(HEAP)
    HEAP                                     0x200001c0   Section     4096  startup_mdr1986be4.o(HEAP)
    Stack_Mem                                0x200011c0   Data        1024  startup_mdr1986be4.o(STACK)
    STACK                                    0x200011c0   Section     1024  startup_mdr1986be4.o(STACK)
    __initial_sp                             0x200015c0   Data           0  startup_mdr1986be4.o(STACK)

    Global Symbols

    Symbol Name                              Value     Ov Type        Size  Object(Section)

    BuildAttributes$$THM_ISAv3M$S$PE$A:L22$X:L11$S22$IEEE1$IW$~IW$USESV6$~STKCKD$USESV7$~SHL$OTIME$ROPI$IEEEX$EBA8$UX$STANDARDLIB$REQ8$PRES8$EABIv2 0x00000000   Number         0  anon$$obj.o ABSOLUTE
    __Vectors                                0x00000000   Data           4  startup_mdr1986be4.o(RESET)
    _printf_flags                            0x00000000   Number         0  printf_stubs.o ABSOLUTE
    _printf_return_value                     0x00000000   Number         0  printf_stubs.o ABSOLUTE
    _printf_sizespec                         0x00000000   Number         0  printf_stubs.o ABSOLUTE
    _printf_widthprec                        0x00000000   Number         0  printf_stubs.o ABSOLUTE
    __ARM_exceptions_init                     - Undefined Weak Reference
    __alloca_initialize                       - Undefined Weak Reference
    __arm_preinit_                            - Undefined Weak Reference
    __arm_relocate_pie_                       - Undefined Weak Reference
    __cpp_initialize__aeabi_                  - Undefined Weak Reference
    __cxa_finalize                            - Undefined Weak Reference
    __sigvec_lookup                           - Undefined Weak Reference
    _atexit_init                              - Undefined Weak Reference
    _call_atexit_fns                          - Undefined Weak Reference
    _clock_init                               - Undefined Weak Reference
    _fp_trap_init                             - Undefined Weak Reference
    _fp_trap_shutdown                         - Undefined Weak Reference
    _get_lc_collate                           - Undefined Weak Reference
    _get_lc_monetary                          - Undefined Weak Reference
    _get_lc_time                              - Undefined Weak Reference
    _getenv_init                              - Undefined Weak Reference
    _handle_redirection                       - Undefined Weak Reference
    _init_alloc                               - Undefined Weak Reference
    _init_user_alloc                          - Undefined Weak Reference
    _initio                                   - Undefined Weak Reference
    _printf_mbtowc                            - Undefined Weak Reference
    _printf_wc                                - Undefined Weak Reference
    _rand_init                                - Undefined Weak Reference
    _signal_finish                            - Undefined Weak Reference
    _signal_init                              - Undefined Weak Reference
    _terminate_alloc                          - Undefined Weak Reference
    _terminate_user_alloc                     - Undefined Weak Reference
    _terminateio                              - Undefined Weak Reference
    __Vectors_End                            0x0000009c   Data           0  startup_mdr1986be4.o(RESET)
    __Vectors_Size                           0x0000009c   Number         0  startup_mdr1986be4.o ABSOLUTE
    __main                                   0x0000009d   Thumb Code     8  __main.o(!!!main)
    __scatterload                            0x000000a5   Thumb Code     0  __scatter.o(!!!scatter)
    __scatterload_rt2                        0x000000a5   Thumb Code    52  __scatter.o(!!!scatter)
    __scatterload_rt2_thumb_only             0x000000a5   Thumb Code     0  __scatter.o(!!!scatter)
    __scatterload_null                       0x000000b5   Thumb Code     0  __scatter.o(!!!scatter)
    __scatterload_copy                       0x000000e1   Thumb Code    26  __scatter_copy.o(!!handler_copy)
    __scatterload_zeroinit                   0x000000fd   Thumb Code    28  __scatter_zi.o(!!handler_zi)
    _printf_percent                          0x00000119   Thumb Code     0  _printf_percent.o(.ARM.Collect$$_printf_percent$$00000000)
    _printf_n                                0x0000011b   Thumb Code     0  _printf_n.o(.ARM.Collect$$_printf_percent$$00000001)
    _printf_p                                0x00000125   Thumb Code     0  _printf_p.o(.ARM.Collect$$_printf_percent$$00000002)
    _printf_f                                0x0000012f   Thumb Code     0  _printf_f.o(.ARM.Collect$$_printf_percent$$00000003)
    _printf_e                                0x00000139   Thumb Code     0  _printf_e.o(.ARM.Collect$$_printf_percent$$00000004)
    _printf_g                                0x00000143   Thumb Code     0  _printf_g.o(.ARM.Collect$$_printf_percent$$00000005)
    _printf_a                                0x0000014d   Thumb Code     0  _printf_a.o(.ARM.Collect$$_printf_percent$$00000006)
    _printf_ll                               0x00000157   Thumb Code     0  _printf_ll.o(.ARM.Collect$$_printf_percent$$00000007)
    _printf_i                                0x00000161   Thumb Code     0  _printf_i.o(.ARM.Collect$$_printf_percent$$00000008)
    _printf_d                                0x0000016b   Thumb Code     0  _printf_d.o(.ARM.Collect$$_printf_percent$$00000009)
    _printf_u                                0x00000175   Thumb Code     0  _printf_u.o(.ARM.Collect$$_printf_percent$$0000000A)
    _printf_o                                0x0000017f   Thumb Code     0  _printf_o.o(.ARM.Collect$$_printf_percent$$0000000B)
    _printf_x                                0x00000189   Thumb Code     0  _printf_x.o(.ARM.Collect$$_printf_percent$$0000000C)
    _printf_lli                              0x00000193   Thumb Code     0  _printf_lli.o(.ARM.Collect$$_printf_percent$$0000000D)
    _printf_lld                              0x0000019d   Thumb Code     0  _printf_lld.o(.ARM.Collect$$_printf_percent$$0000000E)
    _printf_llu                              0x000001a7   Thumb Code     0  _printf_llu.o(.ARM.Collect$$_printf_percent$$0000000F)
    _printf_llo                              0x000001b1   Thumb Code     0  _printf_llo.o(.ARM.Collect$$_printf_percent$$00000010)
    _printf_llx                              0x000001bb   Thumb Code     0  _printf_llx.o(.ARM.Collect$$_printf_percent$$00000011)
    _printf_l                                0x000001c5   Thumb Code     0  _printf_l.o(.ARM.Collect$$_printf_percent$$00000012)
    _printf_c                                0x000001cf   Thumb Code     0  _printf_c.o(.ARM.Collect$$_printf_percent$$00000013)
    _printf_s                                0x000001d9   Thumb Code     0  _printf_s.o(.ARM.Collect$$_printf_percent$$00000014)
    _printf_lc                               0x000001e3   Thumb Code     0  _printf_lc.o(.ARM.Collect$$_printf_percent$$00000015)
    _printf_ls                               0x000001ed   Thumb Code     0  _printf_ls.o(.ARM.Collect$$_printf_percent$$00000016)
    _printf_percent_end                      0x000001f7   Thumb Code     0  _printf_percent_end.o(.ARM.Collect$$_printf_percent$$00000017)
    __rt_lib_init                            0x000001fb   Thumb Code     0  libinit.o(.ARM.Collect$$libinit$$00000000)
    __rt_lib_init_fp_1                       0x000001fd   Thumb Code     0  libinit2.o(.ARM.Collect$$libinit$$00000002)
    __rt_lib_init_heap_1                     0x000001fd   Thumb Code     0  libinit2.o(.ARM.Collect$$libinit$$0000000C)
    __rt_lib_init_lc_common                  0x000001fd   Thumb Code     0  libinit2.o(.ARM.Collect$$libinit$$00000011)
    __rt_lib_init_preinit_1                  0x000001fd   Thumb Code     0  libinit2.o(.ARM.Collect$$libinit$$00000006)
    __rt_lib_init_rand_1                     0x000001fd   Thumb Code     0  libinit2.o(.ARM.Collect$$libinit$$00000010)
    __rt_lib_init_relocate_pie_1             0x000001fd   Thumb Code     0  libinit2.o(.ARM.Collect$$libinit$$00000004)
    __rt_lib_init_user_alloc_1               0x000001fd   Thumb Code     0  libinit2.o(.ARM.Collect$$libinit$$0000000E)
    __rt_lib_init_lc_collate_1               0x00000203   Thumb Code     0  libinit2.o(.ARM.Collect$$libinit$$00000013)
    __rt_lib_init_lc_ctype_2                 0x00000203   Thumb Code     0  libinit2.o(.ARM.Collect$$libinit$$00000014)
    __rt_lib_init_lc_ctype_1                 0x0000020f   Thumb Code     0  libinit2.o(.ARM.Collect$$libinit$$00000015)
    __rt_lib_init_lc_monetary_1              0x0000020f   Thumb Code     0  libinit2.o(.ARM.Collect$$libinit$$00000017)
    __rt_lib_init_lc_numeric_2               0x0000020f   Thumb Code     0  libinit2.o(.ARM.Collect$$libinit$$00000018)
    __rt_lib_init_alloca_1                   0x00000219   Thumb Code     0  libinit2.o(.ARM.Collect$$libinit$$00000030)
    __rt_lib_init_argv_1                     0x00000219   Thumb Code     0  libinit2.o(.ARM.Collect$$libinit$$0000002E)
    __rt_lib_init_atexit_1                   0x00000219   Thumb Code     0  libinit2.o(.ARM.Collect$$libinit$$0000001D)
    __rt_lib_init_clock_1                    0x00000219   Thumb Code     0  libinit2.o(.ARM.Collect$$libinit$$00000023)
    __rt_lib_init_cpp_1                      0x00000219   Thumb Code     0  libinit2.o(.ARM.Collect$$libinit$$00000034)
    __rt_lib_init_exceptions_1               0x00000219   Thumb Code     0  libinit2.o(.ARM.Collect$$libinit$$00000032)
    __rt_lib_init_fp_trap_1                  0x00000219   Thumb Code     0  libinit2.o(.ARM.Collect$$libinit$$00000021)
    __rt_lib_init_getenv_1                   0x00000219   Thumb Code     0  libinit2.o(.ARM.Collect$$libinit$$00000025)
    __rt_lib_init_lc_numeric_1               0x00000219   Thumb Code     0  libinit2.o(.ARM.Collect$$libinit$$00000019)
    __rt_lib_init_lc_time_1                  0x00000219   Thumb Code     0  libinit2.o(.ARM.Collect$$libinit$$0000001B)
    __rt_lib_init_return                     0x00000219   Thumb Code     0  libinit2.o(.ARM.Collect$$libinit$$00000035)
    __rt_lib_init_signal_1                   0x00000219   Thumb Code     0  libinit2.o(.ARM.Collect$$libinit$$0000001F)
    __rt_lib_init_stdio_1                    0x00000219   Thumb Code     0  libinit2.o(.ARM.Collect$$libinit$$00000027)
    __rt_lib_shutdown                        0x0000021b   Thumb Code     0  libshutdown.o(.ARM.Collect$$libshutdown$$00000000)
    __rt_lib_shutdown_cpp_1                  0x0000021d   Thumb Code     0  libshutdown2.o(.ARM.Collect$$libshutdown$$00000002)
    __rt_lib_shutdown_fp_trap_1              0x0000021d   Thumb Code     0  libshutdown2.o(.ARM.Collect$$libshutdown$$00000007)
    __rt_lib_shutdown_heap_1                 0x0000021d   Thumb Code     0  libshutdown2.o(.ARM.Collect$$libshutdown$$0000000F)
    __rt_lib_shutdown_return                 0x0000021d   Thumb Code     0  libshutdown2.o(.ARM.Collect$$libshutdown$$00000010)
    __rt_lib_shutdown_signal_1               0x0000021d   Thumb Code     0  libshutdown2.o(.ARM.Collect$$libshutdown$$0000000A)
    __rt_lib_shutdown_stdio_1                0x0000021d   Thumb Code     0  libshutdown2.o(.ARM.Collect$$libshutdown$$00000004)
    __rt_lib_shutdown_user_alloc_1           0x0000021d   Thumb Code     0  libshutdown2.o(.ARM.Collect$$libshutdown$$0000000C)
    __rt_entry                               0x0000021f   Thumb Code     0  __rtentry.o(.ARM.Collect$$rtentry$$00000000)
    __rt_entry_presh_1                       0x0000021f   Thumb Code     0  __rtentry2.o(.ARM.Collect$$rtentry$$00000002)
    __rt_entry_sh                            0x0000021f   Thumb Code     0  __rtentry4.o(.ARM.Collect$$rtentry$$00000004)
    __rt_entry_li                            0x00000225   Thumb Code     0  __rtentry2.o(.ARM.Collect$$rtentry$$0000000A)
    __rt_entry_postsh_1                      0x00000225   Thumb Code     0  __rtentry2.o(.ARM.Collect$$rtentry$$00000009)
    __rt_entry_main                          0x00000229   Thumb Code     0  __rtentry2.o(.ARM.Collect$$rtentry$$0000000D)
    __rt_entry_postli_1                      0x00000229   Thumb Code     0  __rtentry2.o(.ARM.Collect$$rtentry$$0000000C)
    __rt_exit                                0x00000231   Thumb Code     0  rtexit.o(.ARM.Collect$$rtexit$$00000000)
    __rt_exit_ls                             0x00000233   Thumb Code     0  rtexit2.o(.ARM.Collect$$rtexit$$00000003)
    __rt_exit_prels_1                        0x00000233   Thumb Code     0  rtexit2.o(.ARM.Collect$$rtexit$$00000002)
    __rt_exit_exit                           0x00000237   Thumb Code     0  rtexit2.o(.ARM.Collect$$rtexit$$00000004)
    Reset_Handler                            0x0000023d   Thumb Code     8  startup_mdr1986be4.o(.text)
    NonMaskableInt_Handler                   0x00000245   Thumb Code     2  startup_mdr1986be4.o(.text)
    HardFault_Handler                        0x00000247   Thumb Code     2  startup_mdr1986be4.o(.text)
    SVC_Handler                              0x00000249   Thumb Code     2  startup_mdr1986be4.o(.text)
    PendSV_Handler                           0x0000024b   Thumb Code     2  startup_mdr1986be4.o(.text)
    SysTick_Handler                          0x0000024d   Thumb Code     2  startup_mdr1986be4.o(.text)
    DMA_IRQHandler                           0x0000024f   Thumb Code     2  startup_mdr1986be4.o(.text)
    UART2_IRQHandler                         0x00000253   Thumb Code     2  startup_mdr1986be4.o(.text)
    SSP1_IRQHandler                          0x00000255   Thumb Code     2  startup_mdr1986be4.o(.text)
    POWER_IRQHandler                         0x00000257   Thumb Code     2  startup_mdr1986be4.o(.text)
    WWDG_IRQHandler                          0x00000259   Thumb Code     2  startup_mdr1986be4.o(.text)
    TIMER2_IRQHandler                        0x0000025d   Thumb Code     2  startup_mdr1986be4.o(.text)
    ADC_IRQHandler                           0x0000025f   Thumb Code     2  startup_mdr1986be4.o(.text)
    COMPARATOR_IRQHandler                    0x00000261   Thumb Code     2  startup_mdr1986be4.o(.text)
    BACKUP_IRQHandler                        0x00000263   Thumb Code     2  startup_mdr1986be4.o(.text)
    EXT_INT0_IRQHandler                      0x00000265   Thumb Code     2  startup_mdr1986be4.o(.text)
    EXT_INT1_IRQHandler                      0x00000267   Thumb Code     2  startup_mdr1986be4.o(.text)
    EXT_INT2_IRQHandler                      0x00000269   Thumb Code     2  startup_mdr1986be4.o(.text)
    ADCIU_CH1_IRQHandler                     0x0000026b   Thumb Code     2  startup_mdr1986be4.o(.text)
    ADCIU_CH2_IRQHandler                     0x0000026d   Thumb Code     2  startup_mdr1986be4.o(.text)
    ADCIU_CH3_IRQHandler                     0x0000026f   Thumb Code     2  startup_mdr1986be4.o(.text)
    ADCIU_CH4_IRQHandler                     0x00000271   Thumb Code     2  startup_mdr1986be4.o(.text)
    ADCIU_CH5_IRQHandler                     0x00000273   Thumb Code     2  startup_mdr1986be4.o(.text)
    ADCIU_CH6_IRQHandler                     0x00000275   Thumb Code     2  startup_mdr1986be4.o(.text)
    ADCIU_CH7_IRQHandler                     0x00000277   Thumb Code     2  startup_mdr1986be4.o(.text)
    ADCIU_CH8_IRQHandler                     0x00000279   Thumb Code     2  startup_mdr1986be4.o(.text)
    ADCIU_IRQHandler                         0x0000027b   Thumb Code     2  startup_mdr1986be4.o(.text)
    __user_initial_stackheap                 0x0000027d   Thumb Code     0  startup_mdr1986be4.o(.text)
    sprintf                                  0x000002a1   Thumb Code    40  sprintf.o(.text)
    sscanf                                   0x000002cd   Thumb Code    54  sscanf.o(.text)
    strlen                                   0x0000030d   Thumb Code    62  strlen.o(.text)
    strcat                                   0x00000351   Thumb Code    24  strcat.o(.text)
    _memset_w                                0x00000369   Thumb Code    26  rt_memclr.o(.text)
    _memset                                  0x00000383   Thumb Code    30  rt_memclr.o(.text)
    __aeabi_memclr                           0x000003a1   Thumb Code     4  rt_memclr.o(.text)
    __rt_memclr                              0x000003a1   Thumb Code     0  rt_memclr.o(.text)
    __aeabi_memclr4                          0x000003a5   Thumb Code     0  rt_memclr.o(.text)
    __aeabi_memclr8                          0x000003a5   Thumb Code     0  rt_memclr.o(.text)
    __rt_memclr_w                            0x000003a5   Thumb Code     4  rt_memclr.o(.text)
    __aeabi_uidiv                            0x000003a9   Thumb Code     0  aeabi_sdiv.o(.text)
    __aeabi_uidivmod                         0x000003a9   Thumb Code    20  aeabi_sdiv.o(.text)
    __aeabi_idiv                             0x000003bd   Thumb Code     0  aeabi_sdiv.o(.text)
    __aeabi_idivmod                          0x000003bd   Thumb Code   338  aeabi_sdiv.o(.text)
    __use_two_region_memory                  0x00000515   Thumb Code     2  heapauxi.o(.text)
    __rt_heap_escrow$2region                 0x00000517   Thumb Code     2  heapauxi.o(.text)
    __rt_heap_expand$2region                 0x00000519   Thumb Code     2  heapauxi.o(.text)
    _printf_pre_padding                      0x0000051b   Thumb Code    44  _printf_pad.o(.text)
    _printf_post_padding                     0x00000547   Thumb Code    34  _printf_pad.o(.text)
    _printf_truncate_signed                  0x00000569   Thumb Code    18  _printf_truncate.o(.text)
    _printf_truncate_unsigned                0x0000057b   Thumb Code    18  _printf_truncate.o(.text)
    _printf_str                              0x0000058d   Thumb Code    82  _printf_str.o(.text)
    _printf_int_dec                          0x000005e1   Thumb Code    90  _printf_dec.o(.text)
    _printf_charcount                        0x0000064d   Thumb Code    38  _printf_charcount.o(.text)
    _printf_char_common                      0x0000067f   Thumb Code    32  _printf_char_common.o(.text)
    _sputc                                   0x000006a5   Thumb Code    10  _sputc.o(.text)
    _printf_wctomb                           0x000006b1   Thumb Code   182  _printf_wctomb.o(.text)
    _printf_longlong_dec                     0x0000076d   Thumb Code    94  _printf_longlong_dec.o(.text)
    _printf_longlong_oct                     0x000007dd   Thumb Code    68  _printf_oct_int_ll.o(.text)
    _printf_int_oct                          0x00000821   Thumb Code    24  _printf_oct_int_ll.o(.text)
    _printf_ll_oct                           0x00000839   Thumb Code    10  _printf_oct_int_ll.o(.text)
    _printf_longlong_hex                     0x0000084d   Thumb Code    88  _printf_hex_int_ll_ptr.o(.text)
    _printf_int_hex                          0x000008a5   Thumb Code    28  _printf_hex_int_ll_ptr.o(.text)
    _printf_ll_hex                           0x000008c1   Thumb Code    10  _printf_hex_int_ll_ptr.o(.text)
    _printf_hex_ptr                          0x000008cb   Thumb Code    22  _printf_hex_int_ll_ptr.o(.text)
    __printf                                 0x000008e5   Thumb Code   386  __printf_flags_ss_wp.o(.text)
    _scanf_longlong                          0x00000a6d   Thumb Code   330  _scanf_longlong.o(.text)
    _scanf_int                               0x00000bb7   Thumb Code   330  _scanf_int.o(.text)
    _scanf_string                            0x00000d01   Thumb Code   232  _scanf_str.o(.text)
    __vfscanf_char                           0x00000df5   Thumb Code    28  scanf_char.o(.text)
    _sgetc                                   0x00000e19   Thumb Code    32  _sgetc.o(.text)
    _sbackspace                              0x00000e39   Thumb Code    36  _sgetc.o(.text)
    _scanf_mbtowc                            0x00000e5d   Thumb Code   286  _scanf_mbtowc.o(.text)
    _scanf_wctomb                            0x00000f7b   Thumb Code   230  _scanf_wctomb.o(.text)
    _scanf_wstring                           0x00001061   Thumb Code   208  _scanf_wstr.o(.text)
    __aeabi_lmul                             0x00001131   Thumb Code    48  llmul.o(.text)
    _ll_mul                                  0x00001131   Thumb Code     0  llmul.o(.text)
    _ll_udiv10                               0x00001161   Thumb Code   122  lludiv10.o(.text)
    isspace                                  0x000011db   Thumb Code    18  isspace.o(.text)
    _printf_int_common                       0x000011ed   Thumb Code   176  _printf_intcommon.o(.text)
    _printf_fp_dec_real                      0x00001439   Thumb Code   620  _printf_fp_dec.o(.text)
    _printf_fp_hex_real                      0x000016b1   Thumb Code   718  _printf_fp_hex.o(.text)
    _printf_cs_common                        0x00001989   Thumb Code    22  _printf_char.o(.text)
    _printf_char                             0x0000199f   Thumb Code    16  _printf_char.o(.text)
    _printf_string                           0x000019af   Thumb Code     8  _printf_char.o(.text)
    _printf_lcs_common                       0x000019b7   Thumb Code    22  _printf_wchar.o(.text)
    _printf_wchar                            0x000019cd   Thumb Code    16  _printf_wchar.o(.text)
    _printf_wstring                          0x000019dd   Thumb Code     8  _printf_wchar.o(.text)
    _chval                                   0x000019e5   Thumb Code    30  _chval.o(.text)
    __vfscanf                                0x00001a05   Thumb Code   880  _scanf.o(.text)
    _scanf_really_real                       0x00001fdf   Thumb Code   710  scanf_fp.o(.text)
    _scanf_wcharmap                          0x000022a5   Thumb Code    32  _scanf_wcharmap.o(.text)
    _mbrtoc16                                0x000022c5   Thumb Code    66  _mbrtoc16.o(.text)
    _mbrtowc                                 0x000022c5   Thumb Code     0  _mbrtoc16.o(.text)
    _c16rtomb                                0x00002307   Thumb Code    66  _c16rtomb.o(.text)
    _wcrtomb                                 0x00002307   Thumb Code     0  _c16rtomb.o(.text)
    __rt_udiv10                              0x00002349   Thumb Code    40  rtudiv10.o(.text)
    __user_setup_stackheap                   0x00002371   Thumb Code    62  sys_stackheap_outer.o(.text)
    __rt_ctype_table                         0x000023b1   Thumb Code    16  rt_ctype_table.o(.text)
    __rt_locale                              0x000023c1   Thumb Code     8  rt_locale_intlibspace.o(.text)
    __aeabi_errno_addr                       0x000023c9   Thumb Code     8  rt_errno_addr_intlibspace.o(.text)
    __errno$intlibspace                      0x000023c9   Thumb Code     0  rt_errno_addr_intlibspace.o(.text)
    __rt_errno_addr$intlibspace              0x000023c9   Thumb Code     0  rt_errno_addr_intlibspace.o(.text)
    __aeabi_llsl                             0x000023d1   Thumb Code    32  llshl.o(.text)
    _ll_shift_l                              0x000023d1   Thumb Code     0  llshl.o(.text)
    _printf_fp_infnan                        0x000023f1   Thumb Code   120  _printf_fp_infnan.o(.text)
    _btod_etento                             0x00002479   Thumb Code   210  bigflt0.o(.text)
    _btod_d2e                                0x00002551   Thumb Code    64  btod.o(.text)
    _btod_emul                               0x00002985   Thumb Code    28  btod.o(.text)
    _btod_emuld                              0x000029a1   Thumb Code   144  btod.o(.text)
    _btod_ediv                               0x00002a31   Thumb Code    26  btod.o(.text)
    _btod_edivd                              0x00002a4b   Thumb Code   124  btod.o(.text)
    exit                                     0x00002ad1   Thumb Code    16  exit.o(.text)
    __user_libspace                          0x00002ae1   Thumb Code     8  libspace.o(.text)
    __user_perproc_libspace                  0x00002ae1   Thumb Code     0  libspace.o(.text)
    __user_perthread_libspace                0x00002ae1   Thumb Code     0  libspace.o(.text)
    __read_errno                             0x00002ae9   Thumb Code    10  _rserrno.o(.text)
    __set_errno                              0x00002af3   Thumb Code    12  _rserrno.o(.text)
    _scanf_really_hex_real                   0x00002b01   Thumb Code   806  scanf_hexfp.o(.text)
    _scanf_really_infnan                     0x00002e35   Thumb Code   300  scanf_infnan.o(.text)
    strcmp                                   0x00002f71   Thumb Code   132  strcmp.o(.text)
    __aeabi_d2f                              0x00002ff9   Thumb Code     0  d2f.o(.text)
    _d2f                                     0x00002ff9   Thumb Code   120  d2f.o(.text)
    _sys_exit                                0x00003075   Thumb Code     8  sys_exit.o(.text)
    __fpl_dcmp_InfNaN                        0x00003081   Thumb Code   154  dcmpin.o(.text)
    __ARM_scalbn                             0x00003121   Thumb Code    84  dscalbn.o(.text)
    __I$use$semihosting                      0x00003181   Thumb Code     0  use_no_semi.o(.text)
    __use_no_semihosting_swi                 0x00003181   Thumb Code     2  use_no_semi.o(.text)
    __fpl_cmpreturn                          0x00003183   Thumb Code    46  cmpret.o(.text)
    __semihosting_library_function           0x00003183   Thumb Code     0  indicate_semi.o(.text)
    __fpl_dcheck_NaN2                        0x000031b1   Thumb Code    14  dnan2.o(.text)
    __fpl_return_NaN                         0x000031c5   Thumb Code    94  retnan.o(.text)
    ADC1_Cmd                                 0x00003225   Thumb Code    52  mdr32f9qx_adc.o(.text.ADC1_Cmd)
    ADC1_Init                                0x00003259   Thumb Code   124  mdr32f9qx_adc.o(.text.ADC1_Init)
    ADCInit                                  0x000032e9   Thumb Code    32  adc.o(.text.ADCInit)
    ADC_Channel_Init                         0x0000330d   Thumb Code    40  adc.o(.text.ADC_Channel_Init)
    ADC_Init                                 0x00003339   Thumb Code    68  mdr32f9qx_adc.o(.text.ADC_Init)
    ADC_StructInit                           0x00003389   Thumb Code    38  mdr32f9qx_adc.o(.text.ADC_StructInit)
    ADCx_StructInit                          0x000033af   Thumb Code    58  mdr32f9qx_adc.o(.text.ADCx_StructInit)
    Find_Crc32                               0x000033e9   Thumb Code   188  data_interface.o(.text.Find_Crc32)
    MODBUS_read_byte                         0x000034a9   Thumb Code    92  data_interface.o(.text.MODBUS_read_byte)
    MODBUS_read_request_and_send_response    0x00003509   Thumb Code   856  data_interface.o(.text.MODBUS_read_request_and_send_response)
    MODBUS_send_data                         0x00003865   Thumb Code   548  data_interface.o(.text.MODBUS_send_data)
    PORT_Init                                0x00003ab5   Thumb Code   524  mdr32f9qx_port.o(.text.PORT_Init)
    PORT_StructInit                          0x00003ccd   Thumb Code    52  mdr32f9qx_port.o(.text.PORT_StructInit)
    PortsInit                                0x00003d05   Thumb Code   192  ports.o(.text.PortsInit)
    RST_CLK_GetClocksFreq                    0x00003dcd   Thumb Code   652  mdr32f9qx_rst_clk.o(.text.RST_CLK_GetClocksFreq)
    RST_CLK_PCLKcmd                          0x0000405d   Thumb Code    44  mdr32f9qx_rst_clk.o(.text.RST_CLK_PCLKcmd)
    SystemCoreClockUpdate                    0x00004089   Thumb Code   176  system_mdr1986be4.o(.text.SystemCoreClockUpdate)
    SystemInit                               0x00004149   Thumb Code    48  system_mdr1986be4.o(.text.SystemInit)
    TIMER1_IRQHandler                        0x00004195   Thumb Code    32  timer.o(.text.TIMER1_IRQHandler)
    TIMER1_init                              0x000041bd   Thumb Code   168  timer.o(.text.TIMER1_init)
    TIMER_BRGInit                            0x00004279   Thumb Code   104  mdr32f9qx_timer.o(.text.TIMER_BRGInit)
    TIMER_ChnInit                            0x000042ed   Thumb Code   122  mdr32f9qx_timer.o(.text.TIMER_ChnInit)
    TIMER_ChnOutInit                         0x00004367   Thumb Code    92  mdr32f9qx_timer.o(.text.TIMER_ChnOutInit)
    TIMER_ChnOutStructInit                   0x000043c3   Thumb Code    46  mdr32f9qx_timer.o(.text.TIMER_ChnOutStructInit)
    TIMER_ChnStructInit                      0x000043f1   Thumb Code    58  mdr32f9qx_timer.o(.text.TIMER_ChnStructInit)
    TIMER_ClearFlag                          0x0000442b   Thumb Code    20  mdr32f9qx_timer.o(.text.TIMER_ClearFlag)
    TIMER_Cmd                                0x0000443f   Thumb Code    52  mdr32f9qx_timer.o(.text.TIMER_Cmd)
    TIMER_CntInit                            0x00004473   Thumb Code    88  mdr32f9qx_timer.o(.text.TIMER_CntInit)
    TIMER_CntStructInit                      0x000044cb   Thumb Code    58  mdr32f9qx_timer.o(.text.TIMER_CntStructInit)
    TIMER_ITConfig                           0x00004505   Thumb Code    54  mdr32f9qx_timer.o(.text.TIMER_ITConfig)
    TIMER_SetChnCompare                      0x0000453b   Thumb Code    32  mdr32f9qx_timer.o(.text.TIMER_SetChnCompare)
    UART1_IRQHandler                         0x0000455d   Thumb Code   160  uart.o(.text.UART1_IRQHandler)
    UARTInit                                 0x00004609   Thumb Code    88  uart.o(.text.UARTInit)
    UART_BRGInit                             0x00004661   Thumb Code   104  mdr32f9qx_uart.o(.text.UART_BRGInit)
    UART_ClearITPendingBit                   0x000046c9   Thumb Code    20  mdr32f9qx_uart.o(.text.UART_ClearITPendingBit)
    UART_Cmd                                 0x000046dd   Thumb Code    44  mdr32f9qx_uart.o(.text.UART_Cmd)
    UART_GetFlagStatus                       0x0000470d   Thumb Code    42  mdr32f9qx_uart.o(.text.UART_GetFlagStatus)
    UART_GetITStatusMasked                   0x00004737   Thumb Code    42  mdr32f9qx_uart.o(.text.UART_GetITStatusMasked)
    UART_ITConfig                            0x00004761   Thumb Code    46  mdr32f9qx_uart.o(.text.UART_ITConfig)
    UART_Init                                0x00004791   Thumb Code   248  mdr32f9qx_uart.o(.text.UART_Init)
    UART_ReceiveData                         0x00004895   Thumb Code    14  mdr32f9qx_uart.o(.text.UART_ReceiveData)
    UART_SendData                            0x000048a5   Thumb Code    24  mdr32f9qx_uart.o(.text.UART_SendData)
    UART_send_string                         0x000048c1   Thumb Code    76  uart.o(.text.UART_send_string)
    main                                     0x000049e9   Thumb Code    32  main.o(.text.main)
    __ARM_common_ll_muluu                    0x00004a09   Thumb Code    48  btod.o(i.__ARM_common_ll_muluu)
    __ARM_fpclassify                         0x00004a39   Thumb Code    40  fpclassify.o(i.__ARM_fpclassify)
    __mathlib_dbl_overflow                   0x00004a65   Thumb Code    16  dunder.o(i.__mathlib_dbl_overflow)
    __mathlib_dbl_underflow                  0x00004a79   Thumb Code    14  dunder.o(i.__mathlib_dbl_underflow)
    __mathlib_narrow                         0x00004a8d   Thumb Code    16  narrow.o(i.__mathlib_narrow)
    __mathlib_tofloat                        0x00004a9d   Thumb Code   190  narrow.o(i.__mathlib_tofloat)
    __support_ldexp                          0x00004b65   Thumb Code    20  ldexp.o(i.__support_ldexp)
    _is_digit                                0x00004b79   Thumb Code    14  __printf_wp.o(i._is_digit)
    frexp                                    0x00004b89   Thumb Code    72  frexp.o(i.frexp)
    ldexp                                    0x00004be1   Thumb Code   112  ldexp.o(i.ldexp)
    _get_lc_numeric                          0x00004c51   Thumb Code    44  lc_numeric_c.o(locale$$code)
    _get_lc_ctype                            0x00004c7d   Thumb Code    44  lc_ctype_c.o(locale$$code)
    __aeabi_cdcmpeq                          0x00004ca9   Thumb Code     0  deqf.o(x$fpl$deqf)
    _dcmpeq                                  0x00004ca9   Thumb Code    94  deqf.o(x$fpl$deqf)
    __aeabi_cdrcmple                         0x00004d0d   Thumb Code     0  drlef.o(x$fpl$drleqf)
    _drcmple                                 0x00004d0d   Thumb Code   100  drlef.o(x$fpl$drleqf)
    _printf_fp_dec                           0x00004d75   Thumb Code    16  printf1.o(x$fpl$printf1)
    _printf_fp_hex                           0x00004d85   Thumb Code    16  printf2.o(x$fpl$printf2)
    _scanf_real                              0x00004d95   Thumb Code    16  scanf1.o(x$fpl$scanf1)
    _scanf_hex_real                          0x00004da5   Thumb Code    16  scanf2.o(x$fpl$scanf2)
    _scanf_infnan                            0x00004db5   Thumb Code    16  scanf2.o(x$fpl$scanf2)
    __I$use$fp                               0x00004dc4   Number         0  usenofp.o(x$fpl$usenofp)
    Region$$Table$$Base                      0x00004efc   Number         0  anon$$obj.o(Region$$Table)
    Region$$Table$$Limit                     0x00004f1c   Number         0  anon$$obj.o(Region$$Table)
    __aeabi_HUGE_VAL                         0x00004f1c   Data           0  fpconst.o(c$$dinf)
    __aeabi_HUGE_VALL                        0x00004f1c   Data           0  fpconst.o(c$$dinf)
    __aeabi_INFINITY                         0x00004f1c   Data           0  fpconst.o(c$$dinf)
    __dInf                                   0x00004f1c   Data           0  fpconst.o(c$$dinf)
    __huge_val                               0x00004f1c   Data           0  fpconst.o(c$$dinf)
    __dbl_max                                0x00004f24   Data           0  fpconst.o(c$$dmax)
    __ctype                                  0x00004f55   Data           0  lc_ctype_c.o(locale$$data)
    SystemCoreClock                          0x20000004   Data           4  system_mdr1986be4.o(.data.SystemCoreClock)
    __libspace_start                         0x20000008   Data          96  libspace.o(.bss)
    ADC                                      0x20000068   Data          28  adc.o(.bss.ADC)
    __temporary_stack_top$libspace           0x20000068   Data           0  libspace.o(.bss)
    ADC3                                     0x20000084   Data          44  adc.o(.bss.ADC3)
    TIMERInitStruct                          0x200000b0   Data          24  timer.o(.bss.TIMERInitStruct)
    sTIM_ChnInit                             0x20000192   Data          24  timer.o(.bss.sTIM_ChnInit)
    sTIM_ChnOutInit                          0x200001aa   Data          20  timer.o(.bss.sTIM_ChnOutInit)



==============================================================================

Memory Map of the image

  Image Entry point : 0x0000023d

  Load Region LR_1 (Base: 0x00000000, Size: 0x00005060, Max: 0xffffffff, ABSOLUTE)

    Execution Region ER_RO (Exec base: 0x00000000, Load base: 0x00000000, Size: 0x00005058, Max: 0xffffffff, ABSOLUTE)

    Exec Addr    Load Addr    Size         Type   Attr      Idx    E Section Name        Object

    0x00000000   0x00000000   0x0000009c   Data   RO           96    RESET               startup_mdr1986be4.o
    0x0000009c   0x0000009c   0x00000008   Code   RO          454  * !!!main             c_p.l(__main.o)
    0x000000a4   0x000000a4   0x0000003c   Code   RO          915    !!!scatter          c_p.l(__scatter.o)
    0x000000e0   0x000000e0   0x0000001a   Code   RO          917    !!handler_copy      c_p.l(__scatter_copy.o)
    0x000000fa   0x000000fa   0x00000002   PAD
    0x000000fc   0x000000fc   0x0000001c   Code   RO          919    !!handler_zi        c_p.l(__scatter_zi.o)
    0x00000118   0x00000118   0x00000002   Code   RO          557    .ARM.Collect$$_printf_percent$$00000000  c_p.l(_printf_percent.o)
    0x0000011a   0x0000011a   0x0000000a   Code   RO          546    .ARM.Collect$$_printf_percent$$00000001  c_p.l(_printf_n.o)
    0x00000124   0x00000124   0x0000000a   Code   RO          548    .ARM.Collect$$_printf_percent$$00000002  c_p.l(_printf_p.o)
    0x0000012e   0x0000012e   0x0000000a   Code   RO          553    .ARM.Collect$$_printf_percent$$00000003  c_p.l(_printf_f.o)
    0x00000138   0x00000138   0x0000000a   Code   RO          554    .ARM.Collect$$_printf_percent$$00000004  c_p.l(_printf_e.o)
    0x00000142   0x00000142   0x0000000a   Code   RO          555    .ARM.Collect$$_printf_percent$$00000005  c_p.l(_printf_g.o)
    0x0000014c   0x0000014c   0x0000000a   Code   RO          556    .ARM.Collect$$_printf_percent$$00000006  c_p.l(_printf_a.o)
    0x00000156   0x00000156   0x0000000a   Code   RO          561    .ARM.Collect$$_printf_percent$$00000007  c_p.l(_printf_ll.o)
    0x00000160   0x00000160   0x0000000a   Code   RO          550    .ARM.Collect$$_printf_percent$$00000008  c_p.l(_printf_i.o)
    0x0000016a   0x0000016a   0x0000000a   Code   RO          551    .ARM.Collect$$_printf_percent$$00000009  c_p.l(_printf_d.o)
    0x00000174   0x00000174   0x0000000a   Code   RO          552    .ARM.Collect$$_printf_percent$$0000000A  c_p.l(_printf_u.o)
    0x0000017e   0x0000017e   0x0000000a   Code   RO          549    .ARM.Collect$$_printf_percent$$0000000B  c_p.l(_printf_o.o)
    0x00000188   0x00000188   0x0000000a   Code   RO          547    .ARM.Collect$$_printf_percent$$0000000C  c_p.l(_printf_x.o)
    0x00000192   0x00000192   0x0000000a   Code   RO          558    .ARM.Collect$$_printf_percent$$0000000D  c_p.l(_printf_lli.o)
    0x0000019c   0x0000019c   0x0000000a   Code   RO          559    .ARM.Collect$$_printf_percent$$0000000E  c_p.l(_printf_lld.o)
    0x000001a6   0x000001a6   0x0000000a   Code   RO          560    .ARM.Collect$$_printf_percent$$0000000F  c_p.l(_printf_llu.o)
    0x000001b0   0x000001b0   0x0000000a   Code   RO          565    .ARM.Collect$$_printf_percent$$00000010  c_p.l(_printf_llo.o)
    0x000001ba   0x000001ba   0x0000000a   Code   RO          566    .ARM.Collect$$_printf_percent$$00000011  c_p.l(_printf_llx.o)
    0x000001c4   0x000001c4   0x0000000a   Code   RO          562    .ARM.Collect$$_printf_percent$$00000012  c_p.l(_printf_l.o)
    0x000001ce   0x000001ce   0x0000000a   Code   RO          544    .ARM.Collect$$_printf_percent$$00000013  c_p.l(_printf_c.o)
    0x000001d8   0x000001d8   0x0000000a   Code   RO          545    .ARM.Collect$$_printf_percent$$00000014  c_p.l(_printf_s.o)
    0x000001e2   0x000001e2   0x0000000a   Code   RO          563    .ARM.Collect$$_printf_percent$$00000015  c_p.l(_printf_lc.o)
    0x000001ec   0x000001ec   0x0000000a   Code   RO          564    .ARM.Collect$$_printf_percent$$00000016  c_p.l(_printf_ls.o)
    0x000001f6   0x000001f6   0x00000004   Code   RO          632    .ARM.Collect$$_printf_percent$$00000017  c_p.l(_printf_percent_end.o)
    0x000001fa   0x000001fa   0x00000002   Code   RO          694    .ARM.Collect$$libinit$$00000000  c_p.l(libinit.o)
    0x000001fc   0x000001fc   0x00000000   Code   RO          741    .ARM.Collect$$libinit$$00000002  c_p.l(libinit2.o)
    0x000001fc   0x000001fc   0x00000000   Code   RO          743    .ARM.Collect$$libinit$$00000004  c_p.l(libinit2.o)
    0x000001fc   0x000001fc   0x00000000   Code   RO          745    .ARM.Collect$$libinit$$00000006  c_p.l(libinit2.o)
    0x000001fc   0x000001fc   0x00000000   Code   RO          748    .ARM.Collect$$libinit$$0000000C  c_p.l(libinit2.o)
    0x000001fc   0x000001fc   0x00000000   Code   RO          750    .ARM.Collect$$libinit$$0000000E  c_p.l(libinit2.o)
    0x000001fc   0x000001fc   0x00000000   Code   RO          752    .ARM.Collect$$libinit$$00000010  c_p.l(libinit2.o)
    0x000001fc   0x000001fc   0x00000006   Code   RO          753    .ARM.Collect$$libinit$$00000011  c_p.l(libinit2.o)
    0x00000202   0x00000202   0x00000000   Code   RO          755    .ARM.Collect$$libinit$$00000013  c_p.l(libinit2.o)
    0x00000202   0x00000202   0x0000000c   Code   RO          756    .ARM.Collect$$libinit$$00000014  c_p.l(libinit2.o)
    0x0000020e   0x0000020e   0x00000000   Code   RO          757    .ARM.Collect$$libinit$$00000015  c_p.l(libinit2.o)
    0x0000020e   0x0000020e   0x00000000   Code   RO          759    .ARM.Collect$$libinit$$00000017  c_p.l(libinit2.o)
    0x0000020e   0x0000020e   0x0000000a   Code   RO          760    .ARM.Collect$$libinit$$00000018  c_p.l(libinit2.o)
    0x00000218   0x00000218   0x00000000   Code   RO          761    .ARM.Collect$$libinit$$00000019  c_p.l(libinit2.o)
    0x00000218   0x00000218   0x00000000   Code   RO          763    .ARM.Collect$$libinit$$0000001B  c_p.l(libinit2.o)
    0x00000218   0x00000218   0x00000000   Code   RO          765    .ARM.Collect$$libinit$$0000001D  c_p.l(libinit2.o)
    0x00000218   0x00000218   0x00000000   Code   RO          767    .ARM.Collect$$libinit$$0000001F  c_p.l(libinit2.o)
    0x00000218   0x00000218   0x00000000   Code   RO          769    .ARM.Collect$$libinit$$00000021  c_p.l(libinit2.o)
    0x00000218   0x00000218   0x00000000   Code   RO          771    .ARM.Collect$$libinit$$00000023  c_p.l(libinit2.o)
    0x00000218   0x00000218   0x00000000   Code   RO          773    .ARM.Collect$$libinit$$00000025  c_p.l(libinit2.o)
    0x00000218   0x00000218   0x00000000   Code   RO          775    .ARM.Collect$$libinit$$00000027  c_p.l(libinit2.o)
    0x00000218   0x00000218   0x00000000   Code   RO          779    .ARM.Collect$$libinit$$0000002E  c_p.l(libinit2.o)
    0x00000218   0x00000218   0x00000000   Code   RO          781    .ARM.Collect$$libinit$$00000030  c_p.l(libinit2.o)
    0x00000218   0x00000218   0x00000000   Code   RO          783    .ARM.Collect$$libinit$$00000032  c_p.l(libinit2.o)
    0x00000218   0x00000218   0x00000000   Code   RO          785    .ARM.Collect$$libinit$$00000034  c_p.l(libinit2.o)
    0x00000218   0x00000218   0x00000002   Code   RO          786    .ARM.Collect$$libinit$$00000035  c_p.l(libinit2.o)
    0x0000021a   0x0000021a   0x00000002   Code   RO          843    .ARM.Collect$$libshutdown$$00000000  c_p.l(libshutdown.o)
    0x0000021c   0x0000021c   0x00000000   Code   RO          889    .ARM.Collect$$libshutdown$$00000002  c_p.l(libshutdown2.o)
    0x0000021c   0x0000021c   0x00000000   Code   RO          891    .ARM.Collect$$libshutdown$$00000004  c_p.l(libshutdown2.o)
    0x0000021c   0x0000021c   0x00000000   Code   RO          894    .ARM.Collect$$libshutdown$$00000007  c_p.l(libshutdown2.o)
    0x0000021c   0x0000021c   0x00000000   Code   RO          897    .ARM.Collect$$libshutdown$$0000000A  c_p.l(libshutdown2.o)
    0x0000021c   0x0000021c   0x00000000   Code   RO          899    .ARM.Collect$$libshutdown$$0000000C  c_p.l(libshutdown2.o)
    0x0000021c   0x0000021c   0x00000000   Code   RO          902    .ARM.Collect$$libshutdown$$0000000F  c_p.l(libshutdown2.o)
    0x0000021c   0x0000021c   0x00000002   Code   RO          903    .ARM.Collect$$libshutdown$$00000010  c_p.l(libshutdown2.o)
    0x0000021e   0x0000021e   0x00000000   Code   RO          471    .ARM.Collect$$rtentry$$00000000  c_p.l(__rtentry.o)
    0x0000021e   0x0000021e   0x00000000   Code   RO          595    .ARM.Collect$$rtentry$$00000002  c_p.l(__rtentry2.o)
    0x0000021e   0x0000021e   0x00000006   Code   RO          607    .ARM.Collect$$rtentry$$00000004  c_p.l(__rtentry4.o)
    0x00000224   0x00000224   0x00000000   Code   RO          597    .ARM.Collect$$rtentry$$00000009  c_p.l(__rtentry2.o)
    0x00000224   0x00000224   0x00000004   Code   RO          598    .ARM.Collect$$rtentry$$0000000A  c_p.l(__rtentry2.o)
    0x00000228   0x00000228   0x00000000   Code   RO          600    .ARM.Collect$$rtentry$$0000000C  c_p.l(__rtentry2.o)
    0x00000228   0x00000228   0x00000008   Code   RO          601    .ARM.Collect$$rtentry$$0000000D  c_p.l(__rtentry2.o)
    0x00000230   0x00000230   0x00000002   Code   RO          719    .ARM.Collect$$rtexit$$00000000  c_p.l(rtexit.o)
    0x00000232   0x00000232   0x00000000   Code   RO          802    .ARM.Collect$$rtexit$$00000002  c_p.l(rtexit2.o)
    0x00000232   0x00000232   0x00000004   Code   RO          803    .ARM.Collect$$rtexit$$00000003  c_p.l(rtexit2.o)
    0x00000236   0x00000236   0x00000006   Code   RO          804    .ARM.Collect$$rtexit$$00000004  c_p.l(rtexit2.o)
    0x0000023c   0x0000023c   0x00000064   Code   RO           97  * .text               startup_mdr1986be4.o
    0x000002a0   0x000002a0   0x0000002c   Code   RO          438    .text               c_p.l(sprintf.o)
    0x000002cc   0x000002cc   0x00000040   Code   RO          440    .text               c_p.l(sscanf.o)
    0x0000030c   0x0000030c   0x00000044   Code   RO          442    .text               c_p.l(strlen.o)
    0x00000350   0x00000350   0x00000018   Code   RO          444    .text               c_p.l(strcat.o)
    0x00000368   0x00000368   0x00000040   Code   RO          446    .text               c_p.l(rt_memclr.o)
    0x000003a8   0x000003a8   0x0000016c   Code   RO          448    .text               c_p.l(aeabi_sdiv.o)
    0x00000514   0x00000514   0x00000006   Code   RO          452    .text               c_p.l(heapauxi.o)
    0x0000051a   0x0000051a   0x0000004e   Code   RO          478    .text               c_p.l(_printf_pad.o)
    0x00000568   0x00000568   0x00000024   Code   RO          480    .text               c_p.l(_printf_truncate.o)
    0x0000058c   0x0000058c   0x00000052   Code   RO          482    .text               c_p.l(_printf_str.o)
    0x000005de   0x000005de   0x00000002   PAD
    0x000005e0   0x000005e0   0x0000006c   Code   RO          484    .text               c_p.l(_printf_dec.o)
    0x0000064c   0x0000064c   0x00000026   Code   RO          486    .text               c_p.l(_printf_charcount.o)
    0x00000672   0x00000672   0x00000002   PAD
    0x00000674   0x00000674   0x00000030   Code   RO          488    .text               c_p.l(_printf_char_common.o)
    0x000006a4   0x000006a4   0x0000000a   Code   RO          490    .text               c_p.l(_sputc.o)
    0x000006ae   0x000006ae   0x00000002   PAD
    0x000006b0   0x000006b0   0x000000bc   Code   RO          492    .text               c_p.l(_printf_wctomb.o)
    0x0000076c   0x0000076c   0x00000070   Code   RO          495    .text               c_p.l(_printf_longlong_dec.o)
    0x000007dc   0x000007dc   0x00000070   Code   RO          501    .text               c_p.l(_printf_oct_int_ll.o)
    0x0000084c   0x0000084c   0x00000098   Code   RO          521    .text               c_p.l(_printf_hex_int_ll_ptr.o)
    0x000008e4   0x000008e4   0x00000188   Code   RO          541    .text               c_p.l(__printf_flags_ss_wp.o)
    0x00000a6c   0x00000a6c   0x0000014a   Code   RO          567    .text               c_p.l(_scanf_longlong.o)
    0x00000bb6   0x00000bb6   0x0000014a   Code   RO          569    .text               c_p.l(_scanf_int.o)
    0x00000d00   0x00000d00   0x000000e8   Code   RO          571    .text               c_p.l(_scanf_str.o)
    0x00000de8   0x00000de8   0x00000030   Code   RO          573    .text               c_p.l(scanf_char.o)
    0x00000e18   0x00000e18   0x00000044   Code   RO          575    .text               c_p.l(_sgetc.o)
    0x00000e5c   0x00000e5c   0x0000011e   Code   RO          577    .text               c_p.l(_scanf_mbtowc.o)
    0x00000f7a   0x00000f7a   0x000000e6   Code   RO          579    .text               c_p.l(_scanf_wctomb.o)
    0x00001060   0x00001060   0x000000d0   Code   RO          581    .text               c_p.l(_scanf_wstr.o)
    0x00001130   0x00001130   0x00000030   Code   RO          611    .text               c_p.l(llmul.o)
    0x00001160   0x00001160   0x0000007a   Code   RO          613    .text               c_p.l(lludiv10.o)
    0x000011da   0x000011da   0x00000012   Code   RO          615    .text               c_p.l(isspace.o)
    0x000011ec   0x000011ec   0x000000b0   Code   RO          617    .text               c_p.l(_printf_intcommon.o)
    0x0000129c   0x0000129c   0x00000414   Code   RO          619    .text               c_p.l(_printf_fp_dec.o)
    0x000016b0   0x000016b0   0x000002d8   Code   RO          623    .text               c_p.l(_printf_fp_hex.o)
    0x00001988   0x00001988   0x0000002e   Code   RO          628    .text               c_p.l(_printf_char.o)
    0x000019b6   0x000019b6   0x0000002e   Code   RO          630    .text               c_p.l(_printf_wchar.o)
    0x000019e4   0x000019e4   0x0000001e   Code   RO          633    .text               c_p.l(_chval.o)
    0x00001a02   0x00001a02   0x00000002   PAD
    0x00001a04   0x00001a04   0x00000380   Code   RO          635    .text               c_p.l(_scanf.o)
    0x00001d84   0x00001d84   0x00000520   Code   RO          637    .text               c_p.l(scanf_fp.o)
    0x000022a4   0x000022a4   0x00000020   Code   RO          641    .text               c_p.l(_scanf_wcharmap.o)
    0x000022c4   0x000022c4   0x00000042   Code   RO          643    .text               c_p.l(_mbrtoc16.o)
    0x00002306   0x00002306   0x00000042   Code   RO          645    .text               c_p.l(_c16rtomb.o)
    0x00002348   0x00002348   0x00000028   Code   RO          647    .text               c_p.l(rtudiv10.o)
    0x00002370   0x00002370   0x0000003e   Code   RO          649    .text               c_p.l(sys_stackheap_outer.o)
    0x000023ae   0x000023ae   0x00000002   PAD
    0x000023b0   0x000023b0   0x00000010   Code   RO          652    .text               c_p.l(rt_ctype_table.o)
    0x000023c0   0x000023c0   0x00000008   Code   RO          657    .text               c_p.l(rt_locale_intlibspace.o)
    0x000023c8   0x000023c8   0x00000008   Code   RO          662    .text               c_p.l(rt_errno_addr_intlibspace.o)
    0x000023d0   0x000023d0   0x00000020   Code   RO          664    .text               c_p.l(llshl.o)
    0x000023f0   0x000023f0   0x00000088   Code   RO          666    .text               c_p.l(_printf_fp_infnan.o)
    0x00002478   0x00002478   0x000000d8   Code   RO          668    .text               c_p.l(bigflt0.o)
    0x00002550   0x00002550   0x00000580   Code   RO          671    .text               c_p.l(btod.o)
    0x00002ad0   0x00002ad0   0x00000010   Code   RO          683    .text               c_p.l(exit.o)
    0x00002ae0   0x00002ae0   0x00000008   Code   RO          715    .text               c_p.l(libspace.o)
    0x00002ae8   0x00002ae8   0x00000016   Code   RO          723    .text               c_p.l(_rserrno.o)
    0x00002afe   0x00002afe   0x00000002   PAD
    0x00002b00   0x00002b00   0x00000334   Code   RO          725    .text               c_p.l(scanf_hexfp.o)
    0x00002e34   0x00002e34   0x0000013c   Code   RO          727    .text               c_p.l(scanf_infnan.o)
    0x00002f70   0x00002f70   0x00000088   Code   RO          738    .text               c_p.l(strcmp.o)
    0x00002ff8   0x00002ff8   0x0000007c   Code   RO          787    .text               fz_ps.l(d2f.o)
    0x00003074   0x00003074   0x0000000c   Code   RO          797    .text               c_p.l(sys_exit.o)
    0x00003080   0x00003080   0x000000a0   Code   RO          816    .text               fz_ps.l(dcmpin.o)
    0x00003120   0x00003120   0x00000060   Code   RO          818    .text               fz_ps.l(dscalbn.o)
    0x00003180   0x00003180   0x00000002   Code   RO          832    .text               c_p.l(use_no_semi.o)
    0x00003182   0x00003182   0x00000000   Code   RO          834    .text               c_p.l(indicate_semi.o)
    0x00003182   0x00003182   0x0000002e   Code   RO          844    .text               fz_ps.l(cmpret.o)
    0x000031b0   0x000031b0   0x00000014   Code   RO          846    .text               fz_ps.l(dnan2.o)
    0x000031c4   0x000031c4   0x0000005e   Code   RO          911    .text               fz_ps.l(retnan.o)
    0x00003222   0x00003222   0x00000002   PAD
    0x00003224   0x00003224   0x00000034   Code   RO          128    .text.ADC1_Cmd      mdr32f9qx_adc.o
    0x00003258   0x00003258   0x00000090   Code   RO          124    .text.ADC1_Init     mdr32f9qx_adc.o
    0x000032e8   0x000032e8   0x00000024   Code   RO           13    .text.ADCInit       adc.o
    0x0000330c   0x0000330c   0x0000002c   Code   RO           15    .text.ADC_Channel_Init  adc.o
    0x00003338   0x00003338   0x00000050   Code   RO          118    .text.ADC_Init      mdr32f9qx_adc.o
    0x00003388   0x00003388   0x00000026   Code   RO          120    .text.ADC_StructInit  mdr32f9qx_adc.o
    0x000033ae   0x000033ae   0x0000003a   Code   RO          126    .text.ADCx_StructInit  mdr32f9qx_adc.o
    0x000033e8   0x000033e8   0x000000c0   Code   RO           79    .text.Find_Crc32    data_interface.o
    0x000034a8   0x000034a8   0x00000060   Code   RO           83    .text.MODBUS_read_byte  data_interface.o
    0x00003508   0x00003508   0x0000035c   Code   RO           81    .text.MODBUS_read_request_and_send_response  data_interface.o
    0x00003864   0x00003864   0x00000250   Code   RO           77    .text.MODBUS_send_data  data_interface.o
    0x00003ab4   0x00003ab4   0x00000218   Code   RO          179    .text.PORT_Init     mdr32f9qx_port.o
    0x00003ccc   0x00003ccc   0x00000038   Code   RO          181    .text.PORT_StructInit  mdr32f9qx_port.o
    0x00003d04   0x00003d04   0x000000c8   Code   RO           69    .text.PortsInit     ports.o
    0x00003dcc   0x00003dcc   0x00000290   Code   RO          268    .text.RST_CLK_GetClocksFreq  mdr32f9qx_rst_clk.o
    0x0000405c   0x0000405c   0x0000002c   Code   RO          206    .text.RST_CLK_PCLKcmd  mdr32f9qx_rst_clk.o
    0x00004088   0x00004088   0x000000c0   Code   RO          104    .text.SystemCoreClockUpdate  system_mdr1986be4.o
    0x00004148   0x00004148   0x0000004c   Code   RO          106    .text.SystemInit    system_mdr1986be4.o
    0x00004194   0x00004194   0x00000028   Code   RO           38    .text.TIMER1_IRQHandler  timer.o
    0x000041bc   0x000041bc   0x000000bc   Code   RO           32    .text.TIMER1_init   timer.o
    0x00004278   0x00004278   0x00000074   Code   RO          387    .text.TIMER_BRGInit  mdr32f9qx_timer.o
    0x000042ec   0x000042ec   0x0000007a   Code   RO          317    .text.TIMER_ChnInit  mdr32f9qx_timer.o
    0x00004366   0x00004366   0x0000005c   Code   RO          353    .text.TIMER_ChnOutInit  mdr32f9qx_timer.o
    0x000043c2   0x000043c2   0x0000002e   Code   RO          355    .text.TIMER_ChnOutStructInit  mdr32f9qx_timer.o
    0x000043f0   0x000043f0   0x0000003a   Code   RO          319    .text.TIMER_ChnStructInit  mdr32f9qx_timer.o
    0x0000442a   0x0000442a   0x00000014   Code   RO          379    .text.TIMER_ClearFlag  mdr32f9qx_timer.o
    0x0000443e   0x0000443e   0x00000034   Code   RO          283    .text.TIMER_Cmd     mdr32f9qx_timer.o
    0x00004472   0x00004472   0x00000058   Code   RO          279    .text.TIMER_CntInit  mdr32f9qx_timer.o
    0x000044ca   0x000044ca   0x0000003a   Code   RO          281    .text.TIMER_CntStructInit  mdr32f9qx_timer.o
    0x00004504   0x00004504   0x00000036   Code   RO          383    .text.TIMER_ITConfig  mdr32f9qx_timer.o
    0x0000453a   0x0000453a   0x00000020   Code   RO          321    .text.TIMER_SetChnCompare  mdr32f9qx_timer.o
    0x0000455a   0x0000455a   0x00000002   PAD
    0x0000455c   0x0000455c   0x000000ac   Code   RO           57    .text.UART1_IRQHandler  uart.o
    0x00004608   0x00004608   0x00000058   Code   RO           51    .text.UARTInit      uart.o
    0x00004660   0x00004660   0x00000068   Code   RO          428    .text.UART_BRGInit  mdr32f9qx_uart.o
    0x000046c8   0x000046c8   0x00000014   Code   RO          410    .text.UART_ClearITPendingBit  mdr32f9qx_uart.o
    0x000046dc   0x000046dc   0x00000030   Code   RO          402    .text.UART_Cmd      mdr32f9qx_uart.o
    0x0000470c   0x0000470c   0x0000002a   Code   RO          426    .text.UART_GetFlagStatus  mdr32f9qx_uart.o
    0x00004736   0x00004736   0x0000002a   Code   RO          408    .text.UART_GetITStatusMasked  mdr32f9qx_uart.o
    0x00004760   0x00004760   0x0000002e   Code   RO          404    .text.UART_ITConfig  mdr32f9qx_uart.o
    0x0000478e   0x0000478e   0x00000002   PAD
    0x00004790   0x00004790   0x00000104   Code   RO          398    .text.UART_Init     mdr32f9qx_uart.o
    0x00004894   0x00004894   0x0000000e   Code   RO          418    .text.UART_ReceiveData  mdr32f9qx_uart.o
    0x000048a2   0x000048a2   0x00000002   PAD
    0x000048a4   0x000048a4   0x0000001c   Code   RO          416    .text.UART_SendData  mdr32f9qx_uart.o
    0x000048c0   0x000048c0   0x00000050   Code   RO           55    .text.UART_send_string  uart.o
    0x00004910   0x00004910   0x00000028   Code   RO           34    .text.__NVIC_EnableIRQ  timer.o
    0x00004938   0x00004938   0x0000002c   Code   RO           53    .text.__NVIC_EnableIRQ  uart.o
    0x00004964   0x00004964   0x00000084   Code   RO           36    .text.__NVIC_SetPriority  timer.o
    0x000049e8   0x000049e8   0x00000020   Code   RO            2    .text.main          main.o
    0x00004a08   0x00004a08   0x00000030   Code   RO          673    i.__ARM_common_ll_muluu  c_p.l(btod.o)
    0x00004a38   0x00004a38   0x0000002c   Code   RO          707    i.__ARM_fpclassify  m_ps.l(fpclassify.o)
    0x00004a64   0x00004a64   0x00000014   Code   RO          852    i.__mathlib_dbl_overflow  m_ps.l(dunder.o)
    0x00004a78   0x00004a78   0x00000014   Code   RO          854    i.__mathlib_dbl_underflow  m_ps.l(dunder.o)
    0x00004a8c   0x00004a8c   0x00000010   Code   RO          709    i.__mathlib_narrow  m_ps.l(narrow.o)
    0x00004a9c   0x00004a9c   0x000000c8   Code   RO          710    i.__mathlib_tofloat  m_ps.l(narrow.o)
    0x00004b64   0x00004b64   0x00000014   Code   RO          823    i.__support_ldexp   m_ps.l(ldexp.o)
    0x00004b78   0x00004b78   0x0000000e   Code   RO          534    i._is_digit         c_p.l(__printf_wp.o)
    0x00004b86   0x00004b86   0x00000002   PAD
    0x00004b88   0x00004b88   0x00000058   Code   RO          794    i.frexp             m_ps.l(frexp.o)
    0x00004be0   0x00004be0   0x00000070   Code   RO          824    i.ldexp             m_ps.l(ldexp.o)
    0x00004c50   0x00004c50   0x0000002c   Code   RO          681    locale$$code        c_p.l(lc_numeric_c.o)
    0x00004c7c   0x00004c7c   0x0000002c   Code   RO          732    locale$$code        c_p.l(lc_ctype_c.o)
    0x00004ca8   0x00004ca8   0x00000064   Code   RO          789    x$fpl$deqf          fz_ps.l(deqf.o)
    0x00004d0c   0x00004d0c   0x00000068   Code   RO          791    x$fpl$drleqf        fz_ps.l(drlef.o)
    0x00004d74   0x00004d74   0x00000010   Code   RO          583    x$fpl$printf1       fz_ps.l(printf1.o)
    0x00004d84   0x00004d84   0x00000010   Code   RO          585    x$fpl$printf2       fz_ps.l(printf2.o)
    0x00004d94   0x00004d94   0x00000010   Code   RO          591    x$fpl$scanf1        fz_ps.l(scanf1.o)
    0x00004da4   0x00004da4   0x00000020   Code   RO          701    x$fpl$scanf2        fz_ps.l(scanf2.o)
    0x00004dc4   0x00004dc4   0x00000000   Code   RO          593    x$fpl$usenofp       fz_ps.l(usenofp.o)
    0x00004dc4   0x00004dc4   0x00000008   Data   RO          493    .constdata          c_p.l(_printf_wctomb.o)
    0x00004dcc   0x00004dcc   0x00000028   Data   RO          522    .constdata          c_p.l(_printf_hex_int_ll_ptr.o)
    0x00004df4   0x00004df4   0x00000011   Data   RO          542    .constdata          c_p.l(__printf_flags_ss_wp.o)
    0x00004e05   0x00004e05   0x00000026   Data   RO          624    .constdata          c_p.l(_printf_fp_hex.o)
    0x00004e2b   0x00004e2b   0x00000001   PAD
    0x00004e2c   0x00004e2c   0x00000094   Data   RO          669    .constdata          c_p.l(bigflt0.o)
    0x00004ec0   0x00004ec0   0x00000003   Data   RO           59    .rodata.str1.1      uart.o
    0x00004ec3   0x00004ec3   0x00000038   Data   RO           85    .rodata.str1.1      data_interface.o
    0x00004efb   0x00004efb   0x00000001   PAD
    0x00004efc   0x00004efc   0x00000020   Data   RO          914    Region$$Table       anon$$obj.o
    0x00004f1c   0x00004f1c   0x00000008   Data   RO          695    c$$dinf             fz_ps.l(fpconst.o)
    0x00004f24   0x00004f24   0x00000008   Data   RO          698    c$$dmax             fz_ps.l(fpconst.o)
    0x00004f2c   0x00004f2c   0x0000001c   Data   RO          680    locale$$data        c_p.l(lc_numeric_c.o)
    0x00004f48   0x00004f48   0x00000110   Data   RO          731    locale$$data        c_p.l(lc_ctype_c.o)


    Execution Region ER_RW (Exec base: 0x20000000, Load base: 0x00005058, Size: 0x00000008, Max: 0xffffffff, ABSOLUTE)

    Exec Addr    Load Addr    Size         Type   Attr      Idx    E Section Name        Object

    0x20000000   0x00005058   0x00000004   Data   RW           86    .data.PLC_SerialNumber  data_interface.o
    0x20000004   0x0000505c   0x00000004   Data   RW          108    .data.SystemCoreClock  system_mdr1986be4.o


    Execution Region ER_ZI (Exec base: 0x20000008, Load base: 0x00005060, Size: 0x000015b8, Max: 0xffffffff, ABSOLUTE)

    Exec Addr    Load Addr    Size         Type   Attr      Idx    E Section Name        Object

    0x20000008        -       0x00000060   Zero   RW          716    .bss                c_p.l(libspace.o)
    0x20000068        -       0x0000001c   Zero   RW           21    .bss.ADC            adc.o
    0x20000084        -       0x0000002c   Zero   RW           22    .bss.ADC3           adc.o
    0x200000b0        -       0x00000018   Zero   RW           40    .bss.TIMERInitStruct  timer.o
    0x200000c8        -       0x000000c8   Zero   RW           60    .bss.rx_data        uart.o
    0x20000190        -       0x00000001   Zero   RW           61    .bss.rx_data_size   uart.o
    0x20000191   0x00005060   0x00000001   PAD
    0x20000192        -       0x00000018   Zero   RW           41    .bss.sTIM_ChnInit   timer.o
    0x200001aa        -       0x00000014   Zero   RW           42    .bss.sTIM_ChnOutInit  timer.o
    0x200001be   0x00005060   0x00000002   PAD
    0x200001c0        -       0x00001000   Zero   RW           95    HEAP                startup_mdr1986be4.o
    0x200011c0        -       0x00000400   Zero   RW           94    STACK               startup_mdr1986be4.o


==============================================================================

Image component sizes


      Code (inc. data)   RO Data    RW Data    ZI Data      Debug   Object Name

        80          8          0          0         72       3537   adc.o
      1740         80         56          4          0       3833   data_interface.o
        32          0          0          0          0        331   main.o
       372         32          0          0          0       6612   mdr32f9qx_adc.o
       592         16          0          0          0       4685   mdr32f9qx_port.o
       700         20          0          0          0       9443   mdr32f9qx_rst_clk.o
       738         12          0          0          0      15621   mdr32f9qx_timer.o
       604         20          0          0          0       5803   mdr32f9qx_uart.o
       200          8          0          0          0       2373   ports.o
       100         26        156          0       5120       1624   startup_mdr1986be4.o
       268         44          0          4          0       1506   system_mdr1986be4.o
       400         36          0          0         68       4889   timer.o
       384         20          3          0        201       3387   uart.o

    ----------------------------------------------------------------------
      6216        322        248          8       5464      63644   Object Totals
         0          0         32          0          0          0   (incl. Generated)
         6          0          1          0          3          0   (incl. Padding)

    ----------------------------------------------------------------------

      Code (inc. data)   RO Data    RW Data    ZI Data      Debug   Library Member Name

         8          0          0          0          0         68   __main.o
       392          6         17          0          0         76   __printf_flags_ss_wp.o
        14          0          0          0          0         60   __printf_wp.o
         0          0          0          0          0          0   __rtentry.o
        12          0          0          0          0          0   __rtentry2.o
         6          0          0          0          0          0   __rtentry4.o
        60          8          0          0          0          0   __scatter.o
        26          0          0          0          0          0   __scatter_copy.o
        28          0          0          0          0          0   __scatter_zi.o
        66          0          0          0          0         76   _c16rtomb.o
        30          0          0          0          0         60   _chval.o
        66          0          0          0          0         76   _mbrtoc16.o
        10          0          0          0          0          0   _printf_a.o
        10          0          0          0          0          0   _printf_c.o
        46          0          0          0          0        100   _printf_char.o
        48          6          0          0          0         88   _printf_char_common.o
        38          0          0          0          0         60   _printf_charcount.o
        10          0          0          0          0          0   _printf_d.o
       108         18          0          0          0         76   _printf_dec.o
        10          0          0          0          0          0   _printf_e.o
        10          0          0          0          0          0   _printf_f.o
      1044         12          0          0          0        116   _printf_fp_dec.o
       728         10         38          0          0         84   _printf_fp_hex.o
       136         16          0          0          0         76   _printf_fp_infnan.o
        10          0          0          0          0          0   _printf_g.o
       152          4         40          0          0        148   _printf_hex_int_ll_ptr.o
        10          0          0          0          0          0   _printf_i.o
       176          0          0          0          0         84   _printf_intcommon.o
        10          0          0          0          0          0   _printf_l.o
        10          0          0          0          0          0   _printf_lc.o
        10          0          0          0          0          0   _printf_ll.o
        10          0          0          0          0          0   _printf_lld.o
        10          0          0          0          0          0   _printf_lli.o
        10          0          0          0          0          0   _printf_llo.o
        10          0          0          0          0          0   _printf_llu.o
        10          0          0          0          0          0   _printf_llx.o
       112         18          0          0          0         76   _printf_longlong_dec.o
        10          0          0          0          0          0   _printf_ls.o
        10          0          0          0          0          0   _printf_n.o
        10          0          0          0          0          0   _printf_o.o
       112         10          0          0          0        112   _printf_oct_int_ll.o
        10          0          0          0          0          0   _printf_p.o
        78          0          0          0          0        100   _printf_pad.o
         2          0          0          0          0          0   _printf_percent.o
         4          0          0          0          0          0   _printf_percent_end.o
        10          0          0          0          0          0   _printf_s.o
        82          0          0          0          0         72   _printf_str.o
        36          0          0          0          0         76   _printf_truncate.o
        10          0          0          0          0          0   _printf_u.o
        46          0          0          0          0        100   _printf_wchar.o
       188          6          8          0          0         80   _printf_wctomb.o
        10          0          0          0          0          0   _printf_x.o
        22          0          0          0          0         92   _rserrno.o
       896         16          0          0          0         84   _scanf.o
       330          0          0          0          0         84   _scanf_int.o
       330          0          0          0          0         84   _scanf_longlong.o
       286          0          0          0          0         84   _scanf_mbtowc.o
       232          0          0          0          0         84   _scanf_str.o
        32          0          0          0          0         68   _scanf_wcharmap.o
       230          0          0          0          0         84   _scanf_wctomb.o
       208          0          0          0          0         84   _scanf_wstr.o
        68          0          0          0          0         76   _sgetc.o
        10          0          0          0          0         60   _sputc.o
       364          4          0          0          0         92   aeabi_sdiv.o
       216          6        148          0          0         80   bigflt0.o
      1456         30          0          0          0        336   btod.o
        16          0          0          0          0         68   exit.o
         6          0          0          0          0        136   heapauxi.o
         0          0          0          0          0          0   indicate_semi.o
        18          0          0          0          0         68   isspace.o
        44         10        272          0          0         76   lc_ctype_c.o
        44         10         28          0          0         76   lc_numeric_c.o
         2          0          0          0          0          0   libinit.o
        30          0          0          0          0          0   libinit2.o
         2          0          0          0          0          0   libshutdown.o
         2          0          0          0          0          0   libshutdown2.o
         8          4          0          0         96         68   libspace.o
        48          0          0          0          0         72   llmul.o
        32          0          0          0          0         68   llshl.o
       122          0          0          0          0         72   lludiv10.o
        16          4          0          0          0         76   rt_ctype_table.o
         8          4          0          0          0         68   rt_errno_addr_intlibspace.o
         8          4          0          0          0         68   rt_locale_intlibspace.o
        64          0          0          0          0        108   rt_memclr.o
         2          0          0          0          0          0   rtexit.o
        10          0          0          0          0          0   rtexit2.o
        40          0          0          0          0         60   rtudiv10.o
        48          8          0          0          0         84   scanf_char.o
      1312         26          0          0          0        124   scanf_fp.o
       820         14          0          0          0         84   scanf_hexfp.o
       316         16          0          0          0         84   scanf_infnan.o
        44          4          0          0          0         84   sprintf.o
        64         10          0          0          0         84   sscanf.o
        24          0          0          0          0         60   strcat.o
       136          4          0          0          0         72   strcmp.o
        68          6          0          0          0         72   strlen.o
        12          4          0          0          0         60   sys_exit.o
        62          0          0          0          0         80   sys_stackheap_outer.o
         2          0          0          0          0         68   use_no_semi.o
        46          0          0          0          0         60   cmpret.o
       124          4          0          0          0         72   d2f.o
       160          6          0          0          0         76   dcmpin.o
       100          4          0          0          0         92   deqf.o
        20          6          0          0          0         68   dnan2.o
       104          4          0          0          0        104   drlef.o
        96         12          0          0          0         72   dscalbn.o
         0          0         16          0          0          0   fpconst.o
        16          4          0          0          0         76   printf1.o
        16          4          0          0          0         76   printf2.o
        94          0          0          0          0         68   retnan.o
        16          4          0          0          0         76   scanf1.o
        32          8          0          0          0        100   scanf2.o
         0          0          0          0          0          0   usenofp.o
        40         10          0          0          0        136   dunder.o
        44          4          0          0          0         60   fpclassify.o
        88         16          0          0          0         72   frexp.o
       132          0          0          0          0        140   ldexp.o
       216         10          0          0          0        144   narrow.o

    ----------------------------------------------------------------------
     13536        394        568          0         96       6788   Library Totals
        18          0          1          0          0          0   (incl. Padding)

    ----------------------------------------------------------------------

      Code (inc. data)   RO Data    RW Data    ZI Data      Debug   Library Name

     12174        298        551          0         96       5296   c_p.l
       824         56         16          0          0        940   fz_ps.l
       520         40          0          0          0        552   m_ps.l

    ----------------------------------------------------------------------
     13536        394        568          0         96       6788   Library Totals

    ----------------------------------------------------------------------

==============================================================================


      Code (inc. data)   RO Data    RW Data    ZI Data      Debug   

     19752        716        816          8       5560      66680   Grand Totals
     19752        716        816          8       5560      66680   ELF Image Totals
     19752        716        816          8          0          0   ROM Totals

==============================================================================

    Total RO  Size (Code + RO Data)                20568 (  20.09kB)
    Total RW  Size (RW Data + ZI Data)              5568 (   5.44kB)
    Total ROM Size (Code + RO Data + RW Data)      20576 (  20.09kB)

==============================================================================

